06-23 13:02:08.993  7333  7333 I AppWidgetHost: updateAppWidgetView, appWidgetId = 2, v = com.android.launcher3.widget.LauncherAppWidgetHostView{9f63132 VFE....LX R....... 0,706-1002,1053 #2}[a=1.0,v=0][c(0,2-4,3),id=2]
06-23 13:02:08.994  7333  7333 W LauncherAppWidgetHostView: updateAppWidget, widgetId : 2, mReinflateOnConfigChange : false
06-23 13:02:09.009  1128  1195 I VSyncReactor: Current= 60, TransitioningTo= 60, hwcPeriod= 60, Distance= 0
06-23 13:02:09.012  7333  7333 W NavigableAppWidgetHostView: setResizeScaleResult() 1002/ 347 scaleToResize = 1.0(widget id = 2) 9f63132 0,706-1002,1053
06-23 13:02:09.013  7333  7333 W NavigableAppWidgetHostView: setResizeScaleResult() 1002/ 347 scaleToResize = 1.0(widget id = 3) f53ee19 0,1059-1002,1406
06-23 13:02:09.026  1128  1128 D SurfaceFlinger: GPIS:: requestGPIS
06-23 13:02:09.031  1396  6535 I bauth_FPBAuthService: pcf : 0x1012, 0 ,3 ,0 ,0 ,0 ,0, 7.0.0.0
06-23 13:02:09.031  1396  6535 I bauth_FPBAuthService: thread id : 3, preenroll_flag : 0, nd cnt : 0, cso : 0, et : 0
06-23 13:02:09.031  1396  6535 I bauth_FPBAuthService: FPBAuthService, 11511
06-23 13:02:09.331  1019 19616 I HYPER-HAL: [RequestManager.cpp]releaseLocked(): Released ID : 34832048
06-23 13:02:09.546  1271  2072 D InputReader: Btn_touch(10): value=1 when=82377.257483
06-23 13:02:09.547  1271  2072 I InputReader: Touch event's action is 0x0 (id=3, t=0) [pCnt=1, s=0.25431 ] when=82377.257483
06-23 13:02:09.548  1271  2071 I InputDispatcher: Delivering touch to (6583): action: 0x4, f=0x0, d=0, '20b4777', t=1 
06-23 13:02:09.548  1271  2071 I InputDispatcher: Delivering touch to (7333): action: 0x0, f=0x0, d=0, '6a74475', t=1 *(0.75)
06-23 13:02:09.548  1271  2071 D PowerManagerService: [api] userActivityFromNative :  (event: 2 flags: 0 displayId: 0) eventTime = 82377257
06-23 13:02:09.548  7333  7333 I ViewRootImpl@d29368c[LauncherActivity]: ViewPostIme pointer 0
06-23 13:02:09.548  7333  7333 W BaseDragLayer: dispatchTouchEvent, ACTION_DOWN - mTouchDispatchState = 9
06-23 13:02:09.549  7333  7333 W BaseDragLayer: findActiveController return false mTouchDispatchState = 9
06-23 13:02:09.549  7333  7333 W AppStartUtils: sendActiveLaunchBroadcast() id : 113
06-23 13:02:09.549  1271  1568 I GestureDetector: obtain mCurrentDownEvent. id: 602735492 caller: com.android.server.wm.SystemGesturesPointerEventListener.onPointerEvent:203 com.android.server.wm.PointerEventDispatcher.onInputEvent:53 android.view.InputEventReceiver.dispatchInputEvent:285 
06-23 13:02:09.550  1271  1568 I GestureDetector: obtain mCurrentDownEvent. id: 602735492 caller: com.android.server.wm.SystemPerformancePointerEventListener.onPointerEvent:89 com.android.server.wm.PointerEventDispatcher.onInputEvent:53 android.view.InputEventReceiver.dispatchInputEvent:285 
06-23 13:02:09.551  1271  6575 I Pageboost: start alp : com.anotherme.app
06-23 13:02:09.551  1271  6575 D ActivityTaskManager: Checking for the Active launch isPkgEverLaunched :true, isPkgStopped : false, isDataCleared :false, isAutoRunBlocked : false
06-23 13:02:09.551  1271  6584 I Pageboost: alp for : com.anotherme.app , 0
06-23 13:02:09.551  1271  6575 W ContextImpl: Calling a method in the system process without a qualified user: android.app.ContextImpl.startActivity:1127 com.android.server.wm.ActivityTaskManagerService$ActiveLaunchReceiver.onReceive:1339 android.app.LoadedApk$ReceiverDispatcher$Args.lambda$getRunnable$0$android-app-LoadedApk$ReceiverDispatcher$Args:1919 android.app.LoadedApk$ReceiverDispatcher$Args$$ExternalSyntheticLambda0.run:2 android.os.Handler.handleCallback:942 
06-23 13:02:09.551  1271  6575 D ActivityTaskManager: startActivityAsUser: callingPid=1271, callingUid=1000, caller=com.android.server.wm.ActivityTaskManagerService.startActivityAsUser:1816 com.android.server.wm.ActivityTaskManagerService.startActivity:1767 android.app.Instrumentation.execStartActivity:1801 android.app.ContextImpl.startActivity:1145 com.android.server.wm.ActivityTaskManagerService$ActiveLaunchReceiver.onReceive:1339 android.app.LoadedApk$ReceiverDispatcher$Args.lambda$getRunnable$0$android-app-LoadedApk$ReceiverDispatcher$Args:1919 android.app.LoadedApk$ReceiverDispatcher$Args$$ExternalSyntheticLambda0.run:2 
06-23 13:02:09.551  7919 19622 E pageboostd: alp start : app comanothermeapp
06-23 13:02:09.552  1271  6575 D ActivityTaskManager: SafeActivityOptions created, mOriginalCallingPid=1271, mOriginalCallingUid=1000, options=ActivityOptions(38367888), mPackageName=null, mAnimationType=-1, mStartX=0, mStartY=0, mWidth=0, mHeight=0, caller=com.android.server.wm.SafeActivityOptions.fromBundle:82 com.android.server.wm.ActivityStarter.setActivityOptions:4708 com.android.server.wm.ActivityTaskManagerService.startActivityAsUser:1941 com.android.server.wm.ActivityTaskManagerService.startActivityAsUser:1816 com.android.server.wm.ActivityTaskManagerService.startActivity:1767 android.app.Instrumentation.execStartActivity:1801 android.app.ContextImpl.startActivity:1145 
06-23 13:02:09.553  8329  8329 I SemDvfsHyPerManager: acquire hyper - TABoost/8329@17, type = 1090523139
06-23 13:02:09.554  1019  1055 I HYPER-HAL: [RequestManager.cpp]acquire(): Acquired ID : 34832048  [8329 / 17]    HINT :      list : [TABoost / 30] [TIMEOUT / 1500] 
06-23 13:02:09.554  1271  1570 I ChimeraSystemEventListener: appLaunchIntent package name is: com.anotherme.app
06-23 13:02:09.554  1271  6575 D ActivityTaskManager: request preloading for newly launching app
06-23 13:02:09.554  1271  6575 E ActivityTaskManager: TouchDown intent received, starting ActiveLaunch
06-23 13:02:09.554  1271  6575 D ActivityTaskManager: starting Active launch
06-23 13:02:09.555  1271  1570 D CompatibilityChangeReporter: Compat change id reported: 135634846; UID 10363; state: DISABLED
06-23 13:02:09.555  1271  1570 D CompatibilityChangeReporter: Compat change id reported: 177438394; UID 10363; state: DISABLED
06-23 13:02:09.555  1271  1570 D CompatibilityChangeReporter: Compat change id reported: 135772972; UID 10363; state: DISABLED
06-23 13:02:09.555  1271  1570 D CompatibilityChangeReporter: Compat change id reported: 135754954; UID 10363; state: ENABLED
06-23 13:02:09.555  1271  1636 D CompatibilityChangeReporter: Compat change id reported: 143937733; UID 10363; state: ENABLED
06-23 13:02:09.557  7919 19622 E pageboostd: comanothermeapp, amt 87066240 scnt 6 fcnt 0
06-23 13:02:09.562  7919 19622 E pageboostd: comanothermeapp, amt 53043200 scnt 21 fcnt 13
06-23 13:02:09.562  7919 19622 E pageboostd: alp end : app comanothermeapp data_amount 140109440
06-23 13:02:09.565  1271  1568 I GestureDetector: obtain mCurrentMotionEventRaw. action: 2 id: 644944845
06-23 13:02:09.565  1271  1568 I GestureDetector: obtain mCurrentMotionEventRaw. action: 2 id: 644944845
06-23 13:02:09.566  6583  6666 D ShellStartingWindow: preload Icon com.anotherme.app
06-23 13:02:09.566   925   925 D Zygote  : Forked child process 19624
06-23 13:02:09.567  1271  1636 I ActivityManager: Start proc 19624:com.anotherme.app/u0a363 for activelaunch {com.anotherme.app/com.anotherme.app.MainActivity}
06-23 13:02:09.574  7333  7333 W BaseDragLayer: findActiveController return false mTouchDispatchState = 9
06-23 13:02:09.580 19624 19624 I m.anotherme.app: Using CollectorTypeCC GC.
06-23 13:02:09.583 19624 19624 E m.anotherme.app: Not starting debugger since process cannot load the jdwp agent.
06-23 13:02:09.587 19624 19624 D ActivityThread: setConscryptValidator
06-23 13:02:09.587 19624 19624 D ActivityThread: setConscryptValidator - put
06-23 13:02:09.591  1271  7361 D CompatibilityChangeReporter: Compat change id reported: 168419799; UID 10363; state: DISABLED
06-23 13:02:09.591  1271  7361 I ActivityManager: DSS OFF for com.anotherme.app
06-23 13:02:09.595 19624 19624 D CompatibilityChangeReporter: Compat change id reported: 171979766; UID 10363; state: ENABLED
06-23 13:02:09.595  1118  1176 I heimdall: insert_task_to_group:67, insert tgid 19624 to group com.anotherme.app, ret = 0
06-23 13:02:09.599 19624 19624 D nativeloader: Configuring classloader-namespace for other apk /data/app/~~Y3H9mVBH0BZf4JA-0JEJsw==/com.anotherme.app-RbyeFy1m1h3ziUQF_fBz9w==/base.apk. target_sdk_version=36, uses_libraries=, library_path=/data/app/~~Y3H9mVBH0BZf4JA-0JEJsw==/com.anotherme.app-RbyeFy1m1h3ziUQF_fBz9w==/lib/arm64:/data/app/~~Y3H9mVBH0BZf4JA-0JEJsw==/com.anotherme.app-RbyeFy1m1h3ziUQF_fBz9w==/base.apk!/lib/arm64-v8a, permitted_path=/data:/mnt/expand:/data/user/0/com.anotherme.app
06-23 13:02:09.605 19624 19624 V GraphicsEnvironment: ANGLE Developer option for 'com.anotherme.app' set to: 'default'
06-23 13:02:09.605 19624 19624 V GraphicsEnvironment: ANGLE GameManagerService for com.anotherme.app: false
06-23 13:02:09.605 19624 19624 V GraphicsEnvironment: App is not on the allowlist for updatable production driver.
06-23 13:02:09.607 19624 19624 D NetworkSecurityConfig: No Network Security Config specified, using platform default
06-23 13:02:09.607  7333  7333 W BaseDragLayer: findActiveController return false mTouchDispatchState = 9
06-23 13:02:09.608 19624 19624 D NetworkSecurityConfig: No Network Security Config specified, using platform default
06-23 13:02:09.615   711   711 D io_stats: !@   8,0 r 1944605 56371992 w 2494069 75261140 d 883969 48477968 f 0 0 iot 1341420 0 th 0 0 0 pt 0 inp 0 0 82377.326
06-23 13:02:09.622 19624 19624 D CompatibilityChangeReporter: Compat change id reported: 183155436; UID 10363; state: ENABLED
06-23 13:02:09.624  7333  7333 W BaseDragLayer: findActiveController return false mTouchDispatchState = 9
06-23 13:02:09.624 19624 19624 I FirebaseApp: Device unlocked: initializing all Firebase APIs for app [DEFAULT]
06-23 13:02:09.627 19624 19624 I FirebaseInitProvider: FirebaseApp initialization successful
06-23 13:02:09.627 19624 19624 D ReactNativeFirebaseApp: received application context.
06-23 13:02:09.631 19624 19624 D WM-WrkMgrInitializer: Initializing WorkManager with default configuration.
06-23 13:02:09.633  1271  8729 D PackageManager: setEnabledSetting : userId = 0 packageName = com.anotherme.app cmp = androidx.work.impl.background.systemjob.SystemJobService newState = 1 callingPackage = 10363/com.anotherme.app
06-23 13:02:09.634  1271  8729 D ApplicationPolicy: getApplicationStateEnabled : pkg = com.anotherme.app userId : 0
06-23 13:02:09.634  1271  8729 D ApplicationPolicy: getApplicationComponentState : pkg = com.anotherme.app userId : 0
06-23 13:02:09.637 19624 19624 D NOTIFEE : (context): received application context
06-23 13:02:09.638  1271  8729 I GenerationRegistry: mBackingStore.isClosed() : false
06-23 13:02:09.639 19624 19624 W SoLoader: Initializing SoLoader: 0
06-23 13:02:09.640 19624 19624 W SoLoader: Recording new base apk path: /data/app/~~Y3H9mVBH0BZf4JA-0JEJsw==/com.anotherme.app-RbyeFy1m1h3ziUQF_fBz9w==/base.apk
06-23 13:02:09.640 19624 19624 W SoLoader: Previously recorded 0 base apk paths.
06-23 13:02:09.640 19624 19624 I SoLoader: Preparing SO source: DirectorySoSource[root = /vendor/lib64 flags = 2]
06-23 13:02:09.640 19624 19624 I SoLoader: Preparing SO source: DirectorySoSource[root = /system/lib64 flags = 2]
06-23 13:02:09.640 19624 19624 I SoLoader: Preparing SO source: DirectApkSoSource[root = [/data/app/~~Y3H9mVBH0BZf4JA-0JEJsw==/com.anotherme.app-RbyeFy1m1h3ziUQF_fBz9w==/base.apk!/lib/arm64-v8a]]
06-23 13:02:09.640  7333  7333 W BaseDragLayer: findActiveController return false mTouchDispatchState = 9
06-23 13:02:09.643  1271  2072 D InputReader: Btn_touch(10): value=0 when=82377.354840
06-23 13:02:09.643  1271  2072 I InputReader: Touch event's action is 0x1 (id=3, t=0) [pCnt=1, s=] when=82377.354840
06-23 13:02:09.643  1271  2071 I InputDispatcher: Delivering touch to (7333): action: 0x1, f=0x0, d=0, '6a74475', t=1 *(0.75)
06-23 13:02:09.644  7333  7333 W BaseDragLayer: findActiveController return false mTouchDispatchState = 9
06-23 13:02:09.644  7333  7333 I ViewRootImpl@d29368c[LauncherActivity]: ViewPostIme pointer 1
06-23 13:02:09.644  7333  7333 W BaseDragLayer: findActiveController return false mTouchDispatchState = 0
06-23 13:02:09.645  7333  7333 W ItemClickHandler: Icon Clicked
06-23 13:02:09.645  7333  7333 I DvfsUtil: acquireAppLaunch(intent)
06-23 13:02:09.645  7333  7333 I SemDvfsHyPerManager: acquire hyper - APP_LAUNCH/7333@0, type = -999
06-23 13:02:09.645  1019  1055 I HYPER-HAL: [RequestManager.cpp]acquire(): Acquired ID : 26890111  [7333 / 0]    HINT : APP_LAUNCH    list : 
06-23 13:02:09.646  1019  1055 I HYPER-HAL: [ResourceManager.cpp]updateResource(): [CPULittleMinFreq] UpdateResource Request ID : 26890111    Value : 1804800
06-23 13:02:09.646  8329  8329 I SemDvfsHyPerManager: acquire hyper - APP_START_SHORT/8329@12, type = -999
06-23 13:02:09.647 19624 19624 I SoLoader: Preparing SO source: ApplicationSoSource[DirectorySoSource[root = /data/app/~~Y3H9mVBH0BZf4JA-0JEJsw==/com.anotherme.app-RbyeFy1m1h3ziUQF_fBz9w==/lib/arm64 flags = 0]]
06-23 13:02:09.647 19624 19624 I SoLoader: init finish: 4 SO sources prepared
06-23 13:02:09.647 19624 19624 W SoLoader: SoLoader initialized: 8
06-23 13:02:09.648 19624 19648 D CompatibilityChangeReporter: Compat change id reported: 160794467; UID 10363; state: ENABLED
06-23 13:02:09.648  1271  7361 D ActivityTaskManager: startActivityAsUser: callingPid=7333, callingUid=10138, caller=com.android.server.wm.ActivityTaskManagerService.startActivityAsUser:1816 com.android.server.wm.ActivityTaskManagerService.startActivity:1767 android.app.IActivityTaskManager$Stub.onTransact:1244 com.android.server.wm.ActivityTaskManagerService.onTransact:6599 android.os.Binder.execTransactInternal:1316 android.os.Binder.execTransact:1280 <bottom of call stack> 
06-23 13:02:09.648  1271  7361 D ActivityTaskManager: SafeActivityOptions created, mOriginalCallingPid=7333, mOriginalCallingUid=10138, options=ActivityOptions(34688971), mPackageName=null, mAnimationType=13, mStartX=0, mStartY=0, mWidth=0, mHeight=0, caller=com.android.server.wm.SafeActivityOptions.fromBundle:82 com.android.server.wm.ActivityStarter.setActivityOptions:4708 com.android.server.wm.ActivityTaskManagerService.startActivityAsUser:1941 com.android.server.wm.ActivityTaskManagerService.startActivityAsUser:1816 com.android.server.wm.ActivityTaskManagerService.startActivity:1767 android.app.IActivityTaskManager$Stub.onTransact:1244 com.android.server.wm.ActivityTaskManagerService.onTransact:6599 
06-23 13:02:09.648  1271  1570 I ChimeraSystemEventListener: appLaunchIntent package name is: com.anotherme.app
06-23 13:02:09.648  1271  7361 D CompatibilityChangeReporter: Compat change id reported: 161252188; UID 10363; state: DISABLED
06-23 13:02:09.648  1271  7361 I Pageboost: onAppLaunch : com.anotherme.app
06-23 13:02:09.649  1271  7361 I ActivityTaskManager: START u0 {act=android.intent.action.MAIN cat=[android.intent.category.LAUNCHER] flg=0x10200000 cmp=com.anotherme.app/.MainActivity bnds=[39,1783][285,2150]} from uid 10138
06-23 13:02:09.649  1271  7361 D CompatibilityChangeReporter: Compat change id reported: 194480991; UID 10363; state: ENABLED
06-23 13:02:09.650  1271  7361 D ActivityTaskManager: TaskLaunchParamsModifier:task=null activity=ActivityRecord{9f9a666 u0 com.anotherme.app/.MainActivity} display-from-option=0 display-id=0 display-windowing-mode=1 suggested-display-area=DefaultTaskDisplayArea@27168242
06-23 13:02:09.650  1271  7361 D [secipm]: mSecIpmManager Preload com.anotherme.app dex files
06-23 13:02:09.650  1271  7361 D ActivityTaskManager: TaskLaunchParamsModifier:task=null activity=ActivityRecord{9f9a666 u0 com.anotherme.app/.MainActivity} t-1} display-from-option=0 display-id=0 display-windowing-mode=1 suggested-display-area=DefaultTaskDisplayArea@27168242 inherit-from-source=fullscreen activity-options-fullscreen=Rect(0, 0 - 0, 0) non-freeform-display display-area=DefaultTaskDisplayArea@27168242 maximized-bounds
06-23 13:02:09.650  1271  7309 I SemDvfsHyPerManager: acquire hyper - AMS_APP_SWITCH/1271@17, type = -999
06-23 13:02:09.651  1019  1055 I HYPER-HAL: [ResourceManager.cpp]updateResource(): [CPUMinFreq] UpdateResource Request ID : 26890111    Value : 2841600
06-23 13:02:09.651  1019  1055 I HYPER-HAL: [RequestManager.cpp]acquire(): Acquired ID : 34790323  [8329 / 12]    HINT : APP_START    list : [TIMEOUT / 1500] 
06-23 13:02:09.651  1271  6584 I Pageboost: stop alp by timeout
06-23 13:02:09.651  7919  7919 E pageboostd: Received HALT command code 2
06-23 13:02:09.651  1128  7294 I SurfaceFlinger: id=40891 createSurf, flag=24004, Task=457#40891
06-23 13:02:09.651  1019  1055 I HYPER-HAL: [ResourceManager.cpp]updateResource(): [CPUMaxFreq] UpdateResource Request ID : 34790323    Value : 2841600
06-23 13:02:09.651  1271  7309 D ActivityManagerPerformance: AMP_acquire() APP_SWITCH
06-23 13:02:09.652  1019  1055 I HYPER-HAL: [RequestManager.cpp]acquire(): Acquired ID : 830133  [1271 / 17]    HINT : AMS_APP_SWITCH    list : 
06-23 13:02:09.652  8329  8329 I SemDvfsHyPerManager: acquire hyper - APP_START_SHORT/8329@12, type = -999
06-23 13:02:09.652  1019  1055 I HYPER-HAL: [ResourceManager.cpp]updateResource(): [CPULittleMinFreq] UpdateResource Request ID : 830133    Value : 1804800
06-23 13:02:09.652  1271  7361 D ActivityTaskManager: TaskLaunchParamsModifier:task=Task{8e31da7 #457 type=standard A=10363:com.anotherme.app U=0 visible=false visibleRequested=false mode=fullscreen translucent=true sz=0} activity=ActivityRecord{9f9a666 u0 com.anotherme.app/.MainActivity} t-1} display-from-option=0 display-id=0 display-windowing-mode=1 suggested-display-area=DefaultTaskDisplayArea@27168242 inherit-from-source=fullscreen activity-options-fullscreen=Rect(0, 0 - 0, 0) non-freeform-display display-area=DefaultTaskDisplayArea@27168242 maximized-bounds
06-23 13:02:09.653  1271  7361 D CompatibilityChangeReporter: Compat change id reported: 174042980; UID 10363; state: DISABLED
06-23 13:02:09.653  7333  7490 I AppIconSolution: getThemeIconWithBG called with public API, pkg = com.anotherme.app, mode = 48
06-23 13:02:09.653  1271  7361 D CompatibilityChangeReporter: Compat change id reported: 184838306; UID 10363; state: DISABLED
06-23 13:02:09.653  1271  7361 D CompatibilityChangeReporter: Compat change id reported: 185004937; UID 10363; state: DISABLED
06-23 13:02:09.653  1271  7361 D CompatibilityChangeReporter: Compat change id reported: 181136395; UID 10363; state: DISABLED
06-23 13:02:09.653  1271  7361 D CompatibilityChangeReporter: Compat change id reported: 174042936; UID 10363; state: DISABLED
06-23 13:02:09.653  1128  7294 I SurfaceFlinger: id=40892 createSurf, flag=80004, ActivityRecord{9f9a666 u0 com.anotherme.app/.MainActivity} t457}#40892
06-23 13:02:09.653  7333  7490 I AppIconSolution: start to load, pkg=com.anotherme.app, bg=192-192, dr=192-192, forDefault=true, density=640
06-23 13:02:09.654  1271  7361 D ActivityTaskManager: scheduleTopResumedActivityChanged, onTop=false r=ActivityRecord{5f7ed63 u0 com.sec.android.app.launcher/.activities.LauncherActivity} t8} caller=com.android.server.wm.ActivityTaskSupervisor.updateTopResumedActivityIfNeeded:2510 com.android.server.wm.TaskDisplayArea.positionChildTaskAt:602 com.android.server.wm.TaskDisplayArea.positionChildAt:537 com.android.server.wm.Task.moveToFrontInner:6053 com.android.server.wm.Task.moveToFront:6019 com.android.server.wm.ActivityStarter.startActivityInner:2924 
06-23 13:02:09.654  7333  7490 I AppIconSolution: getIconScale, pkg=com.anotherme.app, size=192, iconScale=IconScale[alpha=0, scale=1.0, isCrop=true]
06-23 13:02:09.654  1019  1055 I HYPER-HAL: [ResourceManager.cpp]updateResource(): [CPUMinFreq] UpdateResource Request ID : 830133    Value : 2841600
06-23 13:02:09.654  1271  7361 W WindowManager: Prepare app transition: mNextAppTransitionRequests=[TRANSIT_OPEN], mNextAppTransitionFlags=, displayId: 0 Callers=com.android.server.wm.DisplayContent.prepareAppTransition:6493 com.android.server.wm.DisplayContent.prepareAppTransition:6484 com.android.server.wm.Task.startActivityLocked:6595 com.android.server.wm.ActivityStarter.startActivityInner:2980 com.android.server.wm.ActivityStarter.startActivityUnchecked:2470 
06-23 13:02:09.654  1019  1055 I HYPER-HAL: [RequestManager.cpp]acquire(): Acquired ID : 34790323  [8329 / 12]    HINT : APP_START    list : [TIMEOUT / 1500] 
06-23 13:02:09.654  1019  1055 I HYPER-HAL: [ResourceManager.cpp]updateResource(): [CPUMaxFreq] UpdateResource Request ID : 34790323    Value : 2841600
06-23 13:02:09.654  1271  7361 V WindowManager: Checking theme of starting window: 0x7f130226
06-23 13:02:09.654  1271  7361 V WindowManager: Translucent=false Floating=false ShowWallpaper=false Disable=false
06-23 13:02:09.654  1271  7361 D CompatibilityChangeReporter: Compat change id reported: 205907456; UID 10363; state: ENABLED
06-23 13:02:09.654  1271  7361 V WindowManager: Creating SplashScreenStartingData
06-23 13:02:09.655  7333  7490 I AppIconSolution: default container[CROP], pkg=com.anotherme.app, bg=192-192, dr=192-192, isNight = true
06-23 13:02:09.655  1271  7361 D ActivityTaskManager: Add starting com.android.server.wm.ActivityRecord$AddStartingWindow@3e9c2f2: typeParam=143
06-23 13:02:09.655  1271  7361 V WindowManager: Add starting com.android.server.wm.ActivityRecord$AddStartingWindow@3e9c2f2: startingData=com.android.server.wm.SplashScreenStartingData@d19ed43
06-23 13:02:09.655  1271  7361 V WindowManager: Added starting ActivityRecord{9f9a666 u0 com.anotherme.app/.MainActivity} t457}: startingWindow=null startingView=com.android.server.wm.StartingSurfaceController$StartingSurface@f269fc0
06-23 13:02:09.656  7333  7490 I LauncherActivityInfo: packageName: com.anotherme.app, useThemeIcon: false, height: 192, width: 192, density: 640
06-23 13:02:09.657  6583  6666 D ShellStartingWindow: use preloaded icon
06-23 13:02:09.657  1271  7361 D CompatibilityChangeReporter: Compat change id reported: 194833441; UID 10363; state: ENABLED
06-23 13:02:09.657  1271  7361 I Pageboost: stop alp
06-23 13:02:09.657  1271  7361 I SemDvfsHyPerManager: acquire hyper - AMS_APP_LAUNCH/1271@30, type = -999
06-23 13:02:09.657  7919  7919 E pageboostd: Received HALT command code 2
06-23 13:02:09.658  1271  8729 I AppOps  : updateUidProcState uid: 10041 procState: 1 capability:15
06-23 13:02:09.658  1311  1999 I CameraService: onUidStateChanged: uid=10041, procState is changed. (0 -> 1)
06-23 13:02:09.658 19624 19624 D jni_lib_merge: Entering merged library JNI_OnLoad.
06-23 13:02:09.658 19624 19624 D jni_lib_merge: Preparing 12 pre-merged libs (including stub)
06-23 13:02:09.658 19624 19624 D jni_lib_merge: Preparing to register libfabricjni_so.  onload_func: 0x7be18ecedc
06-23 13:02:09.658 19624 19624 D jni_lib_merge: Preparing to register libreact_devsupportjni_so.  onload_func: 0x7be19bdf40
06-23 13:02:09.658 19624 19624 D jni_lib_merge: Preparing to register libreact_featureflagsjni_so.  onload_func: 0x7be19d09f8
06-23 13:02:09.658 19624 19624 D jni_lib_merge: Preparing to register libreact_newarchdefaults_so.  onload_func: 0x7be19f5e30
06-23 13:02:09.658 19624 19624 D jni_lib_merge: Preparing to register libreactnativeblob_so.  onload_func: 0x7be1a885b0
06-23 13:02:09.658 19624 19624 D jni_lib_merge: Preparing to register libreactnativejni_so.  onload_func: 0x7be1aa2b24
06-23 13:02:09.658 19624 19624 D jni_lib_merge: Preparing to register libreactnativejni_common_so.  onload_func: 0x7be1aa9458
06-23 13:02:09.658 19624 19624 D jni_lib_merge: Preparing to register librninstance_so.  onload_func: 0x7be1ac5070
06-23 13:02:09.658 19624 19624 D jni_lib_merge: Preparing to register libturbomodulejsijni_so.  onload_func: 0x7be1b5d1a4
06-23 13:02:09.658 19624 19624 D jni_lib_merge: Preparing to register libuimanagerjni_so.  onload_func: 0x7be1b647e0
06-23 13:02:09.658 19624 19624 D jni_lib_merge: Preparing to register libyoga_so.  onload_func: 0x7be1b6bda4
06-23 13:02:09.658 19624 19624 D jni_lib_merge: About to register 11 actual methods.
06-23 13:02:09.658  6583  6670 D NativeCustomFrequencyManager: [NativeCFMS] BpCustomFrequencyManager::BpCustomFrequencyManager()
06-23 13:02:09.658  1128  1128 D SurfaceFlinger: GPIS:: requestGPIS
06-23 13:02:09.659  1271  2085 D InputTransport: Input channel constructed: 'fb5f7ec', fd=982
06-23 13:02:09.659  1271  2085 D InputTransport: Input channel constructed: 'fb5f7ec', fd=1029
06-23 13:02:09.659  1271  2085 D InputTransport: Input channel constructed: 'fb5f7ec', fd=1031
06-23 13:02:09.659  1019  1055 I HYPER-HAL: [RequestManager.cpp]acquire(): Acquired ID : 846981  [1271 / 30]    HINT : AMS_APP_LAUNCH    list : 
06-23 13:02:09.660  1128  7294 I SurfaceFlinger: id=40893 createSurf, flag=80004, fb5f7ec Splash Screen com.anotherme.app#40893
06-23 13:02:09.660  1019  1055 I HYPER-HAL: [ResourceManager.cpp]updateResource(): [CPULittleMinFreq] UpdateResource Request ID : 846981    Value : 1804800
06-23 13:02:09.660  8329  8329 I SemDvfsHyPerManager: acquire hyper - APP_START/8329@14, type = -999
06-23 13:02:09.660  1271  2085 V WindowManager: addWindow: ActivityRecord{9f9a666 u0 com.anotherme.app/.MainActivity} t457} startingWindow=Window{fb5f7ec u0 Splash Screen com.anotherme.app}
06-23 13:02:09.660  1271  2085 D InputTransport: Input channel destroyed: 'fb5f7ec', fd=1031
06-23 13:02:09.661  6583  6665 D InsetsController: onStateChanged: InsetsState: {mDisplayFrame=Rect(0, 0 - 1080, 2400), mDisplayCutout=DisplayCutout{insets=Rect(0, 78 - 0, 0) waterfall=Insets{left=0, top=0, right=0, bottom=0} boundingRect={Bounds=[Rect(0, 0 - 0, 0), Rect(510, 0 - 570, 78), Rect(0, 0 - 0, 0), Rect(0, 0 - 0, 0)]} cutoutPathParserInfo={CutoutPathParserInfo{displayWidth=1080 displayHeight=2400 physicalDisplayWidth=1080 physicalDisplayHeight=2400 density={3.0} cutoutSpec={M 0,0 H -10 V 26 H 10 V 0 H 0 Z @dp} rotation={0} scale={1.0} physicalPixelDisplaySizeRatio={1.0}}}}, mRoundedCorners=RoundedCorners{[RoundedCorner{position=TopLeft, radius=0, center=Point(0, 0)}, RoundedCorner{position=TopRight, radius=0, center=Point(0, 0)}, RoundedCorner{position=BottomRight, radius=0, center=Point(0, 0)}, RoundedCorner{position=BottomLeft, radius=0, center=Point(0, 0)}]}  mRoundedCornerFrame=Rect(0, 0 - 1080, 2400), mPrivacyIndicatorBounds=PrivacyIndicatorBounds {static bounds=Rect(948, 0 - 1080, 78) rotation=0}, mSources= { InsetsSource: {mType=ITYPE_STATUS_BAR, mFrame=[0,0][1080,78], mVisible=true, mInsetsRoundedCornerFrame=false}, InsetsSource: {mType=ITYPE_NAVIGATION_BAR, mFrame=[0,2256][1080,2400], mVisible=true, mInsetsRoundedCornerFrame=false}, InsetsSource: {mType=ITYPE_LEFT_GESTURES, mFrame=[0,0][0,2400], mVisible=true, mInsetsRoundedCornerFrame=false}, InsetsSource: {mType=ITYPE_RIGHT_GESTURES, mFrame=[1080,0][1080,2400], mVisible=true, mInsetsRoundedCornerFrame=false}, InsetsSource: {mType=ITYPE_TOP_MANDATORY_GESTURES, mFrame=[0,0][1080,114], mVisible=true, mInsetsRoundedCornerFrame=false}, InsetsSource: {mType=ITYPE_BOTTOM_MANDATORY_GESTURES, mFrame=[0,2256][1080,2400], mVisible=true, mInsetsRoundedCornerFrame=false}, InsetsSource: {mType=ITYPE_LEFT_DISPLAY_CUTOUT, mFrame=[0,0][-100000,2400], mVisible=true, mInsetsRoundedCornerFrame=false}, InsetsSource: {mType=ITYPE_TOP_DISPLAY_CUTOUT, mFrame=[0,0][1080,78], mVisible=true, mInsetsRoundedCornerFrame=false}, InsetsSource: {mType=ITYPE_RIGHT_DISPLAY_CUTOUT, mFrame=[100000,0][1080,2400], mVisible=true, mInsetsRoundedCornerFrame=false}, InsetsSource: {mType=ITYPE_BOTTOM_DISPLAY_CUTOUT, mFrame=[0,100000][1080,2400], mVisible=true, mInsetsRoundedCornerFrame=false}, InsetsSource: {mType=ITYPE_TOP_TAPPABLE_ELEMENT, mFrame=[0,0][1080,78], mVisible=true, mInsetsRoundedCornerFrame=false}, InsetsSource: {mType=ITYPE_BOTTOM_TAPPABLE_ELEMENT, mFrame=[0,2256][1080,2400], mVisible=true, mInsetsRoundedCornerFrame=false} } host=Splash Screen com.anotherme.app from=android.view.ViewRootImpl.setView:1732
06-23 13:02:09.661  6583  6665 I ViewRootImpl@6afa916[app]: setView = android.widget.FrameLayout@77540a2 TM=true
06-23 13:02:09.662  1019  1055 I HYPER-HAL: [ResourceManager.cpp]updateResource(): [CPUMinFreq] UpdateResource Request ID : 846981    Value : 2841600
06-23 13:02:09.662  7333  7333 I BaseActivity: removeActivityFlags, flags : 16
06-23 13:02:09.662 19624 19624 D jni_lib_merge: Entering merged library JNI_OnLoad.
06-23 13:02:09.662  1019  1055 I HYPER-HAL: [RequestManager.cpp]acquire(): Acquired ID : 34807010  [8329 / 14]    HINT : APP_START    list : 
06-23 13:02:09.662  7333  7333 I BaseActivity: removeActivityFlags, flags : 6
06-23 13:02:09.662  7333  7333 I DragController: endDrag
06-23 13:02:09.662 19624 19624 D jni_lib_merge: Preparing 12 pre-merged libs (including stub)
06-23 13:02:09.662  7333  7333 W LauncherAppWidgetHost: setShouldListenFlag, mFlags:7 flag:resume on:false isFront:false
06-23 13:02:09.662 19624 19624 D jni_lib_merge: Preparing to register libfabricjni_so.  onload_func: 0x7be18ecedc
06-23 13:02:09.662 19624 19624 D jni_lib_merge: Preparing to register libreact_devsupportjni_so.  onload_func: 0x7be19bdf40
06-23 13:02:09.662 19624 19624 D jni_lib_merge: Preparing to register libreact_featureflagsjni_so.  onload_func: 0x7be19d09f8
06-23 13:02:09.662 19624 19624 D jni_lib_merge: Preparing to register libreact_newarchdefaults_so.  onload_func: 0x7be19f5e30
06-23 13:02:09.662 19624 19624 D jni_lib_merge: Preparing to register libreactnativeblob_so.  onload_func: 0x7be1a885b0
06-23 13:02:09.662 19624 19624 D jni_lib_merge: Preparing to register libreactnativejni_so.  onload_func: 0x7be1aa2b24
06-23 13:02:09.662 19624 19624 D jni_lib_merge: Preparing to register libreactnativejni_common_so.  onload_func: 0x7be1aa9458
06-23 13:02:09.662 19624 19624 D jni_lib_merge: Preparing to register librninstance_so.  onload_func: 0x7be1ac5070
06-23 13:02:09.662 19624 19624 D jni_lib_merge: Preparing to register libturbomodulejsijni_so.  onload_func: 0x7be1b5d1a4
06-23 13:02:09.662 19624 19624 D jni_lib_merge: Preparing to register libuimanagerjni_so.  onload_func: 0x7be1b647e0
06-23 13:02:09.662 19624 19624 D jni_lib_merge: Preparing to register libyoga_so.  onload_func: 0x7be1b6bda4
06-23 13:02:09.662 19624 19624 D jni_lib_merge: About to register 11 actual methods.
06-23 13:02:09.662  7333  7333 W PageOverlayMover: updateActivityLifecycleState : 3
06-23 13:02:09.662  7333  7333 I SPayUpdater: updateSpayHandler launcher activity is paused false
06-23 13:02:09.662  1019  1055 I HYPER-HAL: [ResourceManager.cpp]updateResource(): [CPUMaxFreq] UpdateResource Request ID : 34807010    Value : 2841600
06-23 13:02:09.662  1271  8729 D MARsPolicyManager: onPackageResumedFG pkgName = com.anotherme.app, userId = 0
06-23 13:02:09.663  1271  8729 W WindowManager: Prepare app transition: mNextAppTransitionRequests=[TRANSIT_OPEN, TRANSIT_OPEN], mNextAppTransitionFlags=, displayId: 0 Callers=com.android.server.wm.DisplayContent.prepareAppTransition:6493 com.android.server.wm.TaskFragment.resumeTopActivity:1573 com.android.server.wm.TaskFragment.resumeTopActivity:1307 com.android.server.wm.Task.resumeTopActivityInnerLocked:6451 com.android.server.wm.Task.resumeTopActivityUncheckedLocked:6352 
06-23 13:02:09.663  1271  1570 D SGM:FgCheckThread: notePauseComponent(), received pkgName: com.sec.android.app.launcher, userId: 0
06-23 13:02:09.663  1271  8729 D WindowManagerServiceExt: notifyOccludeChangeNotice: cn=ComponentInfo{com.anotherme.app/com.anotherme.app.MainActivity} occludesParent=true inMultiWindow=false styleFloating=false caller=com.android.server.wm.WindowManagerServiceExt.updateOccludeTargetIfNeeded:1402 com.android.server.wm.DisplayContent.ensureActivitiesVisible:7532 com.android.server.wm.RootWindowContainer.ensureActivitiesVisible:2248 com.android.server.wm.RootWindowContainer.ensureVisibilityAndConfig:2126 com.android.server.wm.ActivityTaskSupervisor.realStartActivityLocked:913 
06-23 13:02:09.663  1271  8729 V WindowManager: rotationForOrientation(orient=SCREEN_ORIENTATION_PORTRAIT (1), last=ROTATION_0 (0)); user=ROTATION_0 (0) 
06-23 13:02:09.663  1271  8729 D WindowManager: rotationForOrientation, orientationSource=ActivityRecord{9f9a666 u0 com.anotherme.app/.MainActivity} t457}
06-23 13:02:09.663  1271  8729 V WindowManager: Computed rotation=ROTATION_0 (0) for display id=0 based on lastOrientation=SCREEN_ORIENTATION_PORTRAIT (1) and oldRotation=ROTATION_0 (0), caller=com.android.server.wm.DisplayRotation.updateOrientation:414 com.android.server.wm.DisplayContent.updateOrientation:1990 com.android.server.wm.DisplayContent.updateOrientation:1891 com.android.server.wm.RootWindowContainer.ensureVisibilityAndConfig:2139 com.android.server.wm.ActivityTaskSupervisor.realStartActivityLocked:913 com.android.server.wm.ActivityTaskSupervisor.startSpecificActivity:1227 
06-23 13:02:09.664  2859 21753 I PageOverlayServiceImpl: [FROM HOME] updateActivityLifecycleState : 3
06-23 13:02:09.664  1271  8729 D TspStateManager: updateCustomValue customSetting=
06-23 13:02:09.664  1271  8729 D TspStateManager: updateCustomValue customSetting=
06-23 13:02:09.664 19624 19624 D jni_lib_merge: Entering merged library JNI_OnLoad.
06-23 13:02:09.664 19624 19624 D jni_lib_merge: Preparing 12 pre-merged libs (including stub)
06-23 13:02:09.664 19624 19624 D jni_lib_merge: Preparing to register libfabricjni_so.  onload_func: 0x7be18ecedc
06-23 13:02:09.664 19624 19624 D jni_lib_merge: Preparing to register libreact_devsupportjni_so.  onload_func: 0x7be19bdf40
06-23 13:02:09.664 19624 19624 D jni_lib_merge: Preparing to register libreact_featureflagsjni_so.  onload_func: 0x7be19d09f8
06-23 13:02:09.664 19624 19624 D jni_lib_merge: Preparing to register libreact_newarchdefaults_so.  onload_func: 0x7be19f5e30
06-23 13:02:09.664 19624 19624 D jni_lib_merge: Preparing to register libreactnativeblob_so.  onload_func: 0x7be1a885b0
06-23 13:02:09.664 19624 19624 D jni_lib_merge: Preparing to register libreactnativejni_so.  onload_func: 0x7be1aa2b24
06-23 13:02:09.664 19624 19624 D jni_lib_merge: Preparing to register libreactnativejni_common_so.  onload_func: 0x7be1aa9458
06-23 13:02:09.664 19624 19624 D jni_lib_merge: Preparing to register librninstance_so.  onload_func: 0x7be1ac5070
06-23 13:02:09.664 19624 19624 D jni_lib_merge: Preparing to register libturbomodulejsijni_so.  onload_func: 0x7be1b5d1a4
06-23 13:02:09.664 19624 19624 D jni_lib_merge: Preparing to register libuimanagerjni_so.  onload_func: 0x7be1b647e0
06-23 13:02:09.664 19624 19624 D jni_lib_merge: Preparing to register libyoga_so.  onload_func: 0x7be1b6bda4
06-23 13:02:09.664 19624 19624 D jni_lib_merge: About to register 11 actual methods.
06-23 13:02:09.665  1271  8729 D SGM:PkgDataHelper: notifyAppCreate(), pkgName: com.anotherme.app, userId: 0, sendRet: true
06-23 13:02:09.665  1271  8729 D ActivityTaskManager: scheduleTopResumedActivityChanged, onTop=true r=ActivityRecord{9f9a666 u0 com.anotherme.app/.MainActivity} t457} caller=com.android.server.wm.ActivityTaskSupervisor.scheduleTopResumedActivityStateIfNeeded:2535 com.android.server.wm.ActivityTaskSupervisor.updateTopResumedActivityIfNeeded:2527 com.android.server.wm.TaskFragment.setResumedActivity:493 com.android.server.wm.TaskFragment.onActivityStateChanged:805 com.android.server.wm.ActivityRecord.setState:6406 com.android.server.wm.Task.minimalResumeActivityLocked:6155 
06-23 13:02:09.665  1271  8729 D InputDispatcher: Focused application(0): ActivityRecord{9f9a666 u0 com.anotherme.app/.MainActivity} t457}
06-23 13:02:09.666  1128  7823 D NativeSemDvfsManager: acquire:: timeout = 2000 mIsAcquired = 1  mTagName : SurfaceFlinger 
06-23 13:02:09.666  1271  8729 V WindowManager: Changing focus from Window{6a74475 u0 com.sec.android.app.launcher/com.sec.android.app.launcher.activities.LauncherActivity} to null displayId=0 Callers=com.android.server.wm.RootWindowContainer.updateFocusedWindowLocked:595 com.android.server.wm.WindowManagerService.updateFocusedWindowLocked:6810 com.android.server.wm.ActivityTaskManagerService.setResumedActivityUncheckLocked:5766 com.android.server.wm.TaskFragment.onActivityStateChanged:807 
06-23 13:02:09.666  1128  7823 E NativeCustomFrequencyManager: [NativeCFMS] BpCustomFrequencyManager::acquire()
06-23 13:02:09.666  1271  8729 D MARsPolicyManager: onPackageResumedFG pkgName = com.sec.android.app.launcher, userId = 0
06-23 13:02:09.666  1019  1055 I HYPER-HAL: [RequestManager.cpp]acquire(): Acquired ID : 2266256  [1128 / 1000]    HINT : SF_GPU_MINLOCK    list : [TIMEOUT / 2000] 
06-23 13:02:09.666  1271  8729 D StatusBarManagerService: notifyRequestedSystemKey recent=false home=false
06-23 13:02:09.666  1271  8729 D SGM:FgCheckThread: TaskStackListener.onTaskFocusChanged(), taskId=8, focused=false
06-23 13:02:09.666  1271  8729 D SGM:FgCheckThread: TaskStackListener.onTaskFocusChanged(), taskId=457, focused=true
06-23 13:02:09.666  1271  8729 D SGM:FgCheckThread:   sendRunningComponentFocus(), pkgName: com.anotherme.app, userId: 0
06-23 13:02:09.667  1271  8729 W WindowManager: Execute app transition: mNextAppTransitionRequests=[TRANSIT_OPEN, TRANSIT_OPEN], mNextAppTransitionFlags=, displayId: 0 Callers=com.android.server.wm.RootWindowContainer.executeAppTransitionForAllDisplay:2580 com.android.server.wm.ActivityTaskSupervisor.reportResumedActivityLocked:2287 com.android.server.wm.ActivityRecord.completeResumeLocked:6987 com.android.server.wm.Task.minimalResumeActivityLocked:6156 com.android.server.wm.ActivityTaskSupervisor.realStartActivityLocked:1137 
06-23 13:02:09.668 19624 19624 D jni_lib_merge: Entering merged library JNI_OnLoad.
06-23 13:02:09.668 19624 19624 D jni_lib_merge: Preparing 12 pre-merged libs (including stub)
06-23 13:02:09.668  1271  2090 D SGM:FgCheckThread: onLooperPrepared(), msg: MSG_APP_CREATE, pkgName: com.anotherme.app, userId: 0
06-23 13:02:09.668 19624 19624 D jni_lib_merge: Preparing to register libfabricjni_so.  onload_func: 0x7be18ecedc
06-23 13:02:09.668 19624 19624 D jni_lib_merge: Preparing to register libreact_devsupportjni_so.  onload_func: 0x7be19bdf40
06-23 13:02:09.668 19624 19624 D jni_lib_merge: Preparing to register libreact_featureflagsjni_so.  onload_func: 0x7be19d09f8
06-23 13:02:09.668 19624 19624 D jni_lib_merge: Preparing to register libreact_newarchdefaults_so.  onload_func: 0x7be19f5e30
06-23 13:02:09.668 19624 19624 D jni_lib_merge: Preparing to register libreactnativeblob_so.  onload_func: 0x7be1a885b0
06-23 13:02:09.668  1271  2090 D SGM:FgCheckThread: onLooperPrepared(), msg: MSG_TASK_FOCUSED, pkgName: com.anotherme.app, userId: 0
06-23 13:02:09.668 19624 19624 D jni_lib_merge: Preparing to register libreactnativejni_so.  onload_func: 0x7be1aa2b24
06-23 13:02:09.668 19624 19624 D jni_lib_merge: Preparing to register libreactnativejni_common_so.  onload_func: 0x7be1aa9458
06-23 13:02:09.668 19624 19624 D jni_lib_merge: Preparing to register librninstance_so.  onload_func: 0x7be1ac5070
06-23 13:02:09.668  1271  2090 D SGM:FgCheckThread: handleTaskFocused().
06-23 13:02:09.668 19624 19624 D jni_lib_merge: Preparing to register libturbomodulejsijni_so.  onload_func: 0x7be1b5d1a4
06-23 13:02:09.668 19624 19624 D jni_lib_merge: Preparing to register libuimanagerjni_so.  onload_func: 0x7be1b647e0
06-23 13:02:09.668  1271  2090 D SGM:FgCheckThread:   handleTaskFocused(), pkgName: com.anotherme.app, userID:0
06-23 13:02:09.668 19624 19624 D jni_lib_merge: Preparing to register libyoga_so.  onload_func: 0x7be1b6bda4
06-23 13:02:09.668 19624 19624 D jni_lib_merge: About to register 11 actual methods.
06-23 13:02:09.668  1271  2090 D SGM:FgCheckThread: handleResume().
06-23 13:02:09.668  1271  2090 D SGM:FgCheckThread: sendFocusOutConditionally() - mPrevNotiPkg: KILL_YOURSELF, userId: 0
06-23 13:02:09.668  1271  2090 D SGM:FgCheckThread:   handleResume(). pkgName: com.anotherme.app, userId: 0, isTunableApp: null
06-23 13:02:09.668  1271  2090 D SGM:FgCheckThread: notifyFocusInOut(). of pkg: com.anotherme.app, type: 4, isTunableApp: false, userId: 0
06-23 13:02:09.668  1271  2090 D SGM:FgCheckThread:   notifyFocusInOut(). do nothing. mKillNotiCount: 1
06-23 13:02:09.668  1271  2090 D SGM:SystemHelper: callReleaseBlock needReleaseBlock:false
06-23 13:02:09.668  1271  1271 I CocktailBarManagerServiceContainer: handleMessage: entry what = 6
06-23 13:02:09.669  1271  7361 D CoreBackPreview: Window{fb5f7ec u0 Splash Screen com.anotherme.app}: Setting back callback OnBackInvokedCallbackInfo{mCallback=android.window.IOnBackInvokedCallback$Stub$Proxy@478be97, mPriority=0}
06-23 13:02:09.669  7333  7333 I TopTaskTracker: onTaskMovedToFront : taskId = 457
06-23 13:02:09.669  1271  6464 D AS.MultiSoundManager: mForegroundUid = 10363
06-23 13:02:09.669  1271  1570 I ActivityManager: Changes in 10363 19 to 2, 0 to 15
06-23 13:02:09.670  1271  1570 I AppOps  : updateUidProcState uid: 10363 procState: 2 capability:15
06-23 13:02:09.670  1271  1570 I AppOps  : commitUidPendingStateLocked() :: UID - 10363, 700 > 200, 0 > 15
06-23 13:02:09.670  1271  1570 I ActivityManager: updateOomAdj start time is before than pendingPid added, don't delete it
06-23 13:02:09.671  1271  1570 I ActivityManager: updateOomAdj start time is before than pendingPid added, don't delete it
06-23 13:02:09.671 19624 19624 W org.webrtc.Logging: HardwareVideoEncoderFactory: No shared EglBase.Context.  Encoders will not use texture mode.
06-23 13:02:09.672  1271  1570 D SGM:FgCheckThread: noteResumeComponent(), received pkgName: com.anotherme.app, userId: 0
06-23 13:02:09.673  1271  2090 D SGM:FgCheckThread: onLooperPrepared(), msg: MSG_APP_RESUME, pkgName: com.anotherme.app, userid: 0
06-23 13:02:09.673  1271  2090 D SGM:FgCheckThread: handleResume().
06-23 13:02:09.673  1271  2090 D SGM:FgCheckThread:   handleResume(). same package with Prev KILL_YOURSELF. ignore
06-23 13:02:09.673  1271  1271 I CocktailBarManagerServiceContainer: handleMessage: entry what = 5
06-23 13:02:09.674  1128  1128 I SurfaceFlinger: [6a74475 com.sec.android.app.launcher/com.sec.android.app.launcher.activities.LauncherActivity#657] FrameRatePriority: -1
06-23 13:02:09.674  8502  8502 I ActivityUtils: HomePackage : com.sec.android.app.launcher, resumePackageName : com.anotherme.app
06-23 13:02:09.674  1121  1845 D AudioFlinger: ro.audio.silent is ignored since no output device is set
06-23 13:02:09.674  1041  1080 E ANDR-PERF-UTIL: Failed to read /proc/sys/kernel/walt_low_latency_task_threshold
06-23 13:02:09.674  1041  1080 E ANDR-PERF-OPTSHANDLER: Failed to read /proc/sys/kernel/walt_low_latency_task_threshold
06-23 13:02:09.674  1041  1080 E ANDR-PERF-RESOURCEQS: Failed to apply optimization [3, 54]
06-23 13:02:09.674  1121  1853 D AudioFlinger: ro.audio.silent is ignored since no output device is set
06-23 13:02:09.675  1121  1854 D AudioFlinger: ro.audio.silent is ignored since no output device is set
06-23 13:02:09.675  1271  6436 V NetworkPolicy: getFirewallRuleWifi UID:10363 policy:0
06-23 13:02:09.675  6583  6665 I ViewRootImpl@6afa916[app]: performTraversals params={(0,0)(fillxfill) sim={adjust=pan} ty=APPLICATION_STARTING fmt=TRANSLUCENT wanim=0x10302f4
06-23 13:02:09.675  6583  6665 I ViewRootImpl@6afa916[app]:   fl=81030118
06-23 13:02:09.675  6583  6665 I ViewRootImpl@6afa916[app]:   pfl=16000010
06-23 13:02:09.675  6583  6665 I ViewRootImpl@6afa916[app]:   bhv=DEFAULT
06-23 13:02:09.675  6583  6665 I ViewRootImpl@6afa916[app]:   fitSides= naviIconColor=0}
06-23 13:02:09.675  6583  6665 I ViewRootImpl@6afa916[app]: performTraversals mFirst=true windowShouldResize=true viewVisibilityChanged=false mForceNextWindowRelayout=false params={(0,0)(fillxfill) sim={adjust=pan} ty=APPLICATION_STARTING fmt=TRANSLUCENT wanim=0x10302f4
06-23 13:02:09.675  6583  6665 I ViewRootImpl@6afa916[app]:   fl=81030118
06-23 13:02:09.675  6583  6665 I ViewRootImpl@6afa916[app]:   pfl=16000010
06-23 13:02:09.675  6583  6665 I ViewRootImpl@6afa916[app]:   bhv=DEFAULT
06-23 13:02:09.675  6583  6665 I ViewRootImpl@6afa916[app]:   fitSides= naviIconColor=0}
06-23 13:02:09.676  1271  8396 V WindowManager: Relayout Window{fb5f7ec u0 Splash Screen com.anotherme.app}: viewVisibility=0 req=1080x2400 d0
06-23 13:02:09.676  1271  8396 D RestrictionPolicy: isScreenCaptureEnabled : ret=true userId=0
06-23 13:02:09.676  1271  1568 D Native_CFMS: CFMS Delete Task Tid(28353)
06-23 13:02:09.676  1271  1568 D Native_CFMS: CFMS Delete Task Tid(28354)
06-23 13:02:09.676  1271  1568 D Native_CFMS: CFMS Delete Task Tid(7333)
06-23 13:02:09.676  1271  1568 D Native_CFMS: CFMS Delete Task Tid(28219)
06-23 13:02:09.676  1128  1199 I SurfaceFlinger: id=40894 createSurf, flag=40004, Splash Screen com.anotherme.app$_6583#40894
06-23 13:02:09.676  1271  1568 D Native_CFMS: CFMS Add Task Tid(7333)
06-23 13:02:09.676  1271  1568 D Native_CFMS: CFMS Add Task Tid(28219)
06-23 13:02:09.676  1271  1568 D Native_CFMS: CFMS Add Task Tid(28354)
06-23 13:02:09.676  1271  1568 D Native_CFMS: CFMS Add Task Tid(28353)
06-23 13:02:09.676  1271  1568 D Native_CFMS: CFMS Add Task Tid(19624)
06-23 13:02:09.677 19624 19624 I org.webrtc.Logging: WebRtcAudioManagerExternal: Sample rate is set to 48000 Hz
06-23 13:02:09.677  1271  8396 D WindowManager: makeSurface duration=1 name=Splash Screen com.anotherme.app$_6583
06-23 13:02:09.677 19624 19624 I org.webrtc.Logging: WebRtcAudioManagerExternal: Sample rate is set to 48000 Hz
06-23 13:02:09.677 19624 19624 I org.webrtc.Logging: JavaAudioDeviceModule: createAudioDeviceModule
06-23 13:02:09.677 19624 19624 I org.webrtc.Logging: JavaAudioDeviceModule: HW NS will be used.
06-23 13:02:09.677 19624 19624 I org.webrtc.Logging: JavaAudioDeviceModule: HW AEC will be used.
06-23 13:02:09.677 19624 19624 I org.webrtc.Logging: WebRtcAudioEffectsExternal: ctor@[name=main, id=2]
06-23 13:02:09.677 19624 19624 I org.webrtc.Logging: WebRtcAudioRecordExternal: ctor@[name=main, id=2]
06-23 13:02:09.677 19624 19624 I org.webrtc.Logging: WebRtcAudioTrackExternal: ctor@[name=main, id=2]
06-23 13:02:09.678  1271  8396 V WindowManager: Relayout hash=fb5f7ec, pid=6583, syncId=-1: mAttrs={(0,0)(fillxfill) sim={adjust=pan} ty=APPLICATION_STARTING fmt=TRANSLUCENT wanim=0x10302f4
06-23 13:02:09.678  1271  8396 V WindowManager:   fl=81030118
06-23 13:02:09.678  1271  8396 V WindowManager:   pfl=16000010
06-23 13:02:09.678  1271  8396 V WindowManager:   bhv=DEFAULT
06-23 13:02:09.678  1271  8396 V WindowManager:   fitSides= naviIconColor=0}
06-23 13:02:09.679  6583  6665 D InsetsController: onStateChanged: InsetsState: {mDisplayFrame=Rect(0, 0 - 1080, 2400), mDisplayCutout=DisplayCutout{insets=Rect(0, 78 - 0, 0) waterfall=Insets{left=0, top=0, right=0, bottom=0} boundingRect={Bounds=[Rect(0, 0 - 0, 0), Rect(510, 0 - 570, 78), Rect(0, 0 - 0, 0), Rect(0, 0 - 0, 0)]} cutoutPathParserInfo={CutoutPathParserInfo{displayWidth=1080 displayHeight=2400 physicalDisplayWidth=1080 physicalDisplayHeight=2400 density={3.0} cutoutSpec={M 0,0 H -10 V 26 H 10 V 0 H 0 Z @dp} rotation={0} scale={1.0} physicalPixelDisplaySizeRatio={1.0}}}}, mRoundedCorners=RoundedCorners{[RoundedCorner{position=TopLeft, radius=0, center=Point(0, 0)}, RoundedCorner{position=TopRight, radius=0, center=Point(0, 0)}, RoundedCorner{position=BottomRight, radius=0, center=Point(0, 0)}, RoundedCorner{position=BottomLeft, radius=0, center=Point(0, 0)}]}  mRoundedCornerFrame=Rect(0, 0 - 1080, 2400), mPrivacyIndicatorBounds=PrivacyIndicatorBounds {static bounds=Rect(948, 0 - 1080, 78) rotation=0}, mSources= { InsetsSource: {mType=ITYPE_STATUS_BAR, mFrame=[0,0][1080,78], mVisible=true, mInsetsRoundedCornerFrame=false}, InsetsSource: {mType=ITYPE_NAVIGATION_BAR, mFrame=[0,2256][1080,2400], mVisible=true, mInsetsRoundedCornerFrame=false}, InsetsSource: {mType=ITYPE_LEFT_GESTURES, mFrame=[0,0][0,2400], mVisible=true, mInsetsRoundedCornerFrame=false}, InsetsSource: {mType=ITYPE_RIGHT_GESTURES, mFrame=[1080,0][1080,2400], mVisible=true, mInsetsRoundedCornerFrame=false}, InsetsSource: {mType=ITYPE_TOP_MANDATORY_GESTURES, mFrame=[0,0][1080,114], mVisible=true, mInsetsRoundedCornerFrame=false}, InsetsSource: {mType=ITYPE_BOTTOM_MANDATORY_GESTURES, mFrame=[0,2256][1080,2400], mVisible=true, mInsetsRoundedCornerFrame=false}, InsetsSource: {mType=ITYPE_LEFT_DISPLAY_CUTOUT, mFrame=[0,0][-100000,2400], mVisible=true, mInsetsRoundedCornerFrame=false}, InsetsSource: {mType=ITYPE_TOP_DISPLAY_CUTOUT, mFrame=[0,0][1080,78], mVisible=true, mInsetsRoundedCornerFrame=false}, InsetsSource: {mType=ITYPE_RIGHT_DISPLAY_CUTOUT, mFrame=[100000,0][1080,2400], mVisible=true, mInsetsRoundedCornerFrame=false}, InsetsSource: {mType=ITYPE_BOTTOM_DISPLAY_CUTOUT, mFrame=[0,100000][1080,2400], mVisible=true, mInsetsRoundedCornerFrame=false}, InsetsSource: {mType=ITYPE_TOP_TAPPABLE_ELEMENT, mFrame=[0,0][1080,78], mVisible=true, mInsetsRoundedCornerFrame=false}, InsetsSource: {mType=ITYPE_BOTTOM_TAPPABLE_ELEMENT, mFrame=[0,2256][1080,2400], mVisible=true, mInsetsRoundedCornerFrame=false}, InsetsSource: {mType=ITYPE_IME, mFrame=[0,0][0,0], mVisibleFrame=[0,1374][1080,2400], mVisible=false, mInsetsRoundedCornerFrame=false} } host=Splash Screen com.anotherme.app from=android.view.ViewRootImpl.relayoutWindow:9802
06-23 13:02:09.679  6583  6665 I ViewRootImpl@6afa916[app]: updateBlastSurfaceIfNeeded mBlastBufferQueue=null isSameSurfaceControl=false
06-23 13:02:09.679  1271  7928 I MediaSessionMonitor: Media session stopped : controllerList empty
06-23 13:02:09.680  6583  6665 I BLASTBufferQueue: new BLASTBufferQueue, mName= ViewRootImpl@6afa916[app] mNativeObject= 0xb400007d583dd9d0 sc.mNativeObject= 0xb400007ce83bd1a0 caller= android.view.ViewRootImpl.updateBlastSurfaceIfNeeded:2909 android.view.ViewRootImpl.relayoutWindow:9847 android.view.ViewRootImpl.performTraversals:3884 android.view.ViewRootImpl.doTraversal:3116 android.view.ViewRootImpl$TraversalRunnable.run:10885 android.view.Choreographer$CallbackRecord.run:1301 android.view.Choreographer$CallbackRecord.run:1309 android.view.Choreographer.doCallbacks:923 android.view.Choreographer.doFrame:852 android.view.Choreographer$FrameDisplayEventReceiver.run:1283 
