--------- beginning of main
06-23 13:01:53.018  1396  6535 I bauth_FPBAuthService: pcf : 0x1012, 0 ,3 ,0 ,0 ,0 ,0, 7.0.0.0
06-23 13:01:53.018  1396  6535 I bauth_FPBAuthService: thread id : 3, preenroll_flag : 0, nd cnt : 0, cso : 0, et : 0
06-23 13:01:53.018  1396  6535 I bauth_FPBAuthService: FPBAuthService, 11511
06-23 13:01:53.036  1271 21117 D SemWifiUsabilityStatsMonitor: onWifiUsabilityStats - seqNum 14142, isSameBssidAndFreq true
06-23 13:01:53.038  1271  6502 I SemWifiLinkQualityMonitor: Link Qos Query: 0.028 ms / 287.464 Mbps (648 / 0.015 / 1.000)
06-23 13:01:53.039  6583  6583 D NetworkController.WifiSignalController: notifyListener: visible=true, connected=true, inetCondition=1, isDefault=true, wifiTestReported=true, receivedInetCondition=-1, hideDuringMobileSwitching=false
06-23 13:01:53.052  1128  1195 I VSyncReactor: Current= 60, TransitioningTo= 60, hwcPeriod= 60, Distance= 0
06-23 13:01:53.472  1016 19318 I sensors-hal: handle_sns_std_sensor_event:268, [SSC_LIGHT] P: 738(738),m:1,c:0,b:118,ch:0,r:0,bl:0,16:702
06-23 13:01:53.500  1016 19315 I sensors-hal: handle_sns_client_event:234, auto_rotation_event_2 event,0, duration,389, ts,432964404780377, ts_diff,1435559
06-23 13:01:53.500  1016 19315 I sensors-hal: handle_sns_client_event:237, auto_rotation_debug_2 acc,2.959,7.312,5.700, ar,0, ver,10
--------- beginning of system
06-23 13:01:53.502  1271  1568 I WindowOrientationListener: OrientationSensorJudge.onSensorChanged, Rotation: 0
06-23 13:01:53.502  1271  1568 V WindowManager: rotationForOrientation(orient=SCREEN_ORIENTATION_UNSPECIFIED (-1), last=ROTATION_0 (0)); user=ROTATION_0 (0) 
06-23 13:01:53.502  1271  1568 D WindowManager: rotationForOrientation, orientationSource=ActivityRecord{8ede989 u0 com.android.settings/.SubSettings} t451}
06-23 13:01:53.502  6583  6583 D AppController: AppControlSensorListener.onSensorChanged, Rotation: 0
06-23 13:01:53.502  1271  1568 V WindowManager: Computed rotation=ROTATION_0 (0) for display id=0 based on lastOrientation=SCREEN_ORIENTATION_UNSPECIFIED (-1) and oldRotation=ROTATION_0 (0), caller=com.android.server.wm.DisplayContent.updateRotationUnchecked:2410 com.android.server.wm.WindowManagerService.updateRotationUnchecked:4778 com.android.server.wm.WindowManagerService.updateRotation:4759 com.android.server.wm.DisplayRotation$OrientationListener.onProposedRotationChanged:1861 com.android.server.wm.WindowOrientationListener$OrientationSensorJudge.finalizeRotation:1407 com.android.server.wm.WindowOrientationListener$OrientationSensorJudge.onSensorChanged:1330 
06-23 13:01:53.580  1016 19315 I sensors-hal: handle_sns_client_event:252, auto_rotation_debug_2 mode,255, type,1,1 acc,2.152,8.767,5.437, ar,0, ver,10
06-23 13:01:53.603   711   711 D io_stats: !@   8,0 r 1944605 56371992 w 2493982 75259988 d 883926 48477544 f 0 0 iot 1341376 0 th 0 0 0 pt 0 inp 0 0 82361.315
06-23 13:01:53.712  1016 19318 I sensors-hal: handle_sns_std_sensor_event:268, [SSC_LIGHT] P: 631(631),m:1,c:0,b:118,ch:0,r:0,bl:0,16:559
06-23 13:01:53.875  1016 19318 I sensors-hal: handle_sns_std_sensor_event:268, [SSC_LIGHT] P: 522(522),m:1,c:0,b:118,ch:0,r:0,bl:0,16:559
06-23 13:01:54.018  1396  6535 I bauth_FPBAuthService: pcf : 0x1012, 0 ,3 ,0 ,0 ,0 ,0, 7.0.0.0
06-23 13:01:54.018  1396  6535 I bauth_FPBAuthService: thread id : 3, preenroll_flag : 0, nd cnt : 0, cso : 0, et : 0
06-23 13:01:54.019  1396  6535 I bauth_FPBAuthService: FPBAuthService, 11511
06-23 13:01:54.274  1016 19318 I sensors-hal: handle_sns_std_sensor_event:268, [SSC_LIGHT] P: 784(784),m:1,c:0,b:118,ch:0,r:0,bl:0,16:815
06-23 13:01:54.678  3409 19339 I AOSP-MdnsDiscoveryManag: (REDACTED) %s
06-23 13:01:54.678  3409 19340 I AOSP-MdnsDiscoveryManag: (REDACTED) %s
06-23 13:01:54.679  3409 19339 I AOSP-MdnsDiscoveryManag: (REDACTED) %s
06-23 13:01:54.679  3409 19340 I AOSP-MdnsDiscoveryManag: (REDACTED) %s
06-23 13:01:54.680  3409 19338 W AOSP-MdnsDiscoveryManag: Error while decoding multicast packet (5808): 1 [CONTEXT service_id=168 ]
06-23 13:01:54.680  3409  3646 I AOSP-MdnsDiscoveryManag: (REDACTED) %s
06-23 13:01:54.680  3409  3646 I AOSP-MdnsDiscoveryManag: (REDACTED) %s
06-23 13:01:54.681  3409 19337 I AOSP-MdnsDiscoveryManag: (REDACTED) %s
06-23 13:01:54.682  3409 19337 I AOSP-MdnsDiscoveryManag: (REDACTED) %s
06-23 13:01:54.683  3409 19337 I AOSP-MdnsDiscoveryManag: (REDACTED) %s
06-23 13:01:54.684  3409 19337 I AOSP-MdnsDiscoveryManag: (REDACTED) %s
06-23 13:01:54.685  3409 19338 W AOSP-MdnsDiscoveryManag: Error while decoding multicast packet (5810): 1 [CONTEXT service_id=168 ]
06-23 13:01:54.686  3409 19338 W AOSP-MdnsDiscoveryManag: Error while decoding multicast packet (5811): 1 [CONTEXT service_id=168 ]
06-23 13:01:54.686  3409 19338 W AOSP-MdnsDiscoveryManag: Error while decoding multicast packet (5812): 1 [CONTEXT service_id=168 ]
06-23 13:01:54.687  3409 19338 W AOSP-MdnsDiscoveryManag: Error while decoding multicast packet (5813): 1 [CONTEXT service_id=168 ]
06-23 13:01:54.687  3409 19338 W AOSP-MdnsDiscoveryManag: Error while decoding multicast packet (5814): 1 [CONTEXT service_id=168 ]
06-23 13:01:54.688  3409 19338 W AOSP-MdnsDiscoveryManag: Error while decoding multicast packet (5816): 1 [CONTEXT service_id=168 ]
06-23 13:01:54.688  3409  3646 I AOSP-MdnsDiscoveryManag: (REDACTED) %s
06-23 13:01:54.689  3409  3646 I AOSP-MdnsDiscoveryManag: (REDACTED) %s
06-23 13:01:54.689  3409  3646 I AOSP-MdnsDiscoveryManag: (REDACTED) %s
06-23 13:01:54.689  3409  3646 I AOSP-MdnsDiscoveryManag: (REDACTED) %s
06-23 13:01:54.690  3409  3646 I AOSP-MdnsDiscoveryManag: (REDACTED) %s
06-23 13:01:54.690  3409  3646 I AOSP-MdnsDiscoveryManag: (REDACTED) %s
06-23 13:01:54.691  3409  3646 I AOSP-MdnsDiscoveryManag: (REDACTED) %s
06-23 13:01:54.691  3409  3646 I AOSP-MdnsDiscoveryManag: (REDACTED) %s
06-23 13:01:54.691  3409  3646 I AOSP-MdnsDiscoveryManag: (REDACTED) %s
06-23 13:01:54.691  3409  3646 I AOSP-MdnsDiscoveryManag: (REDACTED) %s
06-23 13:01:54.692  3409  3646 I AOSP-MdnsDiscoveryManag: (REDACTED) %s
06-23 13:01:54.692  3409  3646 I AOSP-MdnsDiscoveryManag: (REDACTED) %s
06-23 13:01:55.020  1396  6535 I bauth_FPBAuthService: pcf : 0x1012, 0 ,3 ,0 ,0 ,0 ,0, 7.0.0.0
06-23 13:01:55.021  1396  6535 I bauth_FPBAuthService: thread id : 3, preenroll_flag : 0, nd cnt : 0, cso : 0, et : 0
06-23 13:01:55.021  1396  6535 I bauth_FPBAuthService: FPBAuthService, 11511
06-23 13:01:55.233  1016 19318 I sensors-hal: handle_sns_std_sensor_event:268, [SSC_LIGHT] P: 726(726),m:1,c:0,b:118,ch:0,r:0,bl:0,16:798
06-23 13:01:55.472  1016 19318 I sensors-hal: handle_sns_std_sensor_event:268, [SSC_LIGHT] P: 675(675),m:1,c:0,b:118,ch:0,r:0,bl:0,16:736
06-23 13:01:55.526  1012  1012 I android.hardware.health@2.1-service-samsung: updateLrpSysfs: write: 350
06-23 13:01:55.527  1271  1633 D BatteryService: Sending ACTION_BATTERY_CHANGED: level:42, status:2, health:2, ac:false, usb:true, wireless:false, pogo:false, misc:0x20000, charge_type:1, charger_type:0, voltage:4011, temperature:343, online:19, current_avg:1241, ps:false, hvc:false, capacity:280000, current_event:0x8000, current_now:1179, mcc:0, mcv:0, cc:1550010, present:true, scale:100, technology:Li-ion
06-23 13:01:55.529  1271  2058 D MotionRecognitionService: [SAR]  onReceive : ACTION_BATTERY_CHANGED, Plugged: 2
06-23 13:01:55.529  1271  2058 I MotionRecognitionService: [TA] Before receiving the SAR request for Return : 65560
06-23 13:01:55.529  1271  1271 D PhoneWindowManagerExt: ACTION_BATTERY_CHANGED - Level=42, status=2
06-23 13:01:55.530  1271  1271 D AdaptiveBrightnessLongtermModelBuilder: Received android.intent.action.BATTERY_CHANGED
06-23 13:01:55.530  1271  1271 D SemWifiApBroadcastReceiver: Received : android.intent.action.BATTERY_CHANGED
06-23 13:01:55.530  1271  6539 I DeviceBatteryInfoService: action: android.intent.action.BATTERY_CHANGED
06-23 13:01:55.530  1271  6539 I DeviceBatteryInfoService: phone battery level: 42
06-23 13:01:55.530  1271  6539 I DeviceBatteryInfoService: phone battery status: 2
06-23 13:01:55.531  6910  6910 D SemBigDataInfoController: Intent: android.intent.action.BATTERY_CHANGED
06-23 13:01:55.531  1271  1635 D BaseRestrictionMgr: Package: com.soomgo, userid: 0, hostingType: broadcast is Restricted by policy: 4 caller is: null
06-23 13:01:55.531  1271  1635 W BroadcastQueue: intent:Intent { act=android.intent.action.BATTERY_CHANGED flg=0x60000010 (has extras) } is skipped in RestrictedPackage to ProcessRecord{ad8fca6 13721:com.soomgo/u0a341}
06-23 13:01:55.532  1271  1635 D BaseRestrictionMgr: Package: com.soomgo, userid: 0, hostingType: broadcast is Restricted by policy: 4 caller is: null
06-23 13:01:55.532  1271  1635 W BroadcastQueue: intent:Intent { act=android.intent.action.BATTERY_CHANGED flg=0x60000010 (has extras) } is skipped in RestrictedPackage to ProcessRecord{ad8fca6 13721:com.soomgo/u0a341}
06-23 13:01:55.532  1271  1635 D BaseRestrictionMgr: Package: com.nhn.android.search, userid: 0, hostingType: broadcast is Restricted by policy: 4 caller is: null
06-23 13:01:55.532  1271  1635 W BroadcastQueue: intent:Intent { act=android.intent.action.BATTERY_CHANGED flg=0x60000010 (has extras) } is skipped in RestrictedPackage to ProcessRecord{ba46716 29925:com.nhn.android.search/u0a338}
06-23 13:01:55.532  1271  1635 D BaseRestrictionMgr: Package: com.nhn.android.search, userid: 0, hostingType: broadcast is Restricted by policy: 4 caller is: null
06-23 13:01:55.532  1271  1635 W BroadcastQueue: intent:Intent { act=android.intent.action.BATTERY_CHANGED flg=0x60000010 (has extras) } is skipped in RestrictedPackage to ProcessRecord{ba46716 29925:com.nhn.android.search/u0a338}
06-23 13:01:55.532  1271  1635 D BaseRestrictionMgr: Package: com.nhn.android.search, userid: 0, hostingType: broadcast is Restricted by policy: 4 caller is: null
06-23 13:01:55.532  1271  1635 W BroadcastQueue: intent:Intent { act=android.intent.action.BATTERY_CHANGED flg=0x60000010 (has extras) } is skipped in RestrictedPackage to ProcessRecord{ba46716 29925:com.nhn.android.search/u0a338}
06-23 13:01:55.532  1271  1635 D BaseRestrictionMgr: Package: com.nhn.android.search, userid: 0, hostingType: broadcast is Restricted by policy: 4 caller is: null
06-23 13:01:55.532  1271  1635 W BroadcastQueue: intent:Intent { act=android.intent.action.BATTERY_CHANGED flg=0x60000010 (has extras) } is skipped in RestrictedPackage to ProcessRecord{ba46716 29925:com.nhn.android.search/u0a338}
06-23 13:01:55.532  1271  1635 D BaseRestrictionMgr: Package: com.nhn.android.search, userid: 0, hostingType: broadcast is Restricted by policy: 4 caller is: null
06-23 13:01:55.532  1271  1635 W BroadcastQueue: intent:Intent { act=android.intent.action.BATTERY_CHANGED flg=0x60000010 (has extras) } is skipped in RestrictedPackage to ProcessRecord{ba46716 29925:com.nhn.android.search/u0a338}
06-23 13:01:55.533  1271  1635 D BaseRestrictionMgr: Package: com.nhn.android.search, userid: 0, hostingType: broadcast is Restricted by policy: 4 caller is: null
06-23 13:01:55.533  1271  1635 W BroadcastQueue: intent:Intent { act=android.intent.action.BATTERY_CHANGED flg=0x60000010 (has extras) } is skipped in RestrictedPackage to ProcessRecord{ba46716 29925:com.nhn.android.search/u0a338}
06-23 13:01:55.533  1271  1635 D BaseRestrictionMgr: Package: com.nhn.android.search, userid: 0, hostingType: broadcast is Restricted by policy: 4 caller is: null
06-23 13:01:55.533  1271  1635 W BroadcastQueue: intent:Intent { act=android.intent.action.BATTERY_CHANGED flg=0x60000010 (has extras) } is skipped in RestrictedPackage to ProcessRecord{ba46716 29925:com.nhn.android.search/u0a338}
06-23 13:01:55.533  1271  1635 D BaseRestrictionMgr: Package: com.nhn.android.search, userid: 0, hostingType: broadcast is Restricted by policy: 4 caller is: null
06-23 13:01:55.533  1271  1635 W BroadcastQueue: intent:Intent { act=android.intent.action.BATTERY_CHANGED flg=0x60000010 (has extras) } is skipped in RestrictedPackage to ProcessRecord{ba46716 29925:com.nhn.android.search/u0a338}
06-23 13:01:55.533  1271  1635 D BaseRestrictionMgr: Package: com.nhn.android.search, userid: 0, hostingType: broadcast is Restricted by policy: 4 caller is: null
06-23 13:01:55.533  1271  1635 W BroadcastQueue: intent:Intent { act=android.intent.action.BATTERY_CHANGED flg=0x60000010 (has extras) } is skipped in RestrictedPackage to ProcessRecord{ba46716 29925:com.nhn.android.search/u0a338}
06-23 13:01:55.533  1271  1635 D BaseRestrictionMgr: Package: com.ss.android.ugc.trill, userid: 0, hostingType: broadcast is Restricted by policy: 4 caller is: null
06-23 13:01:55.533  1271  1635 W BroadcastQueue: intent:Intent { act=android.intent.action.BATTERY_CHANGED flg=0x60000010 (has extras) } is skipped in RestrictedPackage to ProcessRecord{1e8b941 13425:com.ss.android.ugc.trill/u0a339}
06-23 13:01:55.533  1271  1635 D BaseRestrictionMgr: Package: com.ss.android.ugc.trill, userid: 0, hostingType: broadcast is Restricted by policy: 4 caller is: null
06-23 13:01:55.535  6583  6583 D SamsungBatteryMeterDrawable: onBatteryLevelChanged isSomethingChanged: false
06-23 13:01:55.535  6583  6583 D SamsungBatteryMeterDrawable: onBatteryLevelChanged isSomethingChanged: false
06-23 13:01:55.535  6583  6583 D SamsungBatteryMeterDrawable: onBatteryLevelChanged isSomethingChanged: false
06-23 13:01:55.535  6583  6583 D SamsungBatteryMeterDrawable: onBatteryLevelChanged isSomethingChanged: false
06-23 13:01:55.536  6583  6583 D KeyguardUpdateMonitor: received broadcast android.intent.action.BATTERY_CHANGED
06-23 13:01:55.536  6583  6583 I PowerUI : mBootCompleted = true |  mFullyConnected = true
06-23 13:01:55.536  6583  6583 I PowerUI : BATTERY_HEALTH_CHECK extraHealth=2 mBatteryMiscEvent=131072
06-23 13:01:55.536  6583  6583 W PowerUI : Plug reason
06-23 13:01:55.536  6583  6583 W PowerUI : Skip charging animation - by plug status
06-23 13:01:55.536  6583  6583 D PowerUI : priorPlugType = 2 mPlugType = 2 priorBatteryStatus = 2 mBatteryStatus = 2
06-23 13:01:55.536  6583  6583 W PowerUI : Plug reason
06-23 13:01:55.536  6583  6583 W PowerUI : Skip charging sound - by plug status
06-23 13:01:55.536  6583 11709 D SecPowerUI.Notification: dismissing low battery warning: level=42
06-23 13:01:55.537  6583 11709 D SecPowerUI.Notification: updateNotification mWarning=false mPlaySound=false
06-23 13:01:55.537  6583 11709 D SecPowerUI.Notification: SecBatteryStatsSnapshot{batteryLevel=42, currentBatteryMode=0, chargingTime=5496000, chargingType=11, batteryHealth=2, automaticTestMode=false, isHiccupState=false}
06-23 13:01:55.537  6583 11709 D SecPowerUI.Notification: 1. restoreScreenTimeOut - saved_value : :
06-23 13:01:55.537  6583 11709 E SecPowerUI.Notification: no saved value, so we do nothing !!
06-23 13:01:55.533  1271  1635 W BroadcastQueue: intent:Intent { act=android.intent.action.BATTERY_CHANGED flg=0x60000010 (has extras) } is skipped in RestrictedPackage to ProcessRecord{1e8b941 13425:com.ss.android.ugc.trill/u0a339}
06-23 13:01:55.538  1271  1635 D BaseRestrictionMgr: Package: com.ss.android.ugc.trill, userid: 0, hostingType: broadcast is Restricted by policy: 4 caller is: null
06-23 13:01:55.538  1271  1635 W BroadcastQueue: intent:Intent { act=android.intent.action.BATTERY_CHANGED flg=0x60000010 (has extras) } is skipped in RestrictedPackage to ProcessRecord{1e8b941 13425:com.ss.android.ugc.trill/u0a339}
06-23 13:01:55.538  1271  1635 D BaseRestrictionMgr: Package: com.ss.android.ugc.trill, userid: 0, hostingType: broadcast is Restricted by policy: 4 caller is: null
06-23 13:01:55.538  1271  1635 W BroadcastQueue: intent:Intent { act=android.intent.action.BATTERY_CHANGED flg=0x60000010 (has extras) } is skipped in RestrictedPackage to ProcessRecord{1e8b941 13425:com.ss.android.ugc.trill/u0a339}
06-23 13:01:55.538  1271  1635 D BaseRestrictionMgr: Package: com.ss.android.ugc.trill, userid: 0, hostingType: broadcast is Restricted by policy: 4 caller is: null
06-23 13:01:55.538  1271  1635 W BroadcastQueue: intent:Intent { act=android.intent.action.BATTERY_CHANGED flg=0x60000010 (has extras) } is skipped in RestrictedPackage to ProcessRecord{1e8b941 13425:com.ss.android.ugc.trill/u0a339}
06-23 13:01:55.538  1271  1635 D BaseRestrictionMgr: Package: com.ss.android.ugc.trill, userid: 0, hostingType: broadcast is Restricted by policy: 4 caller is: null
06-23 13:01:55.538  1271  1635 W BroadcastQueue: intent:Intent { act=android.intent.action.BATTERY_CHANGED flg=0x60000010 (has extras) } is skipped in RestrictedPackage to ProcessRecord{1e8b941 13425:com.ss.android.ugc.trill/u0a339}
06-23 13:01:55.539 16908 16908 I [SCPMV2][SystemMonitorReceiver]: onReceive: android.intent.action.BATTERY_CHANGED
06-23 13:01:55.539  6583  6583 I PowerUI : oldMisalign : false, curMisalign : false
06-23 13:01:55.540  6583  6583 D SecPowerUI.Notification: showChargingNotice oldChargingType : 11 / currentChargingType : 11, oldChargingTime : 5496000 / mChargingTime : 5478000
06-23 13:01:55.540  6583  6583 D SecPowerUI.Notification: showChargingNotification()
06-23 13:01:55.540  6583  6583 D SecPowerUI.Notification: SecBatteryStatsSnapshot{batteryLevel=42, currentBatteryMode=0, chargingTime=5478000, chargingType=11, batteryHealth=2, automaticTestMode=false, isHiccupState=false}
06-23 13:01:55.542  1271  9432 D ApplicationPolicy: isStatusBarNotificationAllowedAsUser: packageName = com.android.systemui,userId = 0
06-23 13:01:55.542  1271  9432 D ApplicationPolicy: isStatusBarNotificationAllowedAsUser: packageName = com.android.systemui,userId = -1
06-23 13:01:55.542  1271  9432 D ApplicationPolicy: isStatusBarNotificationAllowedAsUser: converting userId from USER_ALLto 0
06-23 13:01:55.543  6583  6583 D PowerUI : Battery swelling mode - priorBatterySwellingMode = 0 mBatterySwellingMode = 0 mBatteryStatus = 2
06-23 13:01:55.543  6583  6583 I PowerUI : mBatteryMiscEvent = 131072
06-23 13:01:55.543  6583  6583 I AODBatteryManager: updateBatteryData: ACTION_BATTERY_CHANGED
06-23 13:01:55.544  6583  6583 I AODBatteryManager: saveBatteryData : AOD BatteryData [mBatteryLevel=42, mBatteryStatus=CHARGING, mBatteryPlugType=USB, mBatteryPlugged=true, mRemainingChargeTime=5478000, mBatteryChargingType=1, mBatteryChargerType=NORMAL, mBatteryOnline=NOT_DEFINED, mBatterySwellingMode=NONE, mBatteryProtectMode=false]
06-23 13:01:55.544  6583  6583 I ChargingInfoManager: updateChargingInfo: newState = AOD ChargingInfo [mState=BATTERY_AND_REMAIN_TIME, mIsCharging=true, mIsFullyCharged=false, mIsBatteryProtectMode=false], oldState = AOD ChargingInfo [mState=BATTERY_AND_REMAIN_TIME, mIsCharging=true, mIsFullyCharged=false, mIsBatteryProtectMode=false]
06-23 13:01:55.544  6583  6583 D KeyguardUpdateMonitor: handleBatteryUpdate
06-23 13:01:55.547  6583  6583 D KeyguardSecIndicationController: addIndicationTimeout() returned - unlocking
06-23 13:01:55.547  6583  6583 D KeyguardSecIndicationController: addIndication() returned - unlocking
06-23 13:01:55.547  6583  6583 D KeyguardSecIndicationPolicy:  remove Item pos = DEFAULT, type =           OWNER_INFO
06-23 13:01:55.547  6583  6583 D KeyguardSecIndicationController: addBatteryAndOwnerInfoIndication() battery status = BatteryStatus{status=2,level=42,plugged=2,health=2,maxChargingWattage=-1,remaining=5478000ultraFastCharger=0}
06-23 13:01:55.604   711   711 D io_stats: !@   8,0 r 1944605 56371992 w 2493988 75260052 d 883926 48477544 f 0 0 iot 1341388 0 th 0 0 0 pt 0 inp 0 0 82363.316
06-23 13:01:55.747  1271  1271 I Telecom:SamsungTelecomServiceImpl: isInManagedCall - callingPackage : android
06-23 13:01:55.764  6583  6583 D InterruptionStateProvider: Group alert behavior is suppressed but we want to alert bubble
06-23 13:01:55.764  6583  6583 D InterruptionStateProvider: Group alert behavior is suppressed but we want to alert bubble
06-23 13:01:55.764  6583  6583 D InterruptionStateProvider: Group alert behavior is suppressed but we want to alert bubble
06-23 13:01:55.765  6583  6583 D InterruptionStateProvider: Group alert behavior is suppressed but we want to alert bubble
06-23 13:01:55.765  8502  8502 I Edge.badge: updateBadge item = com.android.systemui:-1 1
06-23 13:01:55.765  7333  7333 I Launcher.NotificationListener: onNotificationPosted : com.android.systemui number : 0
06-23 13:01:55.778  1128  1195 I VSyncReactor: Current= 60, TransitioningTo= 60, hwcPeriod= 60, Distance= 0
06-23 13:01:55.965  6583  6583 D BubblesManager: onEntryUpdated : shouldBubbleUp=false ,key=-1|com.android.systemui|2131428972|charging_state|10041
06-23 13:01:55.967  6583  6583 D InterruptionStateProvider:  no Heads up : edgelighting enabled app. -1|com.android.systemui|2131428972|charging_state|10041
06-23 13:01:55.997  6583  6583 I FaceWidgetPositionAlgorithm: getClockContainerHeight() supplier = 309, bottom margin = 0, real height = 381
06-23 13:01:55.997  6583  6583 I FaceWidgetPositionAlgorithm: getClockContainerHeight() supplier = 309, bottom margin = 72, real height = 381
06-23 13:01:55.997  6583  6583 I FaceWidgetPositionAlgorithm: getMediaContainerHeight() height = 0 container Visibility = 8, isValid = false, mIsDozing = false, fraction = 1.0, source = 0, target = 0
06-23 13:01:55.997  6583  6583 I FaceWidgetPositionAlgorithm: getMediaContainerHeight() supplier = 0
06-23 13:01:56.021  1396  6535 I bauth_FPBAuthService: pcf : 0x1012, 0 ,3 ,0 ,0 ,0 ,0, 7.0.0.0
06-23 13:01:56.021  1396  6535 I bauth_FPBAuthService: thread id : 3, preenroll_flag : 0, nd cnt : 0, cso : 0, et : 0
06-23 13:01:56.021  1396  6535 I bauth_FPBAuthService: FPBAuthService, 11511
06-23 13:01:56.033  6583  6583 I FaceWidgetPositionAlgorithm: getClockContainerHeight() supplier = 309, bottom margin = 0, real height = 381
06-23 13:01:56.033  6583  6583 I FaceWidgetPositionAlgorithm: getClockContainerHeight() supplier = 309, bottom margin = 72, real height = 381
06-23 13:01:56.033  6583  6583 I FaceWidgetPositionAlgorithm: getMediaContainerHeight() height = 0 container Visibility = 8, isValid = false, mIsDozing = false, fraction = 1.0, source = 0, target = 0
06-23 13:01:56.033  6583  6583 I FaceWidgetPositionAlgorithm: getMediaContainerHeight() supplier = 0
06-23 13:01:56.054  6583  6583 I FaceWidgetPositionAlgorithm: getClockContainerHeight() supplier = 309, bottom margin = 0, real height = 381
06-23 13:01:56.054  6583  6583 I FaceWidgetPositionAlgorithm: getClockContainerHeight() supplier = 309, bottom margin = 72, real height = 381
06-23 13:01:56.054  6583  6583 I FaceWidgetPositionAlgorithm: getMediaContainerHeight() height = 0 container Visibility = 8, isValid = false, mIsDozing = false, fraction = 1.0, source = 0, target = 0
06-23 13:01:56.054  6583  6583 I FaceWidgetPositionAlgorithm: getMediaContainerHeight() supplier = 0
06-23 13:01:56.167  1271 21117 D SemWifiUsabilityStatsMonitor: onWifiUsabilityStats - seqNum 14143, isSameBssidAndFreq true
06-23 13:01:56.170  1271  6502 I SemWifiLinkQualityMonitor: Link Qos Query: 0.018 ms / 450.188 Mbps (648 / 0.005 / 1.000)
06-23 13:01:56.170  6583  6583 D NetworkController.WifiSignalController: notifyListener: visible=true, connected=true, inetCondition=1, isDefault=true, wifiTestReported=true, receivedInetCondition=-1, hideDuringMobileSwitching=false
06-23 13:01:56.836  1271  6500 I SemWifiServiceDetector: Traff. tracking started
06-23 13:01:57.006  1016  1016 I sensors-hal: set_config:67, sample_period_ns is adjusted to 200000000 based on min/max delay_ns
06-23 13:01:57.006  1016  1016 I sensors-hal: batch:363, com.samsung.sensor.light_cct/1511, period=200000000, max_latency=0 request completed
06-23 13:01:57.007  1016  1016 I sensors-hal: activate:279, com.samsung.sensor.light_cct/1511 en=1
06-23 13:01:57.007  1016  1016 I sensors-hal: get_qmi_debug_flag:241, support_qmi_debug : false
06-23 13:01:57.021  1396  6535 I bauth_FPBAuthService: pcf : 0x1012, 0 ,3 ,0 ,0 ,0 ,0, 7.0.0.0
06-23 13:01:57.021  1396  6535 I bauth_FPBAuthService: thread id : 3, preenroll_flag : 0, nd cnt : 0, cso : 0, et : 0
06-23 13:01:57.021  1396  6535 I bauth_FPBAuthService: FPBAuthService, 11511
06-23 13:01:57.022  1016  1016 I sensors-hal: activate:297, com.samsung.sensor.light_cct/1511 en=1 completed
06-23 13:01:57.022  1271  6932 D SensorManager: registerListener :: 1511, TMD4907 Light CCT  Non-wakeup, 200000, 0, com.samsung.android.displaysolution.EyeComfortSolutionService$2@b9ebf1
06-23 13:01:57.073  1016 19591 I sensors-hal: handle_indication_realtime:466,  SCHED_FIFO(10) for qmi_cbk
06-23 13:01:57.073  1016 19591 I sensors-hal: handle_sns_std_sensor_event:90, light_cct: ts = 432967966643398 ns; value = [713.000000, 713.000000, 27.000000, 1236.000000, 713.000000, 118.000000, 2.000000, 0.000000, 0.000000, 10.000000]
06-23 13:01:57.075  1271  6932 D SensorService: Calling activate off 1511
06-23 13:01:57.076  1016  1016 I sensors-hal: activate:279, com.samsung.sensor.light_cct/1511 en=0
06-23 13:01:57.078  1016  1016 I sensors-hal: deactivate:371, disconnect qmi to disable sensor
06-23 13:01:57.078  1016  1016 I sensors-hal: activate:297, com.samsung.sensor.light_cct/1511 en=0 completed
06-23 13:01:57.078  1271  6932 D SensorManager: unregisterListener :: com.samsung.android.displaysolution.EyeComfortSolutionService$2@b9ebf1
06-23 13:01:57.339  1271  6500 D SemNscXgbMsL1: Probability - Cloud gaming: [0.060623307]
06-23 13:01:57.339  1271  6500 D SemNscXgbMsL1: Probability - Real time: [0.34762096]
06-23 13:01:57.339  1271  6500 D SemNscXgbMsL1: Probability - Non real time: [0.92171746]
06-23 13:01:57.339  1271  6500 D SemNscXgbMsL1: 1 sample inference time: 1.150729 msecs
06-23 13:01:57.342  1271  6500 D SemNscXgbL2Rt: L2 RT 1 sample inference time: 2.017708 msecs
06-23 13:01:57.343  1271  6500 D SemNscXgbL2Nrt: L2 NRT 1 sample inference time: 1.265208 msecs
06-23 13:01:57.845  1271  6500 D SemNscXgbMsL1: Probability - Cloud gaming: [0.018782409]
06-23 13:01:57.846  1271  6500 D SemNscXgbMsL1: Probability - Real time: [0.2591641]
06-23 13:01:57.846  1271  6500 D SemNscXgbMsL1: Probability - Non real time: [0.83640164]
06-23 13:01:57.846  1271  6500 D SemNscXgbMsL1: 1 sample inference time: 1.532188 msecs
06-23 13:01:57.849  1271  6500 D SemNscXgbL2Rt: L2 RT 1 sample inference time: 2.826146 msecs
06-23 13:01:57.851  1271  6500 D SemNscXgbL2Nrt: L2 NRT 1 sample inference time: 1.857656 msecs
06-23 13:01:57.953 20903 20903 I wpa_supplicant: Heartbeat 8280
06-23 13:01:58.022  1396  6535 I bauth_FPBAuthService: pcf : 0x1012, 0 ,3 ,0 ,0 ,0 ,0, 7.0.0.0
06-23 13:01:58.022  1396  6535 I bauth_FPBAuthService: thread id : 3, preenroll_flag : 0, nd cnt : 0, cso : 0, et : 0
06-23 13:01:58.022  1396  6535 I bauth_FPBAuthService: FPBAuthService, 11511
06-23 13:01:58.273  1016 19318 I sensors-hal: handle_sns_std_sensor_event:268, [SSC_LIGHT] P: 693(693),m:1,c:0,b:118,ch:0,r:0,bl:0,16:781
06-23 13:01:58.352  1271  6500 D SemNscXgbMsL1: Probability - Cloud gaming: [0.060500372]
06-23 13:01:58.353  1271  6500 D SemNscXgbMsL1: Probability - Real time: [0.18399514]
06-23 13:01:58.354  1271  6500 D SemNscXgbMsL1: Probability - Non real time: [0.6657304]
06-23 13:01:58.354  1271  6500 D SemNscXgbMsL1: 1 sample inference time: 1.360365 msecs
06-23 13:01:58.358  1271  6500 D SemNscXgbL2Rt: L2 RT 1 sample inference time: 3.742291 msecs
06-23 13:01:58.359  1271  6500 D SemNscXgbL2Nrt: L2 NRT 1 sample inference time: 1.701042 msecs
06-23 13:01:58.863  1271  6500 D SemNscXgbMsL1: Probability - Cloud gaming: [0.040407266]
06-23 13:01:58.864  1271  6500 D SemNscXgbMsL1: Probability - Real time: [0.16142517]
06-23 13:01:58.864  1271  6500 D SemNscXgbMsL1: Probability - Non real time: [0.87202674]
06-23 13:01:58.864  1271  6500 D SemNscXgbMsL1: 1 sample inference time: 1.562917 msecs
06-23 13:01:58.867  1271  6500 D SemNscXgbL2Rt: L2 RT 1 sample inference time: 2.493385 msecs
06-23 13:01:58.869  1271  6500 D SemNscXgbL2Nrt: L2 NRT 1 sample inference time: 2.006303 msecs
06-23 13:01:59.022  1396  6535 I bauth_FPBAuthService: pcf : 0x1012, 0 ,3 ,0 ,0 ,0 ,0, 7.0.0.0
06-23 13:01:59.023  1396  6535 I bauth_FPBAuthService: thread id : 3, preenroll_flag : 0, nd cnt : 0, cso : 0, et : 0
06-23 13:01:59.023  1396  6535 I bauth_FPBAuthService: FPBAuthService, 11511
06-23 13:01:59.312  1271 21117 D SemWifiUsabilityStatsMonitor: onWifiUsabilityStats - seqNum 14144, isSameBssidAndFreq true
06-23 13:01:59.313  1271  6502 I SemWifiLinkQualityMonitor: Link Qos Query: 0.047 ms / 171.258 Mbps (648 / 0.006 / 2.500)
06-23 13:01:59.371  1271  6500 D SemNscXgbMsL1: Probability - Cloud gaming: [0.033944085]
06-23 13:01:59.372  1271  6500 D SemNscXgbMsL1: Probability - Real time: [0.15305562]
06-23 13:01:59.373  1271  6500 D SemNscXgbMsL1: Probability - Non real time: [0.8472474]
06-23 13:01:59.373  1271  6500 D SemNscXgbMsL1: 1 sample inference time: 2.484635 msecs
06-23 13:01:59.376  1271  6500 D SemNscXgbL2Rt: L2 RT 1 sample inference time: 2.532656 msecs
06-23 13:01:59.378  1271  6500 D SemNscXgbL2Nrt: L2 NRT 1 sample inference time: 1.805364 msecs
06-23 13:01:59.820  1271  6500 I SemWifiServiceDetector: Traff. tracking stopped
06-23 13:02:00.007  6583  7370 D QSClockBellTower: onReceive(android.intent.action.TIME_TICK) mTimeZoneString:Asia/Seoul
06-23 13:02:00.008  6583  6583 D KeyguardUpdateMonitor: received broadcast android.intent.action.TIME_TICK
06-23 13:02:00.022  1271  1271 I EyeComfortSolutionService: action  :  android.intent.action.TIME_TICK
06-23 13:02:00.023  1396  6535 I bauth_FPBAuthService: pcf : 0x1012, 0 ,3 ,0 ,0 ,0 ,0, 7.0.0.0
06-23 13:02:00.023  1396  6535 I bauth_FPBAuthService: thread id : 3, preenroll_flag : 0, nd cnt : 0, cso : 0, et : 0
06-23 13:02:00.023  1396  6535 I bauth_FPBAuthService: FPBAuthService, 11511
06-23 13:02:00.046  6583  6583 D QSClockBellTower: He is ready to ring the bell. (((QSClockBellSound - TimeText:1:02, TimeContentDescription:오후 1:02, DateText:6월 23일 화요일, ShortDateText:6월 23일 (화), Demo:false, QuickStar-Second(false|12:34:56))))
06-23 13:02:00.046  6583  6583 D QSClockIndicatorView: Home Indicator status_bar_clock 1:02 notifyTimeChanged(QSClockBellSound - TimeText:1:02, TimeContentDescription:오후 1:02, DateText:6월 23일 화요일, ShortDateText:6월 23일 (화), Demo:false, QuickStar-Second(false|12:34:56)) ClockVisibleByPolicy:true, ClockVisibleByUser:true, visible?true, parent:android.widget.LinearLayout{62262b0 V.E...... ......ID 0,0-75,60 #7f0b04f0 app:id/left_clock_container}
06-23 13:02:00.047  6583  6583 D QSClockBellTower: Everyone heard the bell. run(currentTime:1782187320045,   getTime():Tue Jun 23 13:02:00 GMT+09:00 2026,   getTimeZone():libcore.util.ZoneInfo[mDstSavings=0,mUseDst=false,mDelegate=[id="Asia/Seoul",mRawOffset=32400000,mEarliestRawOffset=30472000,transitions=29]])
06-23 13:02:00.047  6583  6583 D KeyguardUpdateMonitor: handleTimeUpdate
06-23 13:02:00.047  6583  6583 D FaceWidgetPagesController: onTimeChanged()
06-23 13:02:00.050  1128  1195 I VSyncReactor: Current= 60, TransitioningTo= 60, hwcPeriod= 60, Distance= 0
06-23 13:02:00.067  6583  6583 I FaceWidgetPositionAlgorithm: getClockContainerHeight() supplier = 309, bottom margin = 0, real height = 381
06-23 13:02:00.068  6583  6583 I FaceWidgetPositionAlgorithm: getClockContainerHeight() supplier = 309, bottom margin = 72, real height = 381
06-23 13:02:00.068  6583  6583 I FaceWidgetPositionAlgorithm: getMediaContainerHeight() height = 0 container Visibility = 8, isValid = false, mIsDozing = false, fraction = 1.0, source = 0, target = 0
06-23 13:02:00.068  6583  6583 I FaceWidgetPositionAlgorithm: getMediaContainerHeight() supplier = 0
06-23 13:02:00.069  6583  6583 V QsExpandAnimator: setQsExpansionPosition 0.0
06-23 13:02:00.079  6583  6583 V QsExpandAnimator: updateAnimators
06-23 13:02:00.079  6583  6583 V QsExpandAnimator: clearAnimationState 
06-23 13:02:00.080  6583  6583 V QsExpandAnimator: updateViews
06-23 13:02:00.081  6583  6583 V QsExpandAnimator: updateTileAnimator
06-23 13:02:00.081  6583  6583 V QsExpandAnimator: updateHeaderAnimator
06-23 13:02:00.082  6583  6583 V QsExpandAnimator: updateBarAnimator
06-23 13:02:00.082  6583  6583 V QsExpandAnimator: setQsExpansionPosition 0.0
06-23 13:02:00.082  6583  6583 V QsExpandAnimator: onAnimationAtStart
06-23 13:02:00.545  6583  6583 D SecPowerUI.Notification: showChargingNotice oldChargingType : 11 / currentChargingType : 11, oldChargingTime : 5478000 / mChargingTime : 5478000
06-23 13:02:00.545  6583  6583 D SecPowerUI.Notification: There is no change about charging status, so return!
06-23 13:02:01.023  1396  6535 I bauth_FPBAuthService: pcf : 0x1012, 0 ,3 ,0 ,0 ,0 ,0, 7.0.0.0
06-23 13:02:01.023  1396  6535 I bauth_FPBAuthService: thread id : 3, preenroll_flag : 0, nd cnt : 0, cso : 0, et : 0
06-23 13:02:01.023  1396  6535 I bauth_FPBAuthService: FPBAuthService, 11511
06-23 13:02:01.152  1016 19318 I sensors-hal: handle_sns_std_sensor_event:268, [SSC_LIGHT] P: 706(706),m:1,c:0,b:118,ch:0,r:0,bl:0,16:793
06-23 13:02:01.609   711   711 D io_stats: !@   8,0 r 1944605 56371992 w 2493998 75260144 d 883926 48477544 f 0 0 iot 1341392 0 th 0 0 0 pt 0 inp 0 0 82369.321
06-23 13:02:02.023  1396  6535 I bauth_FPBAuthService: pcf : 0x1012, 0 ,3 ,0 ,0 ,0 ,0, 7.0.0.0
06-23 13:02:02.023  1396  6535 I bauth_FPBAuthService: thread id : 3, preenroll_flag : 0, nd cnt : 0, cso : 0, et : 0
06-23 13:02:02.023  1396  6535 I bauth_FPBAuthService: FPBAuthService, 11511
06-23 13:02:02.479  1271 21117 D SemWifiUsabilityStatsMonitor: onWifiUsabilityStats - seqNum 14145, isSameBssidAndFreq true
06-23 13:02:02.484  6583  6583 D NetworkController.WifiSignalController: notifyListener: visible=true, connected=true, inetCondition=1, isDefault=true, wifiTestReported=true, receivedInetCondition=-1, hideDuringMobileSwitching=false
06-23 13:02:02.486  1271  6502 I SemWifiLinkQualityMonitor: Link Qos Query: 0.067 ms / 118.964 Mbps (648 / 0.015 / 2.500)
06-23 13:02:02.493  1128  1195 I VSyncReactor: Current= 60, TransitioningTo= 60, hwcPeriod= 60, Distance= 0
06-23 13:02:02.631  1271  2072 D InputReader: Btn_touch(10): value=1 when=82370.342259
06-23 13:02:02.631  1271  2072 I InputReader: Touch event's action is 0x0 (id=3, t=0) [pCnt=1, s=0.25429 ] when=82370.342259
06-23 13:02:02.633  1271  2071 I InputDispatcher: Delivering touch to (6583): action: 0x0, f=0x0, d=0, '20b4777', t=1 +(0,-2255)*(0.75)
06-23 13:02:02.633  1271  2071 D PowerManagerService: [api] userActivityFromNative :  (event: 2 flags: 0 displayId: 0) eventTime = 82370342
06-23 13:02:02.633  1271  1568 I GestureDetector: obtain mCurrentDownEvent. id: 990410716 caller: com.android.server.wm.SystemGesturesPointerEventListener.onPointerEvent:203 com.android.server.wm.PointerEventDispatcher.onInputEvent:53 android.view.InputEventReceiver.dispatchInputEvent:285 
06-23 13:02:02.633  1271  1568 I GestureDetector: obtain mCurrentDownEvent. id: 990410716 caller: com.android.server.wm.SystemPerformancePointerEventListener.onPointerEvent:89 com.android.server.wm.PointerEventDispatcher.onInputEvent:53 android.view.InputEventReceiver.dispatchInputEvent:285 
06-23 13:02:02.634  1271  2071 D PowerManagerService: UserActivityStateListenerState: 1
06-23 13:02:02.634  6583  6583 I ViewRootImpl@fdad8ca[NavigationBar0]: ViewPostIme pointer 0
06-23 13:02:02.636  8329  8329 I SemDvfsHyPerManager: acquire hyper - TABoost/8329@17, type = 1090523139
06-23 13:02:02.636  1019  1055 I HYPER-HAL: [RequestManager.cpp]acquire(): Acquired ID : 34832048  [8329 / 17]    HINT :      list : [TABoost / 30] [TIMEOUT / 1500] 
06-23 13:02:02.637  6583  6583 V Vibrator: semGetSupportedVibrationType: ret=4
06-23 13:02:02.637  6583  7434 I KeyButtonView: injectInputEvent - 3
06-23 13:02:02.637  1271  6691 D InputDispatcher: Inject key (6583/10041): action=0, f=0x48, d=0, time=82370347000000
06-23 13:02:02.637  1271  6691 D InputManager-JNI: !@interceptKeyBeforeQueueing(0), action=0, interactive=true
06-23 13:02:02.637  1271  6691 D WindowManager: interceptKeyTq keycode=3 interactive=true keyguardActive=false policyFlags=2b000002
06-23 13:02:02.637  1271  6691 D SingleKeyGesture: reset counter=1 mActiveRule=KeyCode=KEYCODE_POWER, LongPress=true, MaxMultiPressCount=5 Callers(5)=com.android.server.policy.SingleKeyGestureDetector.interceptKeyDown:453 com.android.server.policy.SingleKeyGestureDetector.interceptKey:399 com.android.server.policy.PhoneWindowManager.handleKeyGesture:5034 com.android.server.policy.PhoneWindowManager.interceptKeyBeforeQueueing:4564 com.android.server.wm.InputManagerCallback.interceptKeyBeforeQueueing:156 
06-23 13:02:02.637  1271  6691 D PhoneWindowManagerExt: interceptKeyTq code=3 down=true repeatCount=0 displayId=0 interactive=true
06-23 13:02:02.637  1271  6691 D WindowManager: interceptKeyTq interceptKeyResult=1
06-23 13:02:02.637  1271  6691 D PhoneWindowManagerExt: f.b. a=false id=1 he=true ksno=false uid=1000 callingPackage=android reason=Virtual Key - Press Caller=com.android.server.policy.PhoneWindowManager.performHapticFeedback:6534 com.android.server.policy.PhoneWindowManager.performHapticFeedback:6525 com.android.server.policy.PhoneWindowManager.interceptKeyBeforeQueueing:4938 com.android.server.wm.InputManagerCallback.interceptKeyBeforeQueueing:156 com.android.server.input.InputManagerService.interceptKeyBeforeQueueing:4755 
06-23 13:02:02.638  1271  6691 D VibratorManagerService: vibrate - uid: 1000, opPkg: android, effect: Mono{mEffect=Composed{segments=[SemHaptic{mType=50038}], repeat=-1, mMagnitudeType=TYPE_TOUCH}}, attrs: VibrationAttributes: Usage=TOUCH Audio Usage= USAGE_UNKNOWN tags= Flags=0, reason: Virtual Key - Press, token: android.os.Binder@a3ba6fb
06-23 13:02:02.638  1271  6691 D VibratorManagerService: converted usage = TOUCH(18)
06-23 13:02:02.638  1271  6691 D VibratorManagerService: semIndexVibrate : EFFECT_HEAVY_CLICK(14), repeat: -1, usage: TOUCH(18), magnitude: 4000
06-23 13:02:02.638  1271  6691 D VibratorManagerService: Starting vibrate for vibration  14292
06-23 13:02:02.638  1271  6691 D InputManager-JNI: !@handleInterceptActions(0), action=0, wmActions=1
06-23 13:02:02.639  1271  2071 D WindowManager: interceptKeyTi keyCode=3 down=true repeatCount=0 keyguardOn=false canceled=false
06-23 13:02:02.639  1271  2071 D PhoneWindowManagerExt: interceptKeyTi code=3 down=true repeatCount=0 displayId=0 interactive=true
06-23 13:02:02.639  1271  2025 D SemHapticStep: sepIndex=14, intensity=4000, repeat=false
06-23 13:02:02.639  1271  2025 D SemHapticStep: Turning on vibrator 0 for ms
06-23 13:02:02.639  1271  2025 I VibratorController: vibratorPerformPrebakedHapticPattern started
06-23 13:02:02.640   635  1785 I servicemanager: Could not find android.hardware.vibrator.IVibrator/default in the VINTF manifest.
06-23 13:02:02.641  1083  1083 E SecVibrator-HAL2.2_A: sehPerformPrebakedHapticPattern pattern : 14, amplitude : 4000
06-23 13:02:02.641  1083  1083 E SecVibrator-HAL2.2_A: sehPerformPrebakedHapticPattern one shoot starts
06-23 13:02:02.641  1083  1083 E SecVibrator-HAL2.2_A: >> writeNode node:/timed_output/vibrator/intensity val:4000
06-23 13:02:02.643  1083  1083 E SecVibrator-HAL2.2_A: << writeNode node OK 5
06-23 13:02:02.643  1083  1083 E SecVibrator-HAL2.2_A: >> writeNode node:/timed_output/vibrator/cp_trigger_index val:14
06-23 13:02:02.643  1083  1083 E SecVibrator-HAL2.2_A: << writeNode node OK 3
06-23 13:02:02.643  1083  1083 E SecVibrator-HAL2.2_A: >> writeNode node:/timed_output/vibrator/enable val:1000
06-23 13:02:02.643  1083  1083 E SecVibrator-HAL2.2_A: << writeNode node OK 5
06-23 13:02:02.644  1083  1083 E SecVibrator-HAL2.2_A: sehPerformPrebakedHapticPattern one shoot end
06-23 13:02:02.644  1117  1117 I SSC_DAEMON: physical_sensor_test_req_msg Sensor type :0, Msg type:3
06-23 13:02:02.648  1117  1875 I SSC_DAEMON: accel_motor_state_event: 1, 1
06-23 13:02:02.648  1117  1875 I SSC_DAEMON: LCE motor: 1
06-23 13:02:02.663  1271  1568 I GestureDetector: obtain mCurrentMotionEventRaw. action: 2 id: 754220017
06-23 13:02:02.663  1271  1568 I GestureDetector: obtain mCurrentMotionEventRaw. action: 2 id: 754220017
06-23 13:02:02.739  8329  8329 I SemDvfsHyPerManager: acquire hyper - TABoost/8329@17, type = 1090523139
06-23 13:02:02.739  1019  1055 I HYPER-HAL: [RequestManager.cpp]releaseLocked(): Released ID : 34832048
06-23 13:02:02.740  1019  1055 I HYPER-HAL: [RequestManager.cpp]acquire(): Acquired ID : 34832048  [8329 / 17]    HINT :      list : [TABoost / 30] [TIMEOUT / 1500] 
06-23 13:02:02.786  1271  2072 D InputReader: Btn_touch(10): value=0 when=82370.498097
06-23 13:02:02.787  1271  2072 I InputReader: Touch event's action is 0x1 (id=3, t=0) [pCnt=1, s=] when=82370.498097
06-23 13:02:02.787  1271  2071 I InputDispatcher: Delivering touch to (6583): action: 0x1, f=0x0, d=0, '20b4777', t=1 +(0,-2255)*(0.75)
06-23 13:02:02.787  6583  6583 I ViewRootImpl@fdad8ca[NavigationBar0]: ViewPostIme pointer 1
06-23 13:02:02.788  6583  7434 I KeyButtonView: injectInputEvent - 3
06-23 13:02:02.788  1271  6691 D InputDispatcher: Inject key (6583/10041): action=1, f=0x48, d=0, time=82370499000000
06-23 13:02:02.788  1271  6691 D InputManager-JNI: !@interceptKeyBeforeQueueing(0), action=1, interactive=true
06-23 13:02:02.788  1271  6691 D WindowManager: interceptKeyTq keycode=3 interactive=true keyguardActive=false policyFlags=2b000002
06-23 13:02:02.788  1271  6691 D PhoneWindowManagerExt: interceptKeyTq code=3 down=false repeatCount=0 displayId=0 interactive=true
06-23 13:02:02.788  1271  6691 D WindowManager: interceptKeyTq interceptKeyResult=1
06-23 13:02:02.788  1271  6691 D InputManager-JNI: !@handleInterceptActions(0), action=1, wmActions=1
06-23 13:02:02.789  1271  2071 D WindowManager: interceptKeyTi keyCode=3 down=false repeatCount=0 keyguardOn=false canceled=false
06-23 13:02:02.789  1271  2071 D PhoneWindowManagerExt: interceptKeyTi code=3 down=false repeatCount=0 displayId=0 interactive=true
06-23 13:02:02.793  1271  1568 D PowerManagerService: [api] userActivity : event: 0 flags: 0 (uid: 1000 pid: 1271) <- requestAwakenInternal() in com.android.server.dreams.DreamManagerService:240 eventTime = 82370504 displayId = 0
06-23 13:02:02.793  1271  1568 I SemDvfsHyPerManager: acquire hyper - AMS_APP_HOME/1271@29, type = -999
06-23 13:02:02.793  1271  1635 D BaseRestrictionMgr: Package: com.soomgo, userid: 0, hostingType: broadcast is Restricted by policy: 4 caller is: null
06-23 13:02:02.793  1271  1635 W BroadcastQueue: intent:Intent { act=android.intent.action.CLOSE_SYSTEM_DIALOGS flg=0x50000010 (has extras) } is skipped in RestrictedPackage to ProcessRecord{ad8fca6 13721:com.soomgo/u0a341}
06-23 13:02:02.793  1271  1635 D BaseRestrictionMgr: Package: com.ss.android.ugc.trill, userid: 0, hostingType: broadcast is Restricted by policy: 4 caller is: null
06-23 13:02:02.793  1271  1635 W BroadcastQueue: intent:Intent { act=android.intent.action.CLOSE_SYSTEM_DIALOGS flg=0x50000010 (has extras) } is skipped in RestrictedPackage to ProcessRecord{1e8b941 13425:com.ss.android.ugc.trill/u0a339}
06-23 13:02:02.793  1271  1635 D BaseRestrictionMgr: Package: com.ss.android.ugc.trill, userid: 0, hostingType: broadcast is Restricted by policy: 4 caller is: null
06-23 13:02:02.793  1271  1635 W BroadcastQueue: intent:Intent { act=android.intent.action.CLOSE_SYSTEM_DIALOGS flg=0x50000010 (has extras) } is skipped in RestrictedPackage to ProcessRecord{1e8b941 13425:com.ss.android.ugc.trill/u0a339}
06-23 13:02:02.794  1019  1055 I HYPER-HAL: [RequestManager.cpp]acquire(): Acquired ID : 845679  [1271 / 29]    HINT : AMS_APP_HOME    list : 
06-23 13:02:02.795  8329  8329 I SemDvfsHyPerManager: acquire hyper - APP_START_HOME/8329@13, type = -999
06-23 13:02:02.795  1019  1055 I HYPER-HAL: [ResourceManager.cpp]updateResource(): [CPUMinFreq] UpdateResource Request ID : 845679    Value : 2841600
06-23 13:02:02.796  1271  1568 D ActivityManagerPerformance: AMP_acquire() HOME
06-23 13:02:02.796  1271  1568 D PhoneWindowManagerExt: startDockOrHome
06-23 13:02:02.796  1271  2084 V InputMethodManagerService: hideCurrentInputLocked : canceled, shouldHideSoftInput=false, mInputShown=false, mImeWindowVis=0
06-23 13:02:02.796  1019  1055 I HYPER-HAL: [RequestManager.cpp]acquire(): Acquired ID : 34798666  [8329 / 13]    HINT : APP_START    list : [KERNEL_APP_START_NOTIFY / 0] [TIMEOUT / 1500] 
06-23 13:02:02.796  1271  2084 I InputMethodBindingController: setCurrentMethodNotVisible: mVisibleBound=false, mHasConnection=true, caller = com.android.server.inputmethod.InputMethodManagerService.hideCurrentInputLocked:4356 com.android.server.inputmethod.InputMethodManagerService.handleMessage:5666 android.os.Handler.dispatchMessage:102 android.os.Looper.loopOnce:226 android.os.Looper.loop:313 android.os.HandlerThread.run:67 com.android.server.ServiceThread.run:44 <bottom of call stack> <bottom of call stack> <bottom of call stack> 
06-23 13:02:02.796  1271  1568 D WindowManager: startDockOrHome: startReason= startDockOrHome
06-23 13:02:02.797  1019  1055 I HYPER-HAL: [ResourceManager.cpp]updateResource(): [CPUMaxFreq] UpdateResource Request ID : 34798666    Value : 2841600
06-23 13:02:02.797  1271  1568 D ActivityTaskManager: SafeActivityOptions created, mOriginalCallingPid=1271, mOriginalCallingUid=1000, options=ActivityOptions(255733480), mPackageName=null, mAnimationType=-1, mStartX=0, mStartY=0, mWidth=0, mHeight=0, caller=com.android.server.wm.SafeActivityOptions.fromBundle:82 com.android.server.wm.ActivityStarter.setActivityOptions:4708 com.android.server.wm.ActivityStartController.startHomeActivity:215 com.android.server.wm.RootWindowContainer.startHomeOnTaskDisplayArea:1846 com.android.server.wm.RootWindowContainer.lambda$startHomeOnDisplay$13:1736 com.android.server.wm.RootWindowContainer.$r8$lambda$AJ98l6Vu0VhEpmfv30jgOxfPyik:0 com.android.server.wm.RootWindowContainer$$ExternalSyntheticLambda45.apply:18 
06-23 13:02:02.798  6583  6583 D PopupUI.PopupUI: PopupUIReceiver.onReceive() action : android.intent.action.CLOSE_SYSTEM_DIALOGS
06-23 13:02:02.798  1271  1568 I ActivityTaskManager: START u0 {act=android.intent.action.MAIN cat=[android.intent.category.HOME] flg=0x10000100 cmp=com.sec.android.app.launcher/.activities.LauncherActivity (has extras)} from uid 0
06-23 13:02:02.798  6583  6583 V ShadeControllerImpl: NotificationShadeWindow: com.android.systemui.statusbar.phone.NotificationShadeWindowView{27ee450 I.E...... ......ID 0,0-1080,2400} canPanelBeCollapsed(): false
06-23 13:02:02.798  6583  6583 D LocationControllerImpl: onReceive() = android.intent.action.CLOSE_SYSTEM_DIALOGS
06-23 13:02:02.798  6583  6583 D QSButtonsContainer: action:android.intent.action.CLOSE_SYSTEM_DIALOGS
06-23 13:02:02.798  6583  6583 D QSMoreButton: action:android.intent.action.CLOSE_SYSTEM_DIALOGS
06-23 13:02:02.798  6583  6583 D SecQSLayoutDetail: action:android.intent.action.CLOSE_SYSTEM_DIALOGS
06-23 13:02:02.798  6583  6583 D SecVolume.SecVolumeStore: dispatch [ACTION_DISMISS_REQUESTED] with [STATE_NO_DISPATCH]
06-23 13:02:02.798  6583  6583 D SecVolume.SecVolumeStore:   > New State : [STATE_NO_DISPATCH]
06-23 13:02:02.799  1271  1568 D ActivityTaskManager: TaskLaunchParamsModifier:task=null activity=ActivityRecord{b64e3a6 u0 com.sec.android.app.launcher/.activities.LauncherActivity} display-area-from-option=DefaultTaskDisplayArea@27168242 display-id=0 display-windowing-mode=1 suggested-display-area=DefaultTaskDisplayArea@27168242
06-23 13:02:02.799  1271  1568 D ActivityTaskManager: TaskLaunchParamsModifier:task=Task{4fb1eea #8 type=home A=10138:com.sec.android.app.launcher.activities.LauncherActivity U=0 rootTaskId=1 visible=false visibleRequested=false mode=fullscreen translucent=true sz=1} activity=ActivityRecord{b64e3a6 u0 com.sec.android.app.launcher/.activities.LauncherActivity} t-1} display-area-from-option=DefaultTaskDisplayArea@27168242 display-id=0 display-windowing-mode=1 suggested-display-area=DefaultTaskDisplayArea@27168242 activity-options-fullscreen=Rect(0, 0 - 0, 0) non-freeform-display display-area=DefaultTaskDisplayArea@27168242 maximized-bounds
06-23 13:02:02.799  1271  1568 I Pageboost: moveTaskToFront : 10138:com.sec.android.app.launcher.activities.LauncherActivity
06-23 13:02:02.799  7919  7919 E pageboostd: Received HALT command code 2
06-23 13:02:02.800  1271  1568 D ActivityTaskManager: scheduleTopResumedActivityChanged, onTop=false r=ActivityRecord{8ede989 u0 com.android.settings/.SubSettings} t451} caller=com.android.server.wm.ActivityTaskSupervisor.updateTopResumedActivityIfNeeded:2510 com.android.server.wm.TaskDisplayArea.positionChildTaskAt:602 com.android.server.wm.TaskDisplayArea.positionChildAt:537 com.android.server.wm.WindowContainer.positionChildAt:970 com.android.server.wm.Task.positionChildAt:3354 com.android.server.wm.Task.moveToFrontInner:6053 
06-23 13:02:02.800  1271  1568 D InputDispatcher: Focused application(0): ActivityRecord{5f7ed63 u0 com.sec.android.app.launcher/.activities.LauncherActivity} t8}
06-23 13:02:02.800  1271  1568 V WindowManager: Changing focus from Window{9b8e4b4 u0 com.android.settings/com.android.settings.SubSettings} to null displayId=0 Callers=com.android.server.wm.RootWindowContainer.updateFocusedWindowLocked:595 com.android.server.wm.WindowManagerService.updateFocusedWindowLocked:6810 com.android.server.wm.ActivityTaskManagerService.setResumedActivityUncheckLocked:5766 com.android.server.wm.ActivityRecord.moveFocusableActivityToTop:3874 
06-23 13:02:02.800  1271  1568 D MARsPolicyManager: onPackageResumedFG pkgName = com.android.settings, userId = 0
06-23 13:02:02.801  1271  1568 D StatusBarManagerService: notifyRequestedSystemKey recent=false home=false
06-23 13:02:02.801  1271  1568 D SGM:FgCheckThread: TaskStackListener.onTaskFocusChanged(), taskId=451, focused=false
06-23 13:02:02.801  1271  1568 D SGM:FgCheckThread: TaskStackListener.onTaskFocusChanged(), taskId=8, focused=true
06-23 13:02:02.801  1271  1568 D SGM:FgCheckThread:   sendRunningComponentFocus(), pkgName: com.sec.android.app.launcher, userId: 0
06-23 13:02:02.801  1271  2090 D SGM:FgCheckThread: onLooperPrepared(), msg: MSG_TASK_FOCUSED, pkgName: com.sec.android.app.launcher, userId: 0
