06-23 13:02:09.856 19624 19667 W unknown:ViewManagerPropertyUpdater: Could not find generated setter for class com.horcrux.svg.RenderableViewManager$SymbolManager
06-23 13:02:09.858  7333 28353 I ViewRootImpl@d29368c[LauncherActivity]: mWNT: t=0xb400007d182f2c10 mBlastBufferQueue=0xb400007d582dad30 fn= 44 caller= com.android.systemui.shared.launcher.ViewRootImplCompat.mergeWithNextTransaction:2 com.android.quickstep.util.SurfaceTransactionApplier.lambda$scheduleApply$0:2 com.android.quickstep.util.SurfaceTransactionApplier.b:0 
06-23 13:02:09.858 19624 19667 W unknown:ViewManagerPropertyUpdater: Could not find generated setter for class com.horcrux.svg.RenderableViewManager$PatternManager
06-23 13:02:09.859 19624 19667 W unknown:ViewManagerPropertyUpdater: Could not find generated setter for class com.horcrux.svg.RenderableViewManager$FeBlendManager
06-23 13:02:09.860 19624 19667 W unknown:ViewManagerPropertyUpdater: Could not find generated setter for class com.facebook.react.views.view.ReactViewManager
06-23 13:02:09.861 19624 19667 W unknown:ViewManagerPropertyUpdater: Could not find generated setter for class com.horcrux.svg.SvgViewManager
06-23 13:02:09.862 19624 19667 W unknown:ViewManagerPropertyUpdater: Could not find generated setter for class com.facebook.react.views.switchview.ReactSwitchManager
06-23 13:02:09.862 19624 19667 W unknown:ViewManagerPropertyUpdater: Could not find generated setter for class com.facebook.react.views.switchview.ReactSwitchShadowNode
06-23 13:02:09.863 19624 19667 W unknown:ViewManagerPropertyUpdater: Could not find generated setter for class com.horcrux.svg.RenderableViewManager$UseViewManager
06-23 13:02:09.864 19624 19667 W unknown:ViewManagerPropertyUpdater: Could not find generated setter for class com.horcrux.svg.RenderableViewManager$CircleViewManager
06-23 13:02:09.865 19624 19667 W unknown:ViewManagerPropertyUpdater: Could not find generated setter for class com.horcrux.svg.RenderableViewManager$TSpanViewManager
06-23 13:02:09.866 19624 19667 W unknown:ViewManagerPropertyUpdater: Could not find generated setter for class com.horcrux.svg.RenderableViewManager$FilterManager
06-23 13:02:09.867 19624 19667 W unknown:ViewManagerPropertyUpdater: Could not find generated setter for class com.horcrux.svg.RenderableViewManager$MarkerManager
06-23 13:02:09.868 19624 19667 W unknown:ViewManagerPropertyUpdater: Could not find generated setter for class com.swmansion.gesturehandler.react.RNGestureHandlerButtonViewManager
06-23 13:02:09.871 19624 19667 W unknown:ViewManagerPropertyUpdater: Could not find generated setter for class com.facebook.react.views.modal.ReactModalHostManager
06-23 13:02:09.873 19624 19667 W unknown:ViewManagerPropertyUpdater: Could not find generated setter for class com.horcrux.svg.RenderableViewManager$ForeignObjectManager
06-23 13:02:09.874 19624 19667 W unknown:ViewManagerPropertyUpdater: Could not find generated setter for class com.horcrux.svg.RenderableViewManager$EllipseViewManager
06-23 13:02:09.874  7333 28354 I ViewRootImpl@d29368c[LauncherActivity]: mWNT: t=0xb400007d18352070 mBlastBufferQueue=0xb400007d582dad30 fn= 45 caller= com.android.systemui.shared.launcher.ViewRootImplCompat.mergeWithNextTransaction:2 com.android.quickstep.util.SurfaceTransactionApplier.lambda$scheduleApply$0:2 com.android.quickstep.util.SurfaceTransactionApplier.b:0 
06-23 13:02:09.875 19624 19667 W unknown:ViewManagerPropertyUpdater: Could not find generated setter for class com.horcrux.svg.RenderableViewManager$LineViewManager
06-23 13:02:09.876 19624 19667 W unknown:ViewManagerPropertyUpdater: Could not find generated setter for class com.facebook.react.views.text.frescosupport.FrescoBasedReactTextInlineImageViewManager
06-23 13:02:09.876 19624 19667 W unknown:ViewManagerPropertyUpdater: Could not find generated setter for class com.facebook.react.views.text.frescosupport.FrescoBasedReactTextInlineImageShadowNode
06-23 13:02:09.877 19624 19667 W unknown:ViewManagerPropertyUpdater: Could not find generated setter for class com.horcrux.svg.RenderableViewManager$FeFloodManager
06-23 13:02:09.878 19624 19667 W unknown:ViewManagerPropertyUpdater: Could not find generated setter for class com.horcrux.svg.RenderableViewManager$GroupViewManager
06-23 13:02:09.879 19624 19667 W unknown:ViewManagerPropertyUpdater: Could not find generated setter for class com.horcrux.svg.RenderableViewManager$TextViewManager
06-23 13:02:09.880 19624 19667 W unknown:ViewManagerPropertyUpdater: Could not find generated setter for class com.horcrux.svg.RenderableViewManager$ImageViewManager
06-23 13:02:09.881 19624 19667 W unknown:ViewManagerPropertyUpdater: Could not find generated setter for class com.horcrux.svg.RenderableViewManager$FeCompositeManager
06-23 13:02:09.882 19624 19667 W unknown:ViewManagerPropertyUpdater: Could not find generated setter for class com.facebook.react.views.image.ReactImageManager
06-23 13:02:09.883 19624 19667 W unknown:ViewManagerPropertyUpdater: Could not find generated setter for class com.horcrux.svg.RenderableViewManager$RadialGradientManager
06-23 13:02:09.884 19624 19667 W unknown:ViewManagerPropertyUpdater: Could not find generated setter for class com.horcrux.svg.RenderableViewManager$MaskManager
06-23 13:02:09.885 19624 19667 W unknown:ViewManagerPropertyUpdater: Could not find generated setter for class com.facebook.react.views.unimplementedview.ReactUnimplementedViewManager
06-23 13:02:09.885 19624 19667 W unknown:ViewManagerPropertyUpdater: Could not find generated setter for class com.horcrux.svg.RenderableViewManager$RectViewManager
06-23 13:02:09.886 19624 19667 W unknown:ViewManagerPropertyUpdater: Could not find generated setter for class com.horcrux.svg.RenderableViewManager$TextPathViewManager
06-23 13:02:09.887 19624 19667 W unknown:ViewManagerPropertyUpdater: Could not find generated setter for class com.facebook.react.views.scroll.ReactScrollViewManager
06-23 13:02:09.888 19624 19667 W unknown:ViewManagerPropertyUpdater: Could not find generated setter for class com.horcrux.svg.RenderableViewManager$FeOffsetManager
06-23 13:02:09.889 19624 19667 W unknown:ViewManagerPropertyUpdater: Could not find generated setter for class com.horcrux.svg.RenderableViewManager$PathViewManager
06-23 13:02:09.890 19624 19667 W unknown:ViewManagerPropertyUpdater: Could not find generated setter for class com.facebook.react.views.drawer.ReactDrawerLayoutManager
06-23 13:02:09.891  7333 28353 I ViewRootImpl@d29368c[LauncherActivity]: mWNT: t=0xb400007d183b6ff0 mBlastBufferQueue=0xb400007d582dad30 fn= 46 caller= com.android.systemui.shared.launcher.ViewRootImplCompat.mergeWithNextTransaction:2 com.android.quickstep.util.SurfaceTransactionApplier.lambda$scheduleApply$0:2 com.android.quickstep.util.SurfaceTransactionApplier.b:0 
06-23 13:02:09.892 19624 19667 W unknown:ViewManagerPropertyUpdater: Could not find generated setter for class com.facebook.react.views.text.ReactVirtualTextViewManager
06-23 13:02:09.892 19624 19667 W unknown:ViewManagerPropertyUpdater: Could not find generated setter for class com.facebook.react.views.text.ReactVirtualTextShadowNode
06-23 13:02:09.892 19624 19667 W unknown:ViewManagerPropertyUpdater: Could not find generated setter for class com.facebook.react.views.swiperefresh.SwipeRefreshLayoutManager
06-23 13:02:09.893 19624 19667 W unknown:ViewManagerPropertyUpdater: Could not find generated setter for class com.facebook.react.views.text.ReactRawTextManager
06-23 13:02:09.893 19624 19667 W unknown:ViewManagerPropertyUpdater: Could not find generated setter for class com.facebook.react.views.text.ReactRawTextShadowNode
06-23 13:02:09.894 19624 19667 W unknown:ViewManagerPropertyUpdater: Could not find generated setter for class com.facebook.react.views.textinput.ReactTextInputManager
06-23 13:02:09.895 19624 19667 W unknown:ViewManagerPropertyUpdater: Could not find generated setter for class com.facebook.react.views.textinput.ReactTextInputShadowNode
06-23 13:02:09.896 19624 19667 W unknown:ViewManagerPropertyUpdater: Could not find generated setter for class com.swmansion.gesturehandler.react.RNGestureHandlerRootViewManager
06-23 13:02:09.898 19624 19667 W BridgelessReactContext: [WARNING] Bridgeless doesn't support CatalystInstance. Accessing an API that's not part of the new architecture is not encouraged usage.
06-23 13:02:09.901 19624 19667 I ExpoModulesCore: ✅ JSI interop was installed
06-23 13:02:09.906 19624 19667 I ExpoModulesCore: ✅ Constants were exported
06-23 13:02:09.907  7333 28354 I ViewRootImpl@d29368c[LauncherActivity]: mWNT: t=0xb400007d183abd10 mBlastBufferQueue=0xb400007d582dad30 fn= 47 caller= com.android.systemui.shared.launcher.ViewRootImplCompat.mergeWithNextTransaction:2 com.android.quickstep.util.SurfaceTransactionApplier.lambda$scheduleApply$0:2 com.android.quickstep.util.SurfaceTransactionApplier.b:0 
06-23 13:02:09.911  1271  6926 V MdnieScenarioControlService: mAclOffEnabled : false mAclPreviewState : false mAclCompensationState : false
06-23 13:02:09.912  1271  2085 I GenerationRegistry: mBackingStore.isClosed() : false
06-23 13:02:09.915 19624 19667 W ReactNativeJS: This method is deprecated (as well as all React Native Firebase namespaced API) and will be removed in the next major release as part of move to match Firebase Web modular SDK API. Please see migration guide for more details: https://rnfirebase.io/migrating-to-v22 Please use `getApp()` instead.
06-23 13:02:09.918 19624 19667 W ReactNativeJS: This method is deprecated (as well as all React Native Firebase namespaced API) and will be removed in the next major release as part of move to match Firebase Web modular SDK API. Please see migration guide for more details: https://rnfirebase.io/migrating-to-v22. Method called was `setBackgroundMessageHandler`. Please use `setBackgroundMessageHandler()` instead.
06-23 13:02:09.924  7333 28353 I ViewRootImpl@d29368c[LauncherActivity]: mWNT: t=0xb400007d183bcf90 mBlastBufferQueue=0xb400007d582dad30 fn= 48 caller= com.android.systemui.shared.launcher.ViewRootImplCompat.mergeWithNextTransaction:2 com.android.quickstep.util.SurfaceTransactionApplier.lambda$scheduleApply$0:2 com.android.quickstep.util.SurfaceTransactionApplier.b:0 
06-23 13:02:09.937 19624 19667 I ReactNativeJS: Running "main"
06-23 13:02:09.941  7333 28354 I ViewRootImpl@d29368c[LauncherActivity]: mWNT: t=0xb400007d183ba170 mBlastBufferQueue=0xb400007d582dad30 fn= 49 caller= com.android.systemui.shared.launcher.ViewRootImplCompat.mergeWithNextTransaction:2 com.android.quickstep.util.SurfaceTransactionApplier.lambda$scheduleApply$0:2 com.android.quickstep.util.SurfaceTransactionApplier.b:0 
06-23 13:02:09.957  7333 28353 I ViewRootImpl@d29368c[LauncherActivity]: mWNT: t=0xb400007d183708b0 mBlastBufferQueue=0xb400007d582dad30 fn= 50 caller= com.android.systemui.shared.launcher.ViewRootImplCompat.mergeWithNextTransaction:2 com.android.quickstep.util.SurfaceTransactionApplier.lambda$scheduleApply$0:2 com.android.quickstep.util.SurfaceTransactionApplier.b:0 
06-23 13:02:09.974  7333 28354 I ViewRootImpl@d29368c[LauncherActivity]: mWNT: t=0xb400007d1830f950 mBlastBufferQueue=0xb400007d582dad30 fn= 51 caller= com.android.systemui.shared.launcher.ViewRootImplCompat.mergeWithNextTransaction:2 com.android.quickstep.util.SurfaceTransactionApplier.lambda$scheduleApply$0:2 com.android.quickstep.util.SurfaceTransactionApplier.b:0 
06-23 13:02:09.975  8502  8502 I Utils   : isCurrentUser current = 0, ownerId = 0
06-23 13:02:09.975  8502  8502 I TrayVisibilityController: getComputedTrayVisible : keyguardState = 1
06-23 13:02:09.975  8502  8502 I TrayVisibilityController: updateTrayVisible: State=1 visible=1 mCurrentVisible=1 specificMode=0
06-23 13:02:09.975  8502  8502 I TrayStateController: onNotifyUpdateTray: state=0
06-23 13:02:09.991  7333 28353 I ViewRootImpl@d29368c[LauncherActivity]: mWNT: t=0xb400007d182f9a50 mBlastBufferQueue=0xb400007d582dad30 fn= 52 caller= com.android.systemui.shared.launcher.ViewRootImplCompat.mergeWithNextTransaction:2 com.android.quickstep.util.SurfaceTransactionApplier.lambda$scheduleApply$0:2 com.android.quickstep.util.SurfaceTransactionApplier.b:0 
06-23 13:02:10.007  7333 28354 I ViewRootImpl@d29368c[LauncherActivity]: mWNT: t=0xb400007d183642b0 mBlastBufferQueue=0xb400007d582dad30 fn= 53 caller= com.android.systemui.shared.launcher.ViewRootImplCompat.mergeWithNextTransaction:2 com.android.quickstep.util.SurfaceTransactionApplier.lambda$scheduleApply$0:2 com.android.quickstep.util.SurfaceTransactionApplier.b:0 
06-23 13:02:10.024  7333 28353 I ViewRootImpl@d29368c[LauncherActivity]: mWNT: t=0xb400007d183a1c30 mBlastBufferQueue=0xb400007d582dad30 fn= 54 caller= com.android.systemui.shared.launcher.ViewRootImplCompat.mergeWithNextTransaction:2 com.android.quickstep.util.SurfaceTransactionApplier.lambda$scheduleApply$0:2 com.android.quickstep.util.SurfaceTransactionApplier.b:0 
06-23 13:02:10.032  1396  6535 I bauth_FPBAuthService: pcf : 0x1012, 0 ,3 ,0 ,0 ,0 ,0, 7.0.0.0
06-23 13:02:10.032  1396  6535 I bauth_FPBAuthService: thread id : 3, preenroll_flag : 0, nd cnt : 0, cso : 0, et : 0
06-23 13:02:10.032  1396  6535 I bauth_FPBAuthService: FPBAuthService, 11511
06-23 13:02:10.040  7333 28354 I ViewRootImpl@d29368c[LauncherActivity]: mWNT: t=0xb400007d1835fbd0 mBlastBufferQueue=0xb400007d582dad30 fn= 55 caller= com.android.systemui.shared.launcher.ViewRootImplCompat.mergeWithNextTransaction:2 com.android.quickstep.util.SurfaceTransactionApplier.lambda$scheduleApply$0:2 com.android.quickstep.util.SurfaceTransactionApplier.b:0 
06-23 13:02:10.057  7333 28353 I ViewRootImpl@d29368c[LauncherActivity]: mWNT: t=0xb400007d183b4bf0 mBlastBufferQueue=0xb400007d582dad30 fn= 56 caller= com.android.systemui.shared.launcher.ViewRootImplCompat.mergeWithNextTransaction:2 com.android.quickstep.util.SurfaceTransactionApplier.lambda$scheduleApply$0:2 com.android.quickstep.util.SurfaceTransactionApplier.b:0 
06-23 13:02:10.073  7333  7333 W AppTransitionAnimatorImpl: onAnimationEnd - APP IN, Execution time for each frame : Start-(31)-0-(16)-1-(16)-1-(16)-0-(17)-0-(16)-0-(16)-1-(16)-0-(17)-0-(16)-1-(16)-0-(17)-0-(16)-1-(16)-0-(16)-1-(16)-0-(17)-0-(16)-1-(16)-0-(17)-0-(16)-1-(16)-0-End
06-23 13:02:10.073  7333  7333 I AnimationResult: AnimationResult finish : onAnimationEnd
06-23 13:02:10.073  7333  7333 I AnimationResult: finish : false, com.android.launcher3.g@26562bb
06-23 13:02:10.074  7333  7488 I AnimationResult: finish callback : com.android.launcher3.g@26562bb
06-23 13:02:10.074  1271  7361 D WindowManager: app-onAnimationFinished(): mOuter=RemoteAnimationController@ad77608
06-23 13:02:10.074  1271  7361 D WindowManager: onAnimationFinished(RemoteAnimationController@ad77608): mPendingAnimations=2, caller=
06-23 13:02:10.074  1271  7361 D WindowManager: app-release(): mOuter=RemoteAnimationController@ad77608
06-23 13:02:10.074  1271  7361 D WindowManager: onAnimationFinished(): Notify animation finished:
06-23 13:02:10.074  1271  7361 I WindowManager: Reparenting to original parent: Surface(name=DefaultTaskDisplayArea)/@0x52ce758, destroy=true, surface=Surface(name=Task=457)/@0xcf7e825
06-23 13:02:10.074  7333 28354 I ViewRootImpl@d29368c[LauncherActivity]: mWNT: t=0xb400007d183c96b0 mBlastBufferQueue=0xb400007d582dad30 fn= 57 caller= com.android.systemui.shared.launcher.ViewRootImplCompat.mergeWithNextTransaction:2 com.android.quickstep.util.SurfaceTransactionApplier.lambda$scheduleApply$0:2 com.android.quickstep.util.SurfaceTransactionApplier.b:0 
06-23 13:02:10.074  7333  7333 I AppTransitionAnimatorImpl: resetContentView
06-23 13:02:10.075  1271  7361 D WindowManager: 	container=Task{8e31da7 #457 type=standard A=10363:com.anotherme.app U=0 visible=true visibleRequested=true mode=fullscreen translucent=false sz=1}
06-23 13:02:10.075  1271  7361 I WindowManager: Reparenting to original parent: Surface(name=DefaultTaskDisplayArea)/@0x52ce758, destroy=true, surface=Surface(name=Task=1)/@0x1b4e185
06-23 13:02:10.075  1271  7361 V WindowManager: Setting visibility of Window{4aca0f5 u0 com.samsung.android.app.spage}: false, caller=com.android.server.wm.WindowContainer.sendAppVisibilityToClients:1246 com.android.server.wm.WindowState.sendAppVisibilityToClients:4183 com.android.server.wm.WindowContainer.sendAppVisibilityToClients:1246 com.android.server.wm.WindowToken.setClientVisible:431 com.android.server.wm.ActivityRecord.setClientVisible:7691 
06-23 13:02:10.075  2859  2859 I ViewRootImpl@9346f6d[]: handleAppVisibility mAppVisible = true visible = false
06-23 13:02:10.075  1271  7361 V WindowManager: Setting visibility of Window{6a74475 u0 com.sec.android.app.launcher/com.sec.android.app.launcher.activities.LauncherActivity}: false, caller=com.android.server.wm.WindowContainer.sendAppVisibilityToClients:1246 com.android.server.wm.WindowToken.setClientVisible:431 com.android.server.wm.ActivityRecord.setClientVisible:7691 com.android.server.wm.ActivityRecord.onAnimationFinished:8590 com.android.server.wm.WindowContainer.doAnimationFinished:3483 
06-23 13:02:10.076  1271  7361 D WindowManager: 	container=Task{ebde7c1 #1 type=home ?? U=0 visible=false visibleRequested=false mode=fullscreen translucent=true sz=1}
06-23 13:02:10.076  1271  7361 I WindowManager: Reparenting to original parent: Surface(name=Leaf:0:1)/@0x1031e08, destroy=true, surface=Surface(name=WallpaperWindowToken{4111af9 token=android.os.Binder@6eaddc0})/@0x30bd7ab
06-23 13:02:10.076  1271  7361 D WindowManager: 	wallpaper=WallpaperWindowToken{4111af9 token=android.os.Binder@6eaddc0}
06-23 13:02:10.076  1271  7361 I WindowManager: Finishing remote animation
06-23 13:02:10.076  1271  1571 V WindowManager: Setting visibility of Window{853da5 u0 com.android.systemui.ImageWallpaper}: false, caller=com.android.server.wm.WindowContainer.sendAppVisibilityToClients:1246 com.android.server.wm.WindowToken.setClientVisible:431 com.android.server.wm.WallpaperWindowToken.setVisible:160 com.android.server.wm.WallpaperWindowToken.updateWallpaperWindows:154 com.android.server.wm.WallpaperController.updateWallpaperTokens:676 
06-23 13:02:10.076  6583  7552 D WallpaperService: dispatchAppVisibility onVisibilityChanged(): false
06-23 13:02:10.077  6583  6583 D WallpaperService: reportVisibility onVisibilityChanged visible: false
06-23 13:02:10.077  6583  6702 I ImageWallpaper[GLEngine]:  onVisibilityChanged false , 0
06-23 13:02:10.086  1019 19619 I HYPER-HAL: [ResourceManager.cpp]removeResource(): [CPUMinFreq] RemoveResource Request ID : 848284
06-23 13:02:10.087  1019 19619 I HYPER-HAL: [RequestManager.cpp]releaseLocked(): Released ID : 848284
06-23 13:02:10.090  1128  1128 I Layer   : id=40896 removedFromDrawingState Surface(name=Task=457)/@0xcf7e825 - animation-leash of app_transition#40896 (166)
06-23 13:02:10.090  1128  1128 I Layer   : id=40895 removedFromDrawingState Surface(name=Task=1)/@0x1b4e185 - animation-leash of app_transition#40895 (166)
06-23 13:02:10.090  1128  1128 I Layer   : Layer [com.sec.android.app.launcher/com.sec.android.app.launcher.activities.LauncherActivity$_7333#40883] hidden!! flag(1)
06-23 13:02:10.090  1128  1128 I Layer   : id=40897 removedFromDrawingState Surface(name=WallpaperWindowToken{4111af9 token=android.os.Binder@6eaddc0})/@0x30bd7ab - animation-leash of window_animation#40897 (166)
06-23 13:02:10.090  7333  7333 I ViewRootImpl@d29368c[LauncherActivity]: handleAppVisibility mAppVisible = true visible = false
06-23 13:02:10.095  1128  1128 D SurfaceFlinger: Display 4630947232161729153 HWC layers:
06-23 13:02:10.095  1128  1128 D SurfaceFlinger:      DEVICE | 0xb4000076250c2f70 | 0100 | RGBA_8888    |    0.0    0.0 1080.0 2400.0 |    0    0 1080 2400 | Splash Screen com.anotherme.app$_6583#40894
06-23 13:02:10.095  1128  1128 D SurfaceFlinger:      DEVICE | 0xb4000076250b5890 | 0100 | RGBA_8888    |    0.0    0.0 1080.0   78.0 |    0    0 1080   78 | StatusBar$_6583#83
06-23 13:02:10.095  1128  1128 D SurfaceFlinger:      DEVICE | 0xb4000076250b98b0 | 0100 | RGBA_8888    |    0.0    0.0   67.0  342.0 | 1013  458 1080  800 | com.samsung.android.app.cocktailbars[...]rvice.CocktailBarService$_8502#40816
06-23 13:02:10.095  1128  1128 D SurfaceFlinger:      DEVICE | 0xb4000076250a5a50 | 0100 | RGBA_8888    |    0.0    0.0 1080.0  144.0 |    0 2256 1080 2400 | NavigationBar0$_6583#81
06-23 13:02:10.095  1128  1128 D SurfaceFlinger: 
06-23 13:02:10.096  1128  1197 I SurfaceFlinger: id=40897 Removed Surface(name=WallpaperWindowToken{4111af9 token=android.os.Binder@6eaddc0})/@0x30bd7ab - animation-leash of window_animation#40897 (166)
06-23 13:02:10.096  1128  1197 I SurfaceFlinger: id=40896 Removed Surface(name=Task=457)/@0xcf7e825 - animation-leash of app_transition#40896 (166)
06-23 13:02:10.096  1128  1670 I SurfaceFlinger: id=40895 Removed Surface(name=Task=1)/@0x1b4e185 - animation-leash of app_transition#40895 (166)
06-23 13:02:10.107  1128  1128 I Layer   : id=40897 Destroyed Surface(name=WallpaperWindowToken{4111af9 token=android.os.Binder@6eaddc0})/@0x30bd7ab - animation-leash of window_animation#40897
06-23 13:02:10.107  1128  1128 I Layer   : id=40896 Destroyed Surface(name=Task=457)/@0xcf7e825 - animation-leash of app_transition#40896
06-23 13:02:10.107  1128  1128 I Layer   : id=40895 Destroyed Surface(name=Task=1)/@0x1b4e185 - animation-leash of app_transition#40895
06-23 13:02:10.108  7333  7333 I ViewRootImpl@d29368c[LauncherActivity]: performTraversals mFirst=false windowShouldResize=false viewVisibilityChanged=true mForceNextWindowRelayout=false params=null
06-23 13:02:10.108  1271  7361 V WindowManager: Relayout Window{6a74475 u0 com.sec.android.app.launcher/com.sec.android.app.launcher.activities.LauncherActivity}: viewVisibility=8 req=1080x2400 d0
06-23 13:02:10.109  1271  7361 V WindowManager: Relayout hash=6a74475, pid=7333, syncId=-1: mAttrs={(0,0)(fillxfill) sim={adjust=nothing forwardNavigation} layoutInDisplayCutoutMode=shortEdges ty=BASE_APPLICATION fmt=TRANSPARENT wanim=0x10302f4
06-23 13:02:10.109  1271  7361 V WindowManager:   fl=81910100
06-23 13:02:10.109  1271  7361 V WindowManager:   pfl=1e020040
06-23 13:02:10.109  1271  7361 V WindowManager:   vsysui=1700
06-23 13:02:10.109  1271  7361 V WindowManager:   bhv=SHOW_TRANSIENT_BARS_BY_SWIPE
06-23 13:02:10.109  1271  7361 V WindowManager:   fitSides= naviIconColor=0}
06-23 13:02:10.110  7333  7333 I ViewRootImpl@d29368c[LauncherActivity]: Relayout returned: old=(0,0,1080,2400) new=(0,0,1080,2400) req=(1080,2400)8 dur=2 res=0x2 s={false 0x0} ch=true seqId=0
06-23 13:02:10.111  1016 19318 I sensors-hal: handle_sns_std_sensor_event:268, [SSC_LIGHT] P: 645(645),m:1,c:0,b:118,ch:0,r:0,bl:0,16:739
06-23 13:02:10.157 19624 19624 I ViewRootImpl@5e97063[MainActivity]: Setup new sync id=0
06-23 13:02:10.157 19624 19624 I ViewRootImpl@5e97063[MainActivity]: Setting syncFrameCallback
06-23 13:02:10.157 19624 19624 I ViewRootImpl@5e97063[MainActivity]: registerCallbacksForSync syncBuffer=false
06-23 13:02:10.158 19624 19689 I ViewRootImpl@5e97063[MainActivity]: Received frameDrawingCallback syncResult=0 frameNum=1.
06-23 13:02:10.158 19624 19689 I ViewRootImpl@5e97063[MainActivity]: Setting up sync and frameCommitCallback
06-23 13:02:10.161 19624 19658 I BLASTBufferQueue: [ViewRootImpl@5e97063[MainActivity]#0](f:0,a:0) onFrameAvailable the first frame is available
06-23 13:02:10.162 19624 19658 I ViewRootImpl@5e97063[MainActivity]: Received frameCommittedCallback lastAttemptedDrawFrameNum=1 didProduceBuffer=true
06-23 13:02:10.162  1271  7361 D Native_CFMS: CFMS Add Task Tid(19658)
06-23 13:02:10.162  1271  7361 D Native_CFMS: CFMS Add Task Tid(19688)
06-23 13:02:10.162  1271  7361 D Native_CFMS: CFMS Add Task Tid(19689)
06-23 13:02:10.162 19624 19658 D OpenGLRenderer: CFMS:: SetUp Pid : 19624    Tid : 19658
06-23 13:02:10.163 19624 19658 W Parcel  : Expecting binder but got null!
06-23 13:02:10.163 19624 19624 I ViewRootImpl@5e97063[MainActivity]: onSyncComplete
06-23 13:02:10.164 19624 19624 I ViewRootImpl@5e97063[MainActivity]: setupSync seqId=0 mSyncId=0 fn=1 caller=android.view.ViewRootImpl$$ExternalSyntheticLambda11.accept:6 android.window.SurfaceSyncer.lambda$setupSync$1$android-window-SurfaceSyncer:128 android.window.SurfaceSyncer$$ExternalSyntheticLambda1.accept:8 android.window.SurfaceSyncer$SyncSet.checkIfSyncIsComplete:382 android.window.SurfaceSyncer$SyncSet.markSyncReady:359 android.window.SurfaceSyncer.markSyncReady:151 android.view.ViewRootImpl.performTraversals:4503 
06-23 13:02:10.164 19624 19624 I ViewRootImpl@5e97063[MainActivity]: reportDrawFinished seqId=0 mSyncId=-1 fn=1 mSurfaceChangedTransaction=0xb400007d182de390
06-23 13:02:10.164  1271  7361 D WindowManager: finishDrawingWindow: Window{d669868 u0 com.anotherme.app/com.anotherme.app.MainActivity} mDrawState=DRAW_PENDING seqId=0
06-23 13:02:10.164  1271  2085 I SemDvfsHyPerManager: acquire hyper - AMS_RESUME_TAIL/1271@18, type = -999
06-23 13:02:10.164 28960 28960 I bzcx    : onPause
06-23 13:02:10.164  1271  2085 I SemDvfsHyPerManager: acquire hyper - AMS_ACT_LAZY/1271@19, type = -999
06-23 13:02:10.164  1271  2085 D ActivityManagerPerformance: AMP_acquire() TAIL
06-23 13:02:10.164  1271  2085 D ActivityManagerPerformance: AMP_release() APP_SWITCH
06-23 13:02:10.164  1019  1055 I HYPER-HAL: [RequestManager.cpp]acquire(): Acquired ID : 831423  [1271 / 18]    HINT : AMS_RESUME_TAIL    list : 
06-23 13:02:10.164  1271  2085 W ActivityTaskManager: Request to remove task ignored for non-existent task 456
06-23 13:02:10.165  7333  7333 I ViewRootImpl@d29368c[LauncherActivity]: stopped(true) old = false
06-23 13:02:10.165  7333  7333 I ViewRootImpl@d29368c[LauncherActivity]: WindowStopped on com.sec.android.app.launcher/com.sec.android.app.launcher.activities.LauncherActivity set to true
06-23 13:02:10.166  1019  1055 I HYPER-HAL: [ResourceManager.cpp]updateResource(): [CPUMinFreq] UpdateResource Request ID : 831423    Value : 1747200
06-23 13:02:10.166  1019  1055 I HYPER-HAL: [RequestManager.cpp]acquire(): Acquired ID : 832714  [1271 / 19]    HINT : AMS_ACT_LAZY    list : 
06-23 13:02:10.166  1019  1055 I HYPER-HAL: [ResourceManager.cpp]removeResource(): [CPULittleMinFreq] RemoveResource Request ID : 830133
06-23 13:02:10.167  1271  1571 V WindowManager: Finish starting ActivityRecord{9f9a666 u0 com.anotherme.app/.MainActivity} t457}: first real window is shown, no animation
06-23 13:02:10.168  1271  1570 I AppOps  : updateUidProcState uid: 10243 procState: 5 capability:15
06-23 13:02:10.168  1271  1570 I ActivityManager: Changes in 10138 2 to 5, 15 to 8
06-23 13:02:10.168  1019  1055 I HYPER-HAL: [ResourceManager.cpp]removeResource(): [CPUMinFreq] RemoveResource Request ID : 830133
06-23 13:02:10.168  1019  1055 I HYPER-HAL: [RequestManager.cpp]releaseLocked(): Released ID : 830133
06-23 13:02:10.170  1311 10389 I CameraService: onUidStateChanged: uid=10243, procState is changed. (3 -> 5)
06-23 13:02:10.172  1271  1567 D [secipm]: mSecIpmManager report to nap
06-23 13:02:10.172  1271  1567 I PkgPredictorService-SecIpmManagerServiceImpl: reportToNAP uid:10363 com.anotherme.app/com.anotherme.app.MainActivity thisTime:518
06-23 13:02:10.173 19624 19667 W ReactNativeJS: This method is deprecated (as well as all React Native Firebase namespaced API) and will be removed in the next major release as part of move to match Firebase Web modular SDK API. Please see migration guide for more details: https://rnfirebase.io/migrating-to-v22 Please use `getApp()` instead.
06-23 13:02:10.173 19624 19667 W ReactNativeJS: This method is deprecated (as well as all React Native Firebase namespaced API) and will be removed in the next major release as part of move to match Firebase Web modular SDK API. Please see migration guide for more details: https://rnfirebase.io/migrating-to-v22. Method called was `onMessage`. Please use `onMessage()` instead.
06-23 13:02:10.173  1271  1571 V WindowManager: performShowLocked: mDrawState=HAS_DRAWN in Window{d669868 u0 com.anotherme.app/com.anotherme.app.MainActivity}
06-23 13:02:10.176  1271  1571 V WindowManager: Finish starting ActivityRecord{9f9a666 u0 com.anotherme.app/.MainActivity} t457}: first real window is shown, no animation
06-23 13:02:10.179 19624 19624 W [RNScreens]: backTitleVisible prop is not available on Android
06-23 13:02:10.179 19624 19624 W [RNScreens]: backTitleFontFamily prop is not available on Android
06-23 13:02:10.179 19624 19624 W [RNScreens]: disableBackButtonMenu prop is not available on Android
06-23 13:02:10.179 19624 19624 W [RNScreens]: largeTitleFontFamily prop is not available on Android
06-23 13:02:10.179 19624 19624 W [RNScreens]: largeTitleFontWeight prop is not available on Android
06-23 13:02:10.179 19624 19624 W [RNScreens]: largeTitleHideShadow prop is not available on Android
06-23 13:02:10.181  1271  1567 I ActivityTaskManager: Displayed com.anotherme.app/.MainActivity: +518ms
06-23 13:02:10.181  1271  1567 I Pageboost: Launch time gathered : pid 19624 com.anotherme.app 518
06-23 13:02:10.181  7919  7919 E pageboostd: Received HALT command code 2
06-23 13:02:10.182  1271  2085 D TaskOrganizerController: applyStartingWindowAnimation, window=Window{fb5f7ec u0 Splash Screen com.anotherme.app}, caller=com.android.server.wm.ActivityRecord.onCopySplashScreenFinish:3135 com.android.server.wm.ActivityTaskManagerService.onSplashScreenViewCopyFinished:4390 android.app.IActivityTaskManager$Stub.onTransact:2310 
06-23 13:02:10.182  1271  2085 I WindowManager: Reparenting to leash, surface=Surface(name=fb5f7ec Splash Screen com.anotherme.app)/@0x6e3d037, leashParent=Surface(name=ActivityRecord{9f9a666 u0 com.anotherme.app/.MainActivity} t457})/@0x9fa99a4
06-23 13:02:10.182  1128  1670 I SurfaceFlinger: id=40903 createSurf, flag=24000, Surface(name=fb5f7ec Splash Screen com.anotherme.app)/@0x6e3d037 - animation-leash of starting_reveal#40903
06-23 13:02:10.183  1271  2085 D WindowManager: makeSurface duration=0 leash=Surface(name=Surface(name=fb5f7ec Splash Screen com.anotherme.app)/@0x6e3d037 - animation-leash of starting_reveal)/@0x35b930d
06-23 13:02:10.183  7333  7333 I Launcher: !@Boot_DEBUG: Launcher.onStop()
06-23 13:02:10.183  7333  7333 I Launcher: !@Boot_EBS_D: Launcher.onStop()
06-23 13:02:10.183  7333  7333 I BaseActivity: removeActivityFlags, flags : 17
06-23 13:02:10.183  7333  7333 I WallpaperBlurController: dispatchTransactionSurface: mCurrentBlur = 150
06-23 13:02:10.184  7333  7488 I IMM_LC  : hsifw() - flag : 0
06-23 13:02:10.184  7333  7488 I IMM_LC  : hsifw() - mService.hideSoftInput
06-23 13:02:10.184  7333  7333 W LauncherAppWidgetHost: setShouldListenFlag, mFlags:7 flag:start on:false isFront:false
06-23 13:02:10.184  1271  8396 I AppWidgetServiceImpl: stopListening callbacks : null
06-23 13:02:10.184  7333  7333 W LauncherAppWidgetHost: stopListening, mFlags:2 isFront:false
06-23 13:02:10.184  1271  2085 D InputMethodManagerService: hideSoftInput
06-23 13:02:10.184  7333  7333 W Launcher.NotificationListener: removeNotificationsChangedListener
06-23 13:02:10.184  1271  2085 V InputMethodManagerService: Client requesting input be hidden
06-23 13:02:10.184  7333  7333 I Launcher.NotificationListener: unregisterObserver, this is not notificationService!!
06-23 13:02:10.184  1271  2085 V InputMethodManagerService: hideCurrentInputLocked : canceled, shouldHideSoftInput=false, mInputShown=false, mImeWindowVis=0
06-23 13:02:10.184  7333  7333 I BadgeCountUpdaterImpl: onNotificationsChangedDisConnected
06-23 13:02:10.184  1271  2085 I InputMethodBindingController: setCurrentMethodNotVisible: mVisibleBound=false, mHasConnection=true, caller = com.android.server.inputmethod.InputMethodManagerService.hideCurrentInputLocked:4356 com.android.server.inputmethod.InputMethodManagerService.hideSoftInput:4294 com.android.internal.view.IInputMethodManager$Stub.onTransact:488 com.android.server.inputmethod.InputMethodManagerService.onTransact:2302 android.os.Binder.execTransactInternal:1316 android.os.Binder.execTransact:1280 <bottom of call stack> <bottom of call stack> <bottom of call stack> <bottom of call stack> 
06-23 13:02:10.184  2859 21753 I PageOverlayServiceImpl: [FROM HOME] updateActivityLifecycleState : 4
06-23 13:02:10.185  2859  2859 I PageOverlayCoordinator: onUiStopped
06-23 13:02:10.185  2859  2859 I PageOverlayRootLayout: onUiStopped
06-23 13:02:10.185  7333  7333 W PageOverlayMover: updateActivityLifecycleState : 4
06-23 13:02:10.186  7333  7333 I MSHandlerLifeCycle: removeMultiSplitHandler: no exist. decor=DecorView@5db8f59[LauncherActivity]
06-23 13:02:10.186  7333  7491 I LiveIconUpdateEventHandler: cancelMinuteChangeAlarm
06-23 13:02:10.189 19624 19667 D jni_lib_merge: Entering merged library JNI_OnLoad.
06-23 13:02:10.189 19624 19667 D jni_lib_merge: Preparing 12 pre-merged libs (including stub)
06-23 13:02:10.189 19624 19667 D jni_lib_merge: Preparing to register libfabricjni_so.  onload_func: 0x7be18ecedc
06-23 13:02:10.189 19624 19667 D jni_lib_merge: Preparing to register libreact_devsupportjni_so.  onload_func: 0x7be19bdf40
06-23 13:02:10.189 19624 19667 D jni_lib_merge: Preparing to register libreact_featureflagsjni_so.  onload_func: 0x7be19d09f8
06-23 13:02:10.189 19624 19667 D jni_lib_merge: Preparing to register libreact_newarchdefaults_so.  onload_func: 0x7be19f5e30
06-23 13:02:10.189 19624 19667 D jni_lib_merge: Preparing to register libreactnativeblob_so.  onload_func: 0x7be1a885b0
06-23 13:02:10.189 19624 19667 D jni_lib_merge: Preparing to register libreactnativejni_so.  onload_func: 0x7be1aa2b24
06-23 13:02:10.189 19624 19667 D jni_lib_merge: Preparing to register libreactnativejni_common_so.  onload_func: 0x7be1aa9458
06-23 13:02:10.189 19624 19667 D jni_lib_merge: Preparing to register librninstance_so.  onload_func: 0x7be1ac5070
06-23 13:02:10.189 19624 19667 D jni_lib_merge: Preparing to register libturbomodulejsijni_so.  onload_func: 0x7be1b5d1a4
06-23 13:02:10.189 19624 19667 D jni_lib_merge: Preparing to register libuimanagerjni_so.  onload_func: 0x7be1b647e0
06-23 13:02:10.189 19624 19667 D jni_lib_merge: Preparing to register libyoga_so.  onload_func: 0x7be1b6bda4
06-23 13:02:10.189 19624 19667 D jni_lib_merge: About to register 11 actual methods.
06-23 13:02:10.190  7333  7491 I LiveIconUpdateEventHandler: cancelDateChangeAlarm
06-23 13:02:10.190 19624 19624 I ReactNative: [GESTURE HANDLER] Initialize gesture handler for root view com.facebook.react.runtime.ReactSurfaceView{123f0ad V.E...... .......D 0,0-1080,2400 #1}
06-23 13:02:10.190  1128  1128 I Layer   : Layer [com.anotherme.app/com.anotherme.app.MainActivity$_19624#40900] hidden!! flag(0)
06-23 13:02:10.191  1271  7361 E WindowManager: win=Window{6a74475 u0 com.sec.android.app.launcher/com.sec.android.app.launcher.activities.LauncherActivity} destroySurfaces: appStopped=true cleanupOnResume=false win.mWindowRemovalAllowed=false win.mRemoveOnExit=false win.mViewVisibility=8 caller=com.android.server.wm.ActivityRecord.destroySurfaces:6539 com.android.server.wm.ActivityRecord.destroySurfaces:6520 com.android.server.wm.ActivityRecord.notifyAppStopped:6584 com.android.server.wm.ActivityRecord.activityStopped:7172 com.android.server.wm.ActivityClientController.activityStopped:269 android.app.IActivityClientController$Stub.onTransact:613 com.android.server.wm.ActivityClientController.onTransact:147 
06-23 13:02:10.192  1271  7361 I WindowManager: Destroying surface Surface(name=com.sec.android.app.launcher/com.sec.android.app.launcher.activities.LauncherActivity$_7333)/@0x605490e called by com.android.server.wm.WindowStateAnimator.destroySurface:942 com.android.server.wm.WindowStateAnimator.destroySurfaceLocked:536 com.android.server.wm.WindowState.destroySurfaceUnchecked:4309 com.android.server.wm.WindowState.destroySurface:4283 com.android.server.wm.ActivityRecord.destroySurfaces:6539 com.android.server.wm.ActivityRecord.destroySurfaces:6520 com.android.server.wm.ActivityRecord.notifyAppStopped:6584 com.android.server.wm.ActivityRecord.activityStopped:7172 
06-23 13:02:10.192  1271  7361 D ActivityTaskManager: mStartingWindow and mStartingData is null for token=ActivityRecord{5f7ed63 u0 com.sec.android.app.launcher/.activities.LauncherActivity} t8}
06-23 13:02:10.192  1271  8396 D InputDispatcher: Focus entered window (0): d669868 com.anotherme.app/com.anotherme.app.MainActivity
06-23 13:02:10.193  1271  1568 D Native_CFMS: CFMS Delete Task Tid(28353)
06-23 13:02:10.193  1271  1568 D Native_CFMS: CFMS Delete Task Tid(28354)
06-23 13:02:10.193  1271  1568 D Native_CFMS: CFMS Delete Task Tid(7333)
06-23 13:02:10.193  1271  1568 D Native_CFMS: CFMS Delete Task Tid(19624)
06-23 13:02:10.193 19624 19692 I WebViewFactory: Loading com.google.android.webview version 149.0.7827.91 (code 782709103)
06-23 13:02:10.193  1271  1568 D Native_CFMS: CFMS Delete Task Tid(19688)
06-23 13:02:10.194  1271  1568 D Native_CFMS: CFMS Delete Task Tid(19689)
06-23 13:02:10.194  1271  1568 D Native_CFMS: CFMS Delete Task Tid(19658)
06-23 13:02:10.194  1271  1568 D Native_CFMS: CFMS Delete Task Tid(28219)
06-23 13:02:10.194  1271  1568 D Native_CFMS: CFMS Add Task Tid(19624)
06-23 13:02:10.194  1271  1568 D Native_CFMS: CFMS Add Task Tid(19658)
06-23 13:02:10.194  1271  1568 D Native_CFMS: CFMS Add Task Tid(19689)
06-23 13:02:10.194  1271  1568 D Native_CFMS: CFMS Add Task Tid(19688)
06-23 13:02:10.196  1128  1128 D SurfaceFlinger: Display 4630947232161729153 HWC layers:
06-23 13:02:10.196  1128  1128 D SurfaceFlinger:      DEVICE | 0xb400007625078030 | 0102 | RGBA_8888    |    0.0    0.0 1080.0 2400.0 |    0    0 1080 2400 | com.anotherme.app/com.anotherme.app.MainActivity$_19624#40900
06-23 13:02:10.196  1128  1128 D SurfaceFlinger:      DEVICE | 0xb4000076250c2f70 | 0100 | RGBA_8888    |    0.0    0.0 1080.0 2400.0 |    0    0 1080 2400 | Splash Screen com.anotherme.app$_6583#40894
06-23 13:02:10.196  1128  1128 D SurfaceFlinger:      DEVICE | 0xb4000076250b5890 | 0100 | RGBA_8888    |    0.0    0.0 1080.0   78.0 |    0    0 1080   78 | StatusBar$_6583#83
06-23 13:02:10.196  1128  1128 D SurfaceFlinger:      DEVICE | 0xb4000076250b98b0 | 0100 | RGBA_8888    |    0.0    0.0   67.0  342.0 | 1013  458 1080  800 | com.samsung.android.app.cocktailbars[...]rvice.CocktailBarService$_8502#40816
06-23 13:02:10.196  1128  1128 D SurfaceFlinger:      DEVICE | 0xb40000762508b8f0 | 0100 | RGBA_8888    |    0.0    0.0 1080.0  144.0 |    0 2256 1080 2400 | NavigationBar0$_6583#81
06-23 13:02:10.196  1128  1128 D SurfaceFlinger: 
06-23 13:02:10.198 19624 19692 D ApplicationLoaders: Returning zygote-cached class loader: /system/framework/android.test.base.jar
06-23 13:02:10.199 19624 19692 D nativeloader: Configuring classloader-namespace for other apk /data/app/~~9WIW8hf3HGsNrdvNVzTpYQ==/com.google.android.webview-K5RKS0X8wIr-q9F7sZ4ZQw==/base.apk. target_sdk_version=36, uses_libraries=, library_path=/data/app/~~9WIW8hf3HGsNrdvNVzTpYQ==/com.google.android.webview-K5RKS0X8wIr-q9F7sZ4ZQw==/lib/arm64:/data/app/~~9WIW8hf3HGsNrdvNVzTpYQ==/com.google.android.webview-K5RKS0X8wIr-q9F7sZ4ZQw==/base.apk!/lib/arm64-v8a, permitted_path=/data:/mnt/expand
06-23 13:02:10.201  1271  7361 D ActivityTaskManager: startActivityAsUser: callingPid=19624, callingUid=10363, caller=com.android.server.wm.ActivityTaskManagerService.startActivityAsUser:1816 com.android.server.wm.ActivityTaskManagerService.startActivity:1767 android.app.IActivityTaskManager$Stub.onTransact:1244 com.android.server.wm.ActivityTaskManagerService.onTransact:6599 android.os.Binder.execTransactInternal:1316 android.os.Binder.execTransact:1280 <bottom of call stack> 
06-23 13:02:10.202  1271  1570 I ChimeraSystemEventListener: appLaunchIntent package name is: com.google.android.permissioncontroller
06-23 13:02:10.202  1271  7361 I ActivityTaskManager: START u0 {act=android.content.pm.action.REQUEST_PERMISSIONS pkg=com.google.android.permissioncontroller cmp=com.google.android.permissioncontroller/com.android.permissioncontroller.permission.ui.GrantPermissionsActivity (has extras)} from uid 10363
06-23 13:02:10.203  1271  7361 D ActivityTaskManager: TaskLaunchParamsModifier:task=null activity=ActivityRecord{63d16c5 u0 com.google.android.permissioncontroller/com.android.permissioncontroller.permission.ui.GrantPermissionsActivity} display-area-from-source=DefaultTaskDisplayArea@27168242 display-id=0 display-windowing-mode=1 suggested-display-area=DefaultTaskDisplayArea@27168242
06-23 13:02:10.203  1271  7361 D ActivityTaskManager: TaskLaunchParamsModifier:task=Task{8e31da7 #457 type=standard A=10363:com.anotherme.app U=0 visible=true visibleRequested=true mode=fullscreen translucent=false sz=1} activity=ActivityRecord{63d16c5 u0 com.google.android.permissioncontroller/com.android.permissioncontroller.permission.ui.GrantPermissionsActivity} t-1} display-area-from-source=DefaultTaskDisplayArea@27168242 display-id=0 display-windowing-mode=1 suggested-display-area=DefaultTaskDisplayArea@27168242 inherit-from-source=fullscreen activity-options-fullscreen=Rect(0, 0 - 0, 0) non-freeform-display display-area=DefaultTaskDisplayArea@27168242 maximized-bounds
06-23 13:02:10.203  1271  7309 I SemDvfsHyPerManager: acquire hyper - AMS_APP_SWITCH/1271@17, type = -999
06-23 13:02:10.203  1019  1055 I HYPER-HAL: [RequestManager.cpp]acquire(): Acquired ID : 830133  [1271 / 17]    HINT : AMS_APP_SWITCH    list : 
06-23 13:02:10.204  1128  1199 I SurfaceFlinger: id=40904 createSurf, flag=80004, ActivityRecord{63d16c5 u0 com.google.android.permissioncontroller/com.android.permissioncontroller.permission.ui.GrantPermissionsActivity} t457}#40904
06-23 13:02:10.204  1019  1055 I HYPER-HAL: [ResourceManager.cpp]updateResource(): [CPULittleMinFreq] UpdateResource Request ID : 830133    Value : 1804800
06-23 13:02:10.204  1271  7309 D ActivityManagerPerformance: AMP_acquire() APP_SWITCH
06-23 13:02:10.204  8329  8329 I SemDvfsHyPerManager: acquire hyper - APP_START_SHORT/8329@12, type = -999
06-23 13:02:10.204  1271  7361 W WindowManager: Prepare app transition: mNextAppTransitionRequests=[TRANSIT_OPEN], mNextAppTransitionFlags=, displayId: 0 Callers=com.android.server.wm.DisplayContent.prepareAppTransition:6493 com.android.server.wm.DisplayContent.prepareAppTransition:6484 com.android.server.wm.Task.startActivityLocked:6595 com.android.server.wm.ActivityStarter.startActivityInner:2980 com.android.server.wm.ActivityStarter.startActivityUnchecked:2470 
06-23 13:02:10.204  1271  7361 V WindowManager: Checking theme of starting window: 0x7f13014a
06-23 13:02:10.204  1271  7361 V WindowManager: Translucent=true Floating=true ShowWallpaper=false Disable=false
06-23 13:02:10.204  1271  7361 D ActivityTaskManager: scheduleTopResumedActivityChanged, onTop=false r=ActivityRecord{9f9a666 u0 com.anotherme.app/.MainActivity} t457} caller=com.android.server.wm.ActivityTaskSupervisor.updateTopResumedActivityIfNeeded:2510 com.android.server.wm.TaskFragment.setResumedActivity:493 com.android.server.wm.TaskFragment.onActivityStateChanged:790 com.android.server.wm.ActivityRecord.setState:6406 com.android.server.wm.TaskFragment.startPausing:1880 com.android.server.wm.TaskFragment.startPausing:1817 
06-23 13:02:10.206  1271  7361 I Pageboost: stop alp
06-23 13:02:10.206  1271  7361 I SemDvfsHyPerManager: acquire hyper - AMS_APP_LAUNCH/1271@30, type = -999
06-23 13:02:10.207  1019  1055 I HYPER-HAL: [ResourceManager.cpp]updateResource(): [CPUMinFreq] UpdateResource Request ID : 830133    Value : 2841600
06-23 13:02:10.207  1128  1128 I Layer   : id=40883 removedFromDrawingState com.sec.android.app.launcher/com.sec.android.app.launcher.activities.LauncherActivity$_7333#40883 (165)
06-23 13:02:10.207  1019  1055 I HYPER-HAL: [RequestManager.cpp]acquire(): Acquired ID : 34790323  [8329 / 12]    HINT : APP_START    list : [TIMEOUT / 1500] 
06-23 13:02:10.207  1019  1055 I HYPER-HAL: [ResourceManager.cpp]updateResource(): [CPUMaxFreq] UpdateResource Request ID : 34790323    Value : 2841600
06-23 13:02:10.207  7919  7919 E pageboostd: Received HALT command code 2
06-23 13:02:10.207  8329  8329 I SemDvfsHyPerManager: acquire hyper - APP_START/8329@14, type = -999
06-23 13:02:10.207  1128  1128 I SurfaceFlinger: id=40883 Removed com.sec.android.app.launcher/com.sec.android.app.launcher.activities.LauncherActivity$_7333#40883 (165)
06-23 13:02:10.207  1019  1055 I HYPER-HAL: [RequestManager.cpp]acquire(): Acquired ID : 846981  [1271 / 30]    HINT : AMS_APP_LAUNCH    list : 
06-23 13:02:10.208  1019  1055 I HYPER-HAL: [ResourceManager.cpp]updateResource(): [CPULittleMinFreq] UpdateResource Request ID : 846981    Value : 1804800
06-23 13:02:10.208  1019  1055 I HYPER-HAL: [ResourceManager.cpp]updateResource(): [CPUMinFreq] UpdateResource Request ID : 846981    Value : 2841600
06-23 13:02:10.208  1019  1055 I HYPER-HAL: [RequestManager.cpp]acquire(): Acquired ID : 34807010  [8329 / 14]    HINT : APP_START    list : 
06-23 13:02:10.208  1019  1055 I HYPER-HAL: [ResourceManager.cpp]updateResource(): [CPUMaxFreq] UpdateResource Request ID : 34807010    Value : 2841600
06-23 13:02:10.209  1128  1128 I Layer   : id=40883 Destroyed com.sec.android.app.launcher/com.sec.android.app.launcher.activities.LauncherActivity$_7333#40883
06-23 13:02:10.212 19624 19624 I ViewRootImpl@5e97063[MainActivity]: applyTransactionOnDraw: mRemoved = false isHardwareEnabled = true t = 0xb400007d1830bed0android.app.ActivityThread.syncTransferSplashscreenViewTransaction:4692 android.app.ActivityThread.-$$Nest$msyncTransferSplashscreenViewTransaction:0 android.app.ActivityThread$2.onDraw:4667 android.view.ViewTreeObserver.dispatchOnDraw:1165 android.view.ViewRootImpl.draw:5556 
06-23 13:02:10.214 19624 19688 I ViewRootImpl@5e97063[MainActivity]: mWNT: t=0xb400007d1830bed0 mBlastBufferQueue=0xb400007d582e55f0 fn= 4 caller= android.view.ViewRootImpl.lambda$applyTransactionOnDraw$11$android-view-ViewRootImpl:12865 android.view.ViewRootImpl$$ExternalSyntheticLambda1.onFrameDraw:4 android.graphics.HardwareRenderer$FrameDrawingCallback.onFrameDraw:924 
06-23 13:02:10.214 19624 19624 I ViewRootImpl@5e97063[MainActivity]: MSG_WINDOW_FOCUS_CHANGED 1 0
06-23 13:02:10.215 19624 19624 I ViewRootImpl@5e97063[MainActivity]: mThreadedRenderer.initializeIfNeeded()#2 mSurface={isValid=true 0xb400007de82e88d0}
06-23 13:02:10.215 19624 19624 D InputMethodManager: startInputInner - Id : 0
06-23 13:02:10.215 19624 19624 I InputMethodManager: startInputInner - mService.startInputOrWindowGainedFocus
06-23 13:02:10.216  1271  7361 D CompatibilityChangeReporter: Compat change id reported: 214016041; UID 10363; state: ENABLED
06-23 13:02:10.216  1271  7361 V InputMethodManagerService: Unspecified window will hide input
06-23 13:02:10.216  1271  7361 V InputMethodManagerService: hideCurrentInputLocked : canceled, shouldHideSoftInput=false, mInputShown=false, mImeWindowVis=0
06-23 13:02:10.216  1271  7361 I InputMethodBindingController: setCurrentMethodNotVisible: mVisibleBound=false, mHasConnection=true, caller = com.android.server.inputmethod.InputMethodManagerService.hideCurrentInputLocked:4356 com.android.server.inputmethod.InputMethodManagerService.startInputOrWindowGainedFocusInternalLocked:4662 com.android.server.inputmethod.InputMethodManagerService.startInputOrWindowGainedFocusInternal:4440 com.android.server.inputmethod.InputMethodManagerService.startInputOrWindowGainedFocus:4379 com.android.internal.view.IInputMethodManager$Stub.onTransact:518 com.android.server.inputmethod.InputMethodManagerService.onTransact:2302 android.os.Binder.execTransactInternal:1316 android.os.Binder.execTransact:1280 <bottom of call stack> <bottom of call stack> 
06-23 13:02:10.216  1271  7361 D InputMethodManagerService: DESKTOP MODE! : 2
06-23 13:02:10.216  1271  7361 D InputMethodManagerService: NOT IN KNOX DESKTOP MODE!
06-23 13:02:10.216  1271  7361 V InputMethodManagerService: getDisplayIdOfInputMethodWindowToBeAdded: displayId=0
06-23 13:02:10.216  1271  7361 V InputMethodManagerService: Creating new session for client ClientState{a09b3d4 uid=10363 pid=19624 displayId=0}
06-23 13:02:10.216  1271  7361 D InputTransport: Input channel constructed: 'ClientS', fd=1114
06-23 13:02:10.216  1271  7361 D InputTransport: Input channel constructed: 'ClientS', fd=1129
06-23 13:02:10.216  1271  7361 D InputTransport: Input channel destroyed: 'ClientS', fd=1129
06-23 13:02:10.217 19624 19624 W unknown:BridgelessReact: ReactHost{0}.onUserLeaveHint(activity)
06-23 13:02:10.217  1271  7361 D InputMethodManagerService: isImeSwitcherDisabledPackage : false
06-23 13:02:10.217  1271  7361 D InputMethodManagerService: shouldShowImeSwitcherLocked : checking vis : 3
06-23 13:02:10.217 19624 19624 W unknown:BridgelessReact: ReactHost{0}.onHostPause(activity)
06-23 13:02:10.217 19624 19624 W unknown:BridgelessReact: ReactContext.onHostPause()
06-23 13:02:10.218  1271  7361 D InputMethodManagerService: checkDisplayOfStartInputAndUpdateKeyboard: displayId=0, mFocusedDisplayId=0
06-23 13:02:10.218  1271  7361 D InputTransport: Input channel constructed: 'ClientS', fd=1129
06-23 13:02:10.218 19624 19692 I cr_WVCFactoryProvider: version=149.0.7827.91 (782709103) minSdkVersion=29 multiprocess=true packageId=127 splits=<none>
06-23 13:02:10.218  1271  7361 D InputTransport: Input channel destroyed: 'ClientS', fd=1129
06-23 13:02:10.218  1271  8398 D MARsPolicyManager: onPackageResumedFG pkgName = com.google.android.permissioncontroller, userId = 0
06-23 13:02:10.218  1271  8398 W WindowManager: Prepare app transition: mNextAppTransitionRequests=[TRANSIT_OPEN, TRANSIT_OPEN], mNextAppTransitionFlags=, displayId: 0 Callers=com.android.server.wm.DisplayContent.prepareAppTransition:6493 com.android.server.wm.TaskFragment.resumeTopActivity:1573 com.android.server.wm.TaskFragment.resumeTopActivity:1307 com.android.server.wm.Task.resumeTopActivityInnerLocked:6451 com.android.server.wm.Task.resumeTopActivityUncheckedLocked:6352 
06-23 13:02:10.218 21329 21329 I HBD     : HoneyBoardService onFinishInput 
