06-23 13:02:02.847  6583  6583 I BLASTBufferQueue: update, w= 2400 h= 2400 mName = Wallpaper mNativeObject= 0xb400007d5832e6b0 sc.mNativeObject= 0xb400007ce83ecf80 format= 2 caller= android.service.wallpaper.WallpaperService$Engine.getOrCreateBLASTSurface:2575 android.service.wallpaper.WallpaperService$Engine.updateSurface:1527 android.service.wallpaper.WallpaperService$Engine.reportVisibility:1902 android.service.wallpaper.WallpaperService$Engine.doVisibilityChanged:1872 android.service.wallpaper.WallpaperService$IWallpaperEngineWrapper.executeMessage:2842 com.android.internal.os.HandlerCaller$MyHandler.handleMessage:44 
06-23 13:02:02.847  1271  1567 D [secipm]: mSecIpmManager report to nap
06-23 13:02:02.847  6583  6583 D WallpaperService: reportVisibility onVisibilityChanged visible: true
06-23 13:02:02.847  1271  1567 I PkgPredictorService-SecIpmManagerServiceImpl: reportToNAP uid:10138 com.sec.android.app.launcher/com.sec.android.app.launcher.activities.LauncherActivity thisTime:37
06-23 13:02:02.847  1271  1570 I ActivityManager: updateOomAdj start time is before than pendingPid added, don't delete it
06-23 13:02:02.847  1271  1571 D ActivityTaskManager: mStartingWindow and mStartingData is null for token=ActivityRecord{5f7ed63 u0 com.sec.android.app.launcher/.activities.LauncherActivity} t8}
06-23 13:02:02.848  6583  6702 I ImageWallpaper[GLEngine]:  onVisibilityChanged true , 0
06-23 13:02:02.848  1271  7361 D WALLPAPER_SVC:WallpaperManagerService: getWallpaperSafeLocked, userId = 0, which = 1, caller = com.android.server.wallpaper.WallpaperManagerService.semGetWallpaperType:6825 
06-23 13:02:02.848  1271  7361 D WallpaperManagerService: which : 1, return type : 0 (called by userId= 0)
06-23 13:02:02.848  6583  6702 I ImageWallpaperRenderer: updateWallpaperOffset 0 lastCropOffset 0 , wp Type 0 , rotation 0 , allowed true Do not change Display offset 0
06-23 13:02:02.851  7333  7490 I Launcher.NotificationListener: notificationIsValidForUI : com.ss.android.ugc.trill missingTitleAndText : false isGroupHeader : false
06-23 13:02:02.851  7333  7490 I Launcher.NotificationListener: notificationIsValidForUI : com.ss.android.ugc.trill missingTitleAndText : false isGroupHeader : false
06-23 13:02:02.851  7333  7490 I Launcher.NotificationListener: notificationIsValidForUI : com.soomgo missingTitleAndText : false isGroupHeader : false
06-23 13:02:02.851  7333  7490 I Launcher.NotificationListener: notificationIsValidForUI : com.google.android.gm missingTitleAndText : false isGroupHeader : true
06-23 13:02:02.851  7333  7490 I Launcher.NotificationListener: notificationIsValidForUI : com.google.android.gm missingTitleAndText : false isGroupHeader : false
06-23 13:02:02.851  7333  7490 I Launcher.NotificationListener: notificationIsValidForUI : com.google.android.gm missingTitleAndText : false isGroupHeader : false
06-23 13:02:02.851  7333  7490 I Launcher.NotificationListener: notificationIsValidForUI : com.google.android.gm missingTitleAndText : false isGroupHeader : false
06-23 13:02:02.851  7333  7490 I Launcher.NotificationListener: notificationIsValidForUI : org.chromium.webapk.a511403f04e985410_v2 missingTitleAndText : false isGroupHeader : false
06-23 13:02:02.851  7333  7490 I Launcher.NotificationListener: notificationIsValidForUI : org.chromium.webapk.a511403f04e985410_v2 missingTitleAndText : false isGroupHeader : false
06-23 13:02:02.851  7333  7490 I Launcher.NotificationListener: notificationIsValidForUI : org.chromium.webapk.a511403f04e985410_v2 missingTitleAndText : false isGroupHeader : false
06-23 13:02:02.851  7333  7490 I Launcher.NotificationListener: notificationIsValidForUI : org.chromium.webapk.a511403f04e985410_v2 missingTitleAndText : false isGroupHeader : false
06-23 13:02:02.851  7333  7490 I Launcher.NotificationListener: notificationIsValidForUI : org.chromium.webapk.a511403f04e985410_v2 missingTitleAndText : false isGroupHeader : false
06-23 13:02:02.851  7333  7490 I Launcher.NotificationListener: notificationIsValidForUI : org.chromium.webapk.a511403f04e985410_v2 missingTitleAndText : false isGroupHeader : false
06-23 13:02:02.851  7333  7490 I Launcher.NotificationListener: notificationIsValidForUI : org.chromium.webapk.a511403f04e985410_v2 missingTitleAndText : false isGroupHeader : false
06-23 13:02:02.851  7333  7490 I Launcher.NotificationListener: notificationIsValidForUI : org.chromium.webapk.a511403f04e985410_v2 missingTitleAndText : false isGroupHeader : false
06-23 13:02:02.851  7333  7490 I Launcher.NotificationListener: notificationIsValidForUI : org.chromium.webapk.a511403f04e985410_v2 missingTitleAndText : false isGroupHeader : false
06-23 13:02:02.851  7333  7490 I Launcher.NotificationListener: notificationIsValidForUI : org.chromium.webapk.a511403f04e985410_v2 missingTitleAndText : false isGroupHeader : false
06-23 13:02:02.851  7333  7490 I Launcher.NotificationListener: notificationIsValidForUI : org.chromium.webapk.a511403f04e985410_v2 missingTitleAndText : false isGroupHeader : false
06-23 13:02:02.851  7333  7490 I Launcher.NotificationListener: notificationIsValidForUI : org.chromium.webapk.a511403f04e985410_v2 missingTitleAndText : false isGroupHeader : false
06-23 13:02:02.851  7333  7490 I Launcher.NotificationListener: notificationIsValidForUI : org.chromium.webapk.a511403f04e985410_v2 missingTitleAndText : false isGroupHeader : false
06-23 13:02:02.851  7333  7490 I Launcher.NotificationListener: notificationIsValidForUI : org.chromium.webapk.a511403f04e985410_v2 missingTitleAndText : false isGroupHeader : false
06-23 13:02:02.851  7333  7490 I Launcher.NotificationListener: notificationIsValidForUI : org.chromium.webapk.a511403f04e985410_v2 missingTitleAndText : false isGroupHeader : false
06-23 13:02:02.851  7333  7490 I Launcher.NotificationListener: notificationIsValidForUI : org.chromium.webapk.a511403f04e985410_v2 missingTitleAndText : false isGroupHeader : false
06-23 13:02:02.851  7333  7490 I Launcher.NotificationListener: notificationIsValidForUI : org.chromium.webapk.a511403f04e985410_v2 missingTitleAndText : false isGroupHeader : false
06-23 13:02:02.852  7333  7490 I Launcher.NotificationListener: notificationIsValidForUI : org.chromium.webapk.a511403f04e985410_v2 missingTitleAndText : false isGroupHeader : false
06-23 13:02:02.852  7333  7490 I Launcher.NotificationListener: notificationIsValidForUI : org.chromium.webapk.a511403f04e985410_v2 missingTitleAndText : false isGroupHeader : false
06-23 13:02:02.852  7333  7490 I Launcher.NotificationListener: notificationIsValidForUI : com.samsung.android.lool missingTitleAndText : false isGroupHeader : false
06-23 13:02:02.852  7333  7490 I Launcher.NotificationListener: notificationIsValidForUI : com.google.android.gms missingTitleAndText : false isGroupHeader : false
06-23 13:02:02.852  7333  7490 I Launcher.NotificationListener: notificationIsValidForUI : com.samsung.android.cidmanager missingTitleAndText : false isGroupHeader : false
06-23 13:02:02.852  7333  7490 I Launcher.NotificationListener: Full refresh isConnected : true active size : 28
06-23 13:02:02.853  7333  7490 I LauncherActivityInfo: Trying to load live icon for com.sec.android.app.clockpackage
06-23 13:02:02.856  7333  7490 I LiveIconUtil: getLiveIcon was called in ClockPackage
06-23 13:02:02.857  7333  7490 I LiveIconUtil: getLiveIcon res = com.sec.android.app.clockpackage
06-23 13:02:02.857  7333  7490 I LiveIconUtil: stdIconSize : 144 , targetIconSize : 174
06-23 13:02:02.857  7333  7490 I LiveIconUtil: mIconDpi : 640 , mTargetIconDpi : 480
06-23 13:02:02.858  1128  1128 I Layer   : Layer [com.sec.android.app.launcher/com.sec.android.app.launcher.activities.LauncherActivity$_7333#40883] hidden!! flag(0)
06-23 13:02:02.859  7333  7333 I Launcher.AppsViewCellLayout: com.android.homescreen.apptray.AppsViewCellLayout{6531f0c V.ED..... .......D 1081,78-2085,2153}[a=1.0,v=0,sId=1] setAlpha : 1.0
06-23 13:02:02.859  7333  7333 I ScrimView: setCurrentFlatColor mProgress = 0.75055605, mCurrentFlatColor = 40000000
06-23 13:02:02.860  7333  7333 I PopupDataProvider: onNotificationFullRefresh prev dotInfoSize : 7
06-23 13:02:02.860  7333  7333 I PopupDataProvider: refresh badge  package : com.google.android.gm count : 3
06-23 13:02:02.860  7333  7333 I PopupDataProvider: refresh badge  package : com.samsung.android.cidmanager count : 1
06-23 13:02:02.860  7333  7333 I PopupDataProvider: refresh badge  package : org.chromium.webapk.a511403f04e985410_v2 count : 19
06-23 13:02:02.860  7333  7333 I PopupDataProvider: refresh badge  package : com.ss.android.ugc.trill count : 2
06-23 13:02:02.860  7333  7333 I PopupDataProvider: refresh badge  package : com.google.android.gms count : 1
06-23 13:02:02.860  7333  7333 I PopupDataProvider: refresh badge  package : com.soomgo count : 1
06-23 13:02:02.860  7333  7333 I PopupDataProvider: refresh badge  package : com.samsung.android.lool count : 1
06-23 13:02:02.860  7333  7333 I IconView: applyDotState itemInfo : Gmail display : 2 count : 3
06-23 13:02:02.861  7333  7333 I IconView: applyDotState itemInfo : Gmail display : 101 count : 3
06-23 13:02:02.861  7333  7333 I IconView: applyDotState itemInfo : TikTok display : 1 count : 2
06-23 13:02:02.861  7333  7333 I IconView: applyDotState itemInfo : 솔로몬 display : 1 count : 19
06-23 13:02:02.861  7333  7333 I IconView: applyDotState itemInfo : 숨고 display : 1 count : 1
06-23 13:02:02.861  7333 28353 I ViewRootImpl@d29368c[LauncherActivity]: mWNT: t=0xb400007d183c35f0 mBlastBufferQueue=0xb400007d582dad30 fn= 2 caller= com.android.systemui.shared.launcher.ViewRootImplCompat.mergeWithNextTransaction:2 com.android.quickstep.util.SurfaceTransactionApplier.lambda$scheduleApply$0:2 com.android.quickstep.util.SurfaceTransactionApplier.b:0 
06-23 13:02:02.861  7333 28353 I ViewRootImpl@d29368c[LauncherActivity]: mWNT: t=0xb400007d183bfdb0 mBlastBufferQueue=0xb400007d582dad30 fn= 2 caller= com.android.systemui.shared.launcher.ViewRootImplCompat.mergeWithNextTransaction:2 com.android.quickstep.util.SurfaceTransactionApplier.lambda$scheduleApply$0:2 com.android.quickstep.util.SurfaceTransactionApplier.b:0 
06-23 13:02:02.861  7333 28353 I ViewRootImpl@d29368c[LauncherActivity]: mWNT: t=0xb400007d183bacb0 mBlastBufferQueue=0xb400007d582dad30 fn= 2 caller= com.android.systemui.shared.launcher.ViewRootImplCompat.mergeWithNextTransaction:2 com.android.quickstep.util.SurfaceTransactionApplier.lambda$scheduleApply$0:2 com.android.quickstep.util.SurfaceTransactionApplier.b:0 
06-23 13:02:02.861  7333 28353 I ViewRootImpl@d29368c[LauncherActivity]: mWNT: t=0xb400007d183a9d90 mBlastBufferQueue=0xb400007d582dad30 fn= 2 caller= com.android.systemui.shared.launcher.ViewRootImplCompat.mergeWithNextTransaction:2 com.android.quickstep.util.SurfaceTransactionApplier.lambda$scheduleApply$0:2 com.android.quickstep.util.SurfaceTransactionApplier.b:0 
06-23 13:02:02.875  7333  7333 I Launcher.AppsViewCellLayout: com.android.homescreen.apptray.AppsViewCellLayout{6531f0c V.ED..... .......D 1081,78-2085,2153}[a=1.0,v=0,sId=1] setAlpha : 1.0
06-23 13:02:02.875  7333  7333 I ScrimView: setCurrentFlatColor mProgress = 0.75197595, mCurrentFlatColor = 3f000000
06-23 13:02:02.876  1271  7361 D InputDispatcher: Focus entered window (0): 6a74475 com.sec.android.app.launcher/com.sec.android.app.launcher.activities.LauncherActivity
06-23 13:02:02.876  7333  7333 I ViewRootImpl@d29368c[LauncherActivity]: MSG_WINDOW_FOCUS_CHANGED 1 0
06-23 13:02:02.876  7333  7333 I ViewRootImpl@d29368c[LauncherActivity]: mThreadedRenderer.initializeIfNeeded()#2 mSurface={isValid=true 0xb400007de84a35d0}
06-23 13:02:02.876  7333  7333 I BaseActivity: addActivityFlags, flags : 8
06-23 13:02:02.877  7333  7333 I InputMethodManager: startInputInner - mService.startInputOrWindowGainedFocus
06-23 13:02:02.877  7333 28354 I ViewRootImpl@d29368c[LauncherActivity]: mWNT: t=0xb400007d183acf10 mBlastBufferQueue=0xb400007d582dad30 fn= 3 caller= com.android.systemui.shared.launcher.ViewRootImplCompat.mergeWithNextTransaction:2 com.android.quickstep.util.SurfaceTransactionApplier.lambda$scheduleApply$0:2 com.android.quickstep.util.SurfaceTransactionApplier.b:0 
06-23 13:02:02.878  1271  7361 V InputMethodManagerService: Unspecified window will hide input
06-23 13:02:02.878  1271  7361 V InputMethodManagerService: hideCurrentInputLocked : canceled, shouldHideSoftInput=false, mInputShown=false, mImeWindowVis=0
06-23 13:02:02.878  1128  1128 D SurfaceFlinger: Display 4630947232161729153 HWC layers:
06-23 13:02:02.878  1128  1128 D SurfaceFlinger:      CLIENT | 0xb4000076250ba000 | 0100 | RGBx_8888    |  108.0  709.0 2292.0 1691.0 |    0    0 1080 2400 | Wallpaper BBQ wrapper#87
06-23 13:02:02.878  1128  1128 D SurfaceFlinger:      CLIENT | 0xb4000076250a1f40 | 0100 | RGBA_8888    |    0.0    0.0 1080.0 2400.0 |    0    0 1080 2400 | com.sec.android.app.launcher/com.sec[...]ivities.LauncherActivity$_7333#40883
06-23 13:02:02.878  1128  1128 D SurfaceFlinger:      CLIENT | 0xb4000076250adc40 | 0102 | RGBA_8888    |    0.0    0.0 1080.0 2400.0 |   33   73 1047 2327 | com.android.settings/com.android.settings.SubSettings$_4061#40819
06-23 13:02:02.878  1128  1128 D SurfaceFlinger:      CLIENT | 0xb40000762509ca50 | 0100 | RGBA_8888    |    0.0    0.0 1080.0   78.0 |    0    0 1080   78 | StatusBar$_6583#83
06-23 13:02:02.878  1128  1128 D SurfaceFlinger:      CLIENT | 0xb4000076250b98b0 | 0100 | RGBA_8888    |    0.0    0.0   67.0  342.0 | 1013  458 1080  800 | com.samsung.android.app.cocktailbars[...]rvice.CocktailBarService$_8502#40816
06-23 13:02:02.878  1128  1128 D SurfaceFlinger:      CLIENT | 0xb4000076250b1870 | 0100 | RGBA_8888    |    0.0    0.0 1080.0  144.0 |    0 2256 1080 2400 | NavigationBar0$_6583#81
06-23 13:02:02.878  1128  1128 D SurfaceFlinger: 
06-23 13:02:02.878  1271  7361 I InputMethodBindingController: setCurrentMethodNotVisible: mVisibleBound=false, mHasConnection=true, caller = com.android.server.inputmethod.InputMethodManagerService.hideCurrentInputLocked:4356 com.android.server.inputmethod.InputMethodManagerService.startInputOrWindowGainedFocusInternalLocked:4662 com.android.server.inputmethod.InputMethodManagerService.startInputOrWindowGainedFocusInternal:4440 com.android.server.inputmethod.InputMethodManagerService.startInputOrWindowGainedFocus:4379 com.android.internal.view.IInputMethodManager$Stub.onTransact:518 com.android.server.inputmethod.InputMethodManagerService.onTransact:2302 android.os.Binder.execTransactInternal:1316 android.os.Binder.execTransact:1280 <bottom of call stack> <bottom of call stack> 
06-23 13:02:02.878  1271  7361 D InputMethodManagerService: DESKTOP MODE! : 2
06-23 13:02:02.878  1271  7361 D InputMethodManagerService: NOT IN KNOX DESKTOP MODE!
06-23 13:02:02.878  1271  7361 V InputMethodManagerService: getDisplayIdOfInputMethodWindowToBeAdded: displayId=0
06-23 13:02:02.879  1271  7361 D InputMethodManagerService: isImeSwitcherDisabledPackage : false
06-23 13:02:02.879  1271  7361 D InputMethodManagerService: shouldShowImeSwitcherLocked : checking vis : 3
06-23 13:02:02.879  4061  4061 D InputTransport: Input channel destroyed: 'ClientS', fd=129
06-23 13:02:02.879  1271  7361 D InputMethodManagerService: checkDisplayOfStartInputAndUpdateKeyboard: displayId=0, mFocusedDisplayId=0
06-23 13:02:02.879  1271  7361 D InputTransport: Input channel constructed: 'ClientS', fd=966
06-23 13:02:02.879  1271  7361 D InputTransport: Input channel destroyed: 'ClientS', fd=966
06-23 13:02:02.880  1271  7361 D RestrictionPolicy: isScreenCaptureEnabled : ret=true userId=0
06-23 13:02:02.880 21329 21329 I HBD     : HoneyBoardService onFinishInput 
06-23 13:02:02.880  1271  7361 I WindowManager: Cancelling animation restarting=true, leash=Surface(name=Surface(name=1910541 InputMethod)/@0x3259ad4 - animation-leash of insets_animation)/@0x2b18f05
06-23 13:02:02.880  1271  7361 I WindowManager: Reparenting to original parent: Surface(name=WindowToken{67b29cf type=2011 android.os.Binder@3072a2e})/@0x89b4ee, destroy=false, surface=Surface(name=1910541 InputMethod)/@0x3259ad4
06-23 13:02:02.880  1271  7361 I WindowManager: Reparenting to leash, surface=Surface(name=1910541 InputMethod)/@0x3259ad4, leashParent=Surface(name=WindowToken{67b29cf type=2011 android.os.Binder@3072a2e})/@0x89b4ee
06-23 13:02:02.881 21329 21329 I HBD     : a IC have been unbinding,  RemoteInputConnection{idHash=#a46c750}
06-23 13:02:02.881  1128  7294 I SurfaceFlinger: id=40890 createSurf, flag=24004, Surface(name=1910541 InputMethod)/@0x3259ad4 - animation-leash of insets_animation#40890
06-23 13:02:02.881 21329 21329 I HBD     : HoneyBoardService [PF_CL][onFinishInput]  1 ms 
06-23 13:02:02.881 21329 21329 I HBD     : HoneyBoardService [IMI] onStartInput - caller pid : 7333 , caller uid : 10138 
06-23 13:02:02.881 21329 21329 I HBD     : j updateConfigs 
06-23 13:02:02.881  1271  7361 D WindowManager: makeSurface duration=0 leash=Surface(name=Surface(name=1910541 InputMethod)/@0x3259ad4 - animation-leash of insets_animation)/@0xd3c1c30
06-23 13:02:02.881 21329 21329 I HBD     : j isEnabledNightMode : true 
06-23 13:02:02.881 21329 21329 I HBD     : a IC have been binding, RemoteInputConnection{idHash=#8bd6d49} 
06-23 13:02:02.881 21329 21329 I HBD     : h [EditorInputType]setPrivateImeOptionsToTable privateImeOptions ( null )
06-23 13:02:02.881 21329 21329 I HBD     : b incognitoMode : false 
06-23 13:02:02.881 21329 21329 I HBD     : b needOff = true , isForceOff = false, isNullInputClass : true 
06-23 13:02:02.881 21329 21329 I HBD     : h getDefaultInputRange : UNKNOWN 
06-23 13:02:02.882 21329 21329 I HBD     : h getDefaultInputRange : UNKNOWN 
06-23 13:02:02.882 21329 21329 I HBD     : h getDefaultInputRange : UNKNOWN 
06-23 13:02:02.882 21329 21329 I HBD     : b needOff = true , isForceOff = false, isNullInputClass : true 
06-23 13:02:02.882 21329 21329 I HBD     : b update cached prediction status : false 
06-23 13:02:02.882 21329 21329 I HBD     : h getDefaultInputRange : UNKNOWN 
06-23 13:02:02.882 21329 21329 I HBD     : h getDefaultInputRange : UNKNOWN 
06-23 13:02:02.883 21329 21329 I HBD     : a currentState : 0 
06-23 13:02:02.883 21329 21329 I HBD     : a [UpdatePolicy] [post] a: 0 cl: 4521984 kit: [1/0] vt: 0 ir: 1 
06-23 13:02:02.883 21329 21329 I HBD     : a [NRIC] resetNoResponseState 
06-23 13:02:02.883 21329 21329 I HBD     : b needOff = true , isForceOff = false, isNullInputClass : true 
06-23 13:02:02.883 21329 21329 I HBD     : b update cached prediction status : false 
06-23 13:02:02.884 21329 21329 I HBD     : HoneyBoardService [PF_OP][onStartInput]  3 ms 
06-23 13:02:02.887  7333  7490 I AppIconSolution: load= live icon for com.sec.android.app.clockpackage, from overlay = false
06-23 13:02:02.889  7333  7490 I LauncherActivityInfo: packageName: com.sec.android.app.clockpackage, useThemeIcon: false, height: 288, width: 288, density: 640
06-23 13:02:02.892  7333  7333 I Launcher.AppsViewCellLayout: com.android.homescreen.apptray.AppsViewCellLayout{6531f0c V.ED..... .......D 1081,78-2085,2153}[a=1.0,v=0,sId=1] setAlpha : 1.0
06-23 13:02:02.892  1128  1128 I Layer   : id=40834 removedFromDrawingState Surface(name=1910541 InputMethod)/@0x3259ad4 - animation-leash of insets_animation#40834 (161)
06-23 13:02:02.892  1128  1128 I SurfaceFlinger: id=40834 Removed Surface(name=1910541 InputMethod)/@0x3259ad4 - animation-leash of insets_animation#40834 (161)
06-23 13:02:02.892  7333  7333 I ScrimView: setCurrentFlatColor mProgress = 0.75441504, mCurrentFlatColor = 3f000000
06-23 13:02:02.892  1128  1128 I Layer   : id=40834 Destroyed Surface(name=1910541 InputMethod)/@0x3259ad4 - animation-leash of insets_animation#40834
06-23 13:02:02.894  7333 28353 I ViewRootImpl@d29368c[LauncherActivity]: mWNT: t=0xb400007d183a3190 mBlastBufferQueue=0xb400007d582dad30 fn= 4 caller= com.android.systemui.shared.launcher.ViewRootImplCompat.mergeWithNextTransaction:2 com.android.quickstep.util.SurfaceTransactionApplier.lambda$scheduleApply$0:2 com.android.quickstep.util.SurfaceTransactionApplier.b:0 
06-23 13:02:02.894  7333  7490 I LauncherActivityInfo: Trying to load live icon for com.samsung.android.calendar
06-23 13:02:02.896  1271  8398 D InputMethodManagerService: isImeSwitcherDisabledPackage : false
06-23 13:02:02.897 21329 21329 I InputMethodService: removeImeSurface
06-23 13:02:02.897 21329 21329 I MSHandlerLifeCycle: check: return. pkg=com.samsung.android.honeyboard isActivity=false callers=com.android.internal.policy.DecorView.setVisibility:4412 android.app.Dialog.hide:767 android.inputmethodservice.InputMethodService.removeImeSurface:1290 android.inputmethodservice.InputMethodService.scheduleImeSurfaceRemoval:1279 android.inputmethodservice.InputMethodService.-$$Nest$mscheduleImeSurfaceRemoval:0 
06-23 13:02:02.897 21329 21329 I MSHandlerLifeCycle: removeMultiSplitHandler: no exist. decor=DecorView@36a76ee[InputMethod]
06-23 13:02:02.899  7333  7490 I LiveIconLoader: [Calendar] LiveIcon - stdIconSize : 144 , targetIconSize : 174
06-23 13:02:02.899  7333  7490 I LiveIconLoader: [Calendar] LiveIcon - sIconDpi : 640 , targetIconDpi : 480
06-23 13:02:02.900  7333  7490 W LiveIconLoader: System font not found, reverting to Roboto.
06-23 13:02:02.901  6583  6684 D NetworkController: SignalStrength from intent slotId=0
06-23 13:02:02.901  6583  6684 D MobileSignalController(0/2147483647): new mSignalStrength level=4 signal strength=SignalStrength:{mCdma=Invalid,mGsm=Invalid,mWcdma=Invalid,mTdscdma=Invalid,mLte=CellSignalStrengthLte: rssi=-69 rsrp=-100 rsrq=-12 rssnr=3 cqiTableIndex=2147483647 cqi=2147483647 ta=2147483647 level=3 parametersUseForLevel=0,mNr=Invalid,SignalBarInfo{ lteLevel=4 },rat=14,primary=CellSignalStrengthLte}
06-23 13:02:02.902  7333  7490 I LiveIconLoader: [Calendar] getLiveIcon - Date: 23
06-23 13:02:02.902  6583  6684 D MobileSignalController(0/2147483647): notifyListener: enabled=true, connected=false, dataConnected=false, networkType=UNKNOWN (Unknown), emergencyOnly=true, roaming=false, isDefault=false, dataActivity=, level=4, ca=false, mmWave=false, disabledDataIcon=false, simCard=NO_SIM
06-23 13:02:02.902  6583  6583 D CarrierLogoVisibilityManager: Default data subscription is changed to slot-1 CARRIER_LOGO_ON_HOME_SCREEN=true
06-23 13:02:02.902  6583  6583 D CarrierLogoVisibilityManager: Update defaultSubscriptionSlotId=-1
06-23 13:02:02.902  7333  7490 I AppIconSolution: load= live icon for com.samsung.android.calendar, from overlay = false
06-23 13:02:02.902  7333  7490 I LauncherActivityInfo: packageName: com.samsung.android.calendar, useThemeIcon: false, height: 288, width: 288, density: 640
06-23 13:02:02.903  7333 13488 I RecentModel: onTaskStackChangedBackground
06-23 13:02:02.903  8329  8809 I SemDvfsHyPerManager: acquire hyper - BaseTABoost/8329@16, type = 1090523139
06-23 13:02:02.904  1019  1055 I HYPER-HAL: [RequestManager.cpp]acquire(): Acquired ID : 34823701  [8329 / 16]    HINT :      list : [TABoost / 1] 
06-23 13:02:02.908  7333  7333 I Launcher.AppsViewCellLayout: com.android.homescreen.apptray.AppsViewCellLayout{6531f0c V.ED..... .......D 1081,78-2085,2153}[a=1.0,v=0,sId=1] setAlpha : 1.0
06-23 13:02:02.908  7333  7333 I ScrimView: setCurrentFlatColor mProgress = 0.75790554, mCurrentFlatColor = 3e000000
06-23 13:02:02.909  7333 28354 I ViewRootImpl@d29368c[LauncherActivity]: mWNT: t=0xb400007d18398330 mBlastBufferQueue=0xb400007d582dad30 fn= 5 caller= com.android.systemui.shared.launcher.ViewRootImplCompat.mergeWithNextTransaction:2 com.android.quickstep.util.SurfaceTransactionApplier.lambda$scheduleApply$0:2 com.android.quickstep.util.SurfaceTransactionApplier.b:0 
06-23 13:02:02.925  7333  7333 I Launcher.AppsViewCellLayout: com.android.homescreen.apptray.AppsViewCellLayout{6531f0c V.ED..... .......D 1081,78-2085,2153}[a=1.0,v=0,sId=1] setAlpha : 1.0
06-23 13:02:02.926  7333  7333 I ScrimView: setCurrentFlatColor mProgress = 0.7625872, mCurrentFlatColor = 3d000000
06-23 13:02:02.928  7333 28353 I ViewRootImpl@d29368c[LauncherActivity]: mWNT: t=0xb400007d1836e270 mBlastBufferQueue=0xb400007d582dad30 fn= 6 caller= com.android.systemui.shared.launcher.ViewRootImplCompat.mergeWithNextTransaction:2 com.android.quickstep.util.SurfaceTransactionApplier.lambda$scheduleApply$0:2 com.android.quickstep.util.SurfaceTransactionApplier.b:0 
06-23 13:02:02.933  1271  1271 I GestureDetector: handleMessage TAP
06-23 13:02:02.934  1271  1568 I GestureDetector: handleMessage TAP
06-23 13:02:02.942  7333  7333 I Launcher.AppsViewCellLayout: com.android.homescreen.apptray.AppsViewCellLayout{6531f0c V.ED..... .......D 1081,78-2085,2153}[a=1.0,v=0,sId=1] setAlpha : 1.0
06-23 13:02:02.942  7333  7333 I ScrimView: setCurrentFlatColor mProgress = 0.76807845, mCurrentFlatColor = 3b000000
06-23 13:02:02.943  7333 28354 I ViewRootImpl@d29368c[LauncherActivity]: mWNT: t=0xb400007d18321170 mBlastBufferQueue=0xb400007d582dad30 fn= 7 caller= com.android.systemui.shared.launcher.ViewRootImplCompat.mergeWithNextTransaction:2 com.android.quickstep.util.SurfaceTransactionApplier.lambda$scheduleApply$0:2 com.android.quickstep.util.SurfaceTransactionApplier.b:0 
06-23 13:02:02.951  1271  6926 D MdnieScenarioControlService:  packageName : com.sec.android.app.launcher    className : com.android.launcher3.uioverrides.QuickstepLauncher
06-23 13:02:02.952  1271  6926 V MdnieScenarioControlService: setUIMode from UI function(3)
06-23 13:02:02.958  7333  7333 I Launcher.AppsViewCellLayout: com.android.homescreen.apptray.AppsViewCellLayout{6531f0c V.ED..... .......D 1081,78-2085,2153}[a=1.0,v=0,sId=1] setAlpha : 1.0
06-23 13:02:02.959  7333  7333 I ScrimView: setCurrentFlatColor mProgress = 0.7748576, mCurrentFlatColor = 39000000
06-23 13:02:02.960  7333 28353 I ViewRootImpl@d29368c[LauncherActivity]: mWNT: t=0xb400007d183abd10 mBlastBufferQueue=0xb400007d582dad30 fn= 8 caller= com.android.systemui.shared.launcher.ViewRootImplCompat.mergeWithNextTransaction:2 com.android.quickstep.util.SurfaceTransactionApplier.lambda$scheduleApply$0:2 com.android.quickstep.util.SurfaceTransactionApplier.b:0 
06-23 13:02:02.975  7333  7333 I Launcher.AppsViewCellLayout: com.android.homescreen.apptray.AppsViewCellLayout{6531f0c V.ED..... .......D 1081,78-2085,2153}[a=1.0,v=0,sId=1] setAlpha : 1.0
06-23 13:02:02.975  7333  7333 I AppsSearchBar: mCurrentCellLayouts onAnimationEnd
06-23 13:02:02.975  7333  7333 I Launcher.AppsViewCellLayout: com.android.homescreen.apptray.AppsViewCellLayout{6531f0c V.ED..... .......D 1081,78-2085,2153}[a=1.0,v=0,sId=1] setAlpha : 1.0
06-23 13:02:02.975  7333  7333 I ScrimView: setCurrentFlatColor mProgress = 0.7826661, mCurrentFlatColor = 37000000
06-23 13:02:02.976  7333 28354 I ViewRootImpl@d29368c[LauncherActivity]: mWNT: t=0xb400007d183bcf90 mBlastBufferQueue=0xb400007d582dad30 fn= 9 caller= com.android.systemui.shared.launcher.ViewRootImplCompat.mergeWithNextTransaction:2 com.android.quickstep.util.SurfaceTransactionApplier.lambda$scheduleApply$0:2 com.android.quickstep.util.SurfaceTransactionApplier.b:0 
06-23 13:02:02.992  7333  7333 I ScrimView: setCurrentFlatColor mProgress = 0.7927008, mCurrentFlatColor = 35000000
06-23 13:02:02.993  7333 28353 I ViewRootImpl@d29368c[LauncherActivity]: mWNT: t=0xb400007d183ba170 mBlastBufferQueue=0xb400007d582dad30 fn= 10 caller= com.android.systemui.shared.launcher.ViewRootImplCompat.mergeWithNextTransaction:2 com.android.quickstep.util.SurfaceTransactionApplier.lambda$scheduleApply$0:2 com.android.quickstep.util.SurfaceTransactionApplier.b:0 
06-23 13:02:03.009  7333  7333 I ScrimView: setCurrentFlatColor mProgress = 0.8029225, mCurrentFlatColor = 32000000
06-23 13:02:03.010  7333 28354 I ViewRootImpl@d29368c[LauncherActivity]: mWNT: t=0xb400007d183708b0 mBlastBufferQueue=0xb400007d582dad30 fn= 11 caller= com.android.systemui.shared.launcher.ViewRootImplCompat.mergeWithNextTransaction:2 com.android.quickstep.util.SurfaceTransactionApplier.lambda$scheduleApply$0:2 com.android.quickstep.util.SurfaceTransactionApplier.b:0 
06-23 13:02:03.024  1396  6535 I bauth_FPBAuthService: pcf : 0x1012, 0 ,3 ,0 ,0 ,0 ,0, 7.0.0.0
06-23 13:02:03.024  1396  6535 I bauth_FPBAuthService: thread id : 3, preenroll_flag : 0, nd cnt : 0, cso : 0, et : 0
06-23 13:02:03.024  1396  6535 I bauth_FPBAuthService: FPBAuthService, 11511
06-23 13:02:03.025  7333  7333 I ScrimView: setCurrentFlatColor mProgress = 0.8154375, mCurrentFlatColor = 2f000000
06-23 13:02:03.027  7333 28353 I ViewRootImpl@d29368c[LauncherActivity]: mWNT: t=0xb400007d1830f950 mBlastBufferQueue=0xb400007d582dad30 fn= 12 caller= com.android.systemui.shared.launcher.ViewRootImplCompat.mergeWithNextTransaction:2 com.android.quickstep.util.SurfaceTransactionApplier.lambda$scheduleApply$0:2 com.android.quickstep.util.SurfaceTransactionApplier.b:0 
06-23 13:02:03.042  7333  7333 I ScrimView: setCurrentFlatColor mProgress = 0.82980585, mCurrentFlatColor = 2b000000
06-23 13:02:03.043  7333 28354 I ViewRootImpl@d29368c[LauncherActivity]: mWNT: t=0xb400007d182f9a50 mBlastBufferQueue=0xb400007d582dad30 fn= 13 caller= com.android.systemui.shared.launcher.ViewRootImplCompat.mergeWithNextTransaction:2 com.android.quickstep.util.SurfaceTransactionApplier.lambda$scheduleApply$0:2 com.android.quickstep.util.SurfaceTransactionApplier.b:0 
06-23 13:02:03.052  1271  6926 V MdnieScenarioControlService: mAclOffEnabled : false mAclPreviewState : false mAclCompensationState : false
06-23 13:02:03.059  7333  7333 I ScrimView: setCurrentFlatColor mProgress = 0.84461313, mCurrentFlatColor = 28000000
06-23 13:02:03.060  7333 28353 I ViewRootImpl@d29368c[LauncherActivity]: mWNT: t=0xb400007d183642b0 mBlastBufferQueue=0xb400007d582dad30 fn= 14 caller= com.android.systemui.shared.launcher.ViewRootImplCompat.mergeWithNextTransaction:2 com.android.quickstep.util.SurfaceTransactionApplier.lambda$scheduleApply$0:2 com.android.quickstep.util.SurfaceTransactionApplier.b:0 
06-23 13:02:03.075  7333  7333 I ScrimView: setCurrentFlatColor mProgress = 0.8619272, mCurrentFlatColor = 23000000
06-23 13:02:03.076  7333 28354 I ViewRootImpl@d29368c[LauncherActivity]: mWNT: t=0xb400007d183a1c30 mBlastBufferQueue=0xb400007d582dad30 fn= 15 caller= com.android.systemui.shared.launcher.ViewRootImplCompat.mergeWithNextTransaction:2 com.android.quickstep.util.SurfaceTransactionApplier.lambda$scheduleApply$0:2 com.android.quickstep.util.SurfaceTransactionApplier.b:0 
06-23 13:02:03.092  7333  7333 I ScrimView: setCurrentFlatColor mProgress = 0.8798142, mCurrentFlatColor = 1f000000
06-23 13:02:03.093  7333 28353 I ViewRootImpl@d29368c[LauncherActivity]: mWNT: t=0xb400007d1835fbd0 mBlastBufferQueue=0xb400007d582dad30 fn= 16 caller= com.android.systemui.shared.launcher.ViewRootImplCompat.mergeWithNextTransaction:2 com.android.quickstep.util.SurfaceTransactionApplier.lambda$scheduleApply$0:2 com.android.quickstep.util.SurfaceTransactionApplier.b:0 
06-23 13:02:03.108  7333  7333 I ScrimView: setCurrentFlatColor mProgress = 0.9004195, mCurrentFlatColor = 19000000
06-23 13:02:03.109  7333 28354 I ViewRootImpl@d29368c[LauncherActivity]: mWNT: t=0xb400007d183b4bf0 mBlastBufferQueue=0xb400007d582dad30 fn= 17 caller= com.android.systemui.shared.launcher.ViewRootImplCompat.mergeWithNextTransaction:2 com.android.quickstep.util.SurfaceTransactionApplier.lambda$scheduleApply$0:2 com.android.quickstep.util.SurfaceTransactionApplier.b:0 
06-23 13:02:03.113  1128  1128 D SurfaceFlinger: Display 4630947232161729153 HWC layers:
06-23 13:02:03.113  1128  1128 D SurfaceFlinger:      CLIENT | 0xb4000076250ba000 | 0100 | RGBx_8888    |    5.0  662.0 2395.0 1738.0 |    0    0 1080 2400 | Wallpaper BBQ wrapper#87
06-23 13:02:03.113  1128  1128 D SurfaceFlinger:      DEVICE | 0xb4000076250aeed0 | 0100 | RGBA_8888    |    0.0    0.0 1080.0 2400.0 |    0    0 1080 2400 | com.sec.android.app.launcher/com.sec[...]ivities.LauncherActivity$_7333#40883
06-23 13:02:03.113  1128  1128 D SurfaceFlinger:      DEVICE | 0xb40000762509ca50 | 0100 | RGBA_8888    |    0.0    0.0 1080.0   78.0 |    0    0 1080   78 | StatusBar$_6583#83
06-23 13:02:03.113  1128  1128 D SurfaceFlinger:      DEVICE | 0xb4000076250b98b0 | 0100 | RGBA_8888    |    0.0    0.0   67.0  342.0 | 1013  458 1080  800 | com.samsung.android.app.cocktailbars[...]rvice.CocktailBarService$_8502#40816
06-23 13:02:03.113  1128  1128 D SurfaceFlinger:      DEVICE | 0xb40000762509c5d0 | 0100 | RGBA_8888    |    0.0    0.0 1080.0  144.0 |    0 2256 1080 2400 | NavigationBar0$_6583#81
06-23 13:02:03.113  1128  1128 D SurfaceFlinger: 
06-23 13:02:03.125  7333  7333 I ScrimView: setCurrentFlatColor mProgress = 0.92221135, mCurrentFlatColor = 14000000
06-23 13:02:03.126  7333 28353 I ViewRootImpl@d29368c[LauncherActivity]: mWNT: t=0xb400007d183c96b0 mBlastBufferQueue=0xb400007d582dad30 fn= 18 caller= com.android.systemui.shared.launcher.ViewRootImplCompat.mergeWithNextTransaction:2 com.android.quickstep.util.SurfaceTransactionApplier.lambda$scheduleApply$0:2 com.android.quickstep.util.SurfaceTransactionApplier.b:0 
06-23 13:02:03.141  7333  7333 I ScrimView: setCurrentFlatColor mProgress = 0.94334525, mCurrentFlatColor = e000000
06-23 13:02:03.142  7333 28354 I ViewRootImpl@d29368c[LauncherActivity]: mWNT: t=0xb400007d1838fe70 mBlastBufferQueue=0xb400007d582dad30 fn= 19 caller= com.android.systemui.shared.launcher.ViewRootImplCompat.mergeWithNextTransaction:2 com.android.quickstep.util.SurfaceTransactionApplier.lambda$scheduleApply$0:2 com.android.quickstep.util.SurfaceTransactionApplier.b:0 
06-23 13:02:03.158  7333  7333 I ScrimView: setCurrentFlatColor mProgress = 0.9653417, mCurrentFlatColor = 9000000
06-23 13:02:03.159  7333 28353 I ViewRootImpl@d29368c[LauncherActivity]: mWNT: t=0xb400007d183bba30 mBlastBufferQueue=0xb400007d582dad30 fn= 20 caller= com.android.systemui.shared.launcher.ViewRootImplCompat.mergeWithNextTransaction:2 com.android.quickstep.util.SurfaceTransactionApplier.lambda$scheduleApply$0:2 com.android.quickstep.util.SurfaceTransactionApplier.b:0 
06-23 13:02:03.175  7333  7333 I ScrimView: setCurrentFlatColor mProgress = 0.9841318, mCurrentFlatColor = 4000000
06-23 13:02:03.175  7333 28354 I ViewRootImpl@d29368c[LauncherActivity]: mWNT: t=0xb400007d18362c30 mBlastBufferQueue=0xb400007d582dad30 fn= 21 caller= com.android.systemui.shared.launcher.ViewRootImplCompat.mergeWithNextTransaction:2 com.android.quickstep.util.SurfaceTransactionApplier.lambda$scheduleApply$0:2 com.android.quickstep.util.SurfaceTransactionApplier.b:0 
06-23 13:02:03.191  7333  7333 W AppTransitionAnimatorImpl: onAnimationEnd - APP OUT, Execution time for each frame : Start-(1)-0-(0)-0-(0)-0-(14)-0-(16)-0-(17)-0-(16)-0-(17)-0-(17)-0-(16)-1-(16)-0-(16)-1-(16)-0-(17)-0-(16)-1-(16)-1-(16)-0-(16)-1-(16)-0-(17)-0-(16)-0-(17)-0-(16)-1-(16)-0-End
06-23 13:02:03.191  7333  7333 I ScrimView: setCurrentFlatColor mProgress = 1.0, mCurrentFlatColor = 0
06-23 13:02:03.191  7333  7333 I AppTransitionAnimatorImpl: resetContentView
06-23 13:02:03.191  7333  7333 I AnimationResult: AnimationResult finish : onAnimationEnd
06-23 13:02:03.192  7333  7333 I AnimationResult: finish : false, null
06-23 13:02:03.192  7333  7488 I AnimationResult: finish callback : null
06-23 13:02:03.192  1271  7361 D WindowManager: app-onAnimationFinished(): mOuter=RemoteAnimationController@b250471
06-23 13:02:03.192  1271  7361 D WindowManager: onAnimationFinished(RemoteAnimationController@b250471): mPendingAnimations=2, caller=
06-23 13:02:03.192  1271  7361 D WindowManager: app-release(): mOuter=RemoteAnimationController@b250471
06-23 13:02:03.192  1271  7361 D WindowManager: onAnimationFinished(): Notify animation finished:
06-23 13:02:03.192  1271  7361 I WindowManager: Reparenting to original parent: Surface(name=DefaultTaskDisplayArea)/@0x52ce758, destroy=true, surface=Surface(name=Task=1)/@0x1b4e185
06-23 13:02:03.192  7333 28353 I ViewRootImpl@d29368c[LauncherActivity]: mWNT: t=0xb400007d18398b10 mBlastBufferQueue=0xb400007d582dad30 fn= 22 caller= com.android.systemui.shared.launcher.ViewRootImplCompat.mergeWithNextTransaction:2 com.android.quickstep.util.SurfaceTransactionApplier.lambda$scheduleApply$0:2 com.android.quickstep.util.SurfaceTransactionApplier.b:0 
06-23 13:02:03.193  1271  7361 D WindowManager: 	container=Task{ebde7c1 #1 type=home ?? U=0 visible=true visibleRequested=true mode=fullscreen translucent=false sz=1}
06-23 13:02:03.193  1271  7361 I WindowManager: Reparenting to original parent: Surface(name=DefaultTaskDisplayArea)/@0x52ce758, destroy=true, surface=Surface(name=Task=451)/@0x76a2aa8
06-23 13:02:03.193  7333  7333 W Launcher: onEnterAnimationComplete
06-23 13:02:03.193  1271  7361 V WindowManager: Setting visibility of Window{9b8e4b4 u0 com.android.settings/com.android.settings.SubSettings}: false, caller=com.android.server.wm.WindowContainer.sendAppVisibilityToClients:1246 com.android.server.wm.WindowToken.setClientVisible:431 com.android.server.wm.ActivityRecord.setClientVisible:7691 com.android.server.wm.ActivityRecord.onAnimationFinished:8590 com.android.server.wm.WindowContainer.doAnimationFinished:3483 
06-23 13:02:03.194  1271  7361 D WindowManager: 	container=Task{89272da #451 type=standard A=1000:com.android.settings.root U=0 visible=false visibleRequested=false mode=fullscreen translucent=true sz=2}
06-23 13:02:03.194  1271  7361 I WindowManager: Reparenting to original parent: Surface(name=Leaf:0:1)/@0x1031e08, destroy=true, surface=Surface(name=WallpaperWindowToken{4111af9 token=android.os.Binder@6eaddc0})/@0x30bd7ab
06-23 13:02:03.194  1271  7361 D WindowManager: 	wallpaper=WallpaperWindowToken{4111af9 token=android.os.Binder@6eaddc0}
06-23 13:02:03.194  4061  4061 I ViewRootImpl@d859c53[SubSettings]: handleAppVisibility mAppVisible = true visible = false
06-23 13:02:03.195  1271  7361 I WindowManager: Finishing remote animation
06-23 13:02:03.207  1128  1128 I Layer   : id=40887 removedFromDrawingState Surface(name=Task=1)/@0x1b4e185 - animation-leash of app_transition#40887 (160)
06-23 13:02:03.207  1128  1128 I Layer   : id=40886 removedFromDrawingState Surface(name=Task=451)/@0x76a2aa8 - animation-leash of app_transition#40886 (160)
06-23 13:02:03.207  1128  1128 I Layer   : id=40888 removedFromDrawingState Surface(name=WallpaperWindowToken{4111af9 token=android.os.Binder@6eaddc0})/@0x30bd7ab - animation-leash of window_animation#40888 (160)
06-23 13:02:03.207  1128  1128 I Layer   : Layer [com.android.settings/com.android.settings.SubSettings$_4061#40819] hidden!! flag(1)
06-23 13:02:03.211  4061  4093 D OpenGLRenderer: setSurface called with nullptr
06-23 13:02:03.211  4061  4093 D OpenGLRenderer: setSurface() destroyed EGLSurface
06-23 13:02:03.213  4061  4093 D OpenGLRenderer: destroyEglSurface
06-23 13:02:03.214  4061  4061 I ViewRootImpl@d859c53[SubSettings]: performTraversals mFirst=false windowShouldResize=false viewVisibilityChanged=true mForceNextWindowRelayout=false params=null
06-23 13:02:03.215  1271  7361 V WindowManager: Relayout Window{9b8e4b4 u0 com.android.settings/com.android.settings.SubSettings}: viewVisibility=8 req=1080x2400 d0
06-23 13:02:03.217  1271  7361 V WindowManager: Relayout hash=9b8e4b4, pid=4061, syncId=-1: mAttrs={(0,0)(fillxfill) sim={adjust=resize forwardNavigation} layoutInDisplayCutoutMode=shortEdges ty=BASE_APPLICATION wanim=0x10302f4
06-23 13:02:03.217  1271  7361 V WindowManager:   fl=81810100
06-23 13:02:03.217  1271  7361 V WindowManager:   pfl=120a0040
06-23 13:02:03.217  1271  7361 V WindowManager:   bhv=DEFAULT
06-23 13:02:03.217  1271  7361 V WindowManager:   fitSides= naviIconColor=0
06-23 13:02:03.217  1271  7361 V WindowManager:   sfl=1}
06-23 13:02:03.219  4061  4061 I ViewRootImpl@d859c53[SubSettings]: Relayout returned: old=(0,0,1080,2400) new=(0,0,1080,2400) req=(1080,2400)8 dur=4 res=0x2 s={false 0x0} ch=true seqId=0
06-23 13:02:03.220  1271  6584 I Pageboost: Launcher Page Up
06-23 13:02:03.221  4061  4061 I DecorView: notifyKeepScreenOnChanged: keepScreenOn=false
06-23 13:02:03.222  4061  4061 I ViewRootImpl@d859c53[SubSettings]: stopped(true) old = false
06-23 13:02:03.222  4061  4061 I ViewRootImpl@d859c53[SubSettings]: WindowStopped on com.android.settings/com.android.settings.SubSettings set to true
06-23 13:02:03.226  4061  4061 I MSHandlerLifeCycle: removeMultiSplitHandler: no exist. decor=DecorView@604e5b8[SubSettings]
06-23 13:02:03.228  4061  4061 I ViewRootImpl@d859c53[SubSettings]: performTraversals params={(0,0)(fillxfill) sim={adjust=pan} layoutInDisplayCutoutMode=shortEdges ty=BASE_APPLICATION wanim=0x10302f4
06-23 13:02:03.228  4061  4061 I ViewRootImpl@d859c53[SubSettings]:   fl=81810100
06-23 13:02:03.228  4061  4061 I ViewRootImpl@d859c53[SubSettings]:   pfl=12020040
06-23 13:02:03.228  4061  4061 I ViewRootImpl@d859c53[SubSettings]:   bhv=DEFAULT
06-23 13:02:03.228  4061  4061 I ViewRootImpl@d859c53[SubSettings]:   fitSides= naviIconColor=0
06-23 13:02:03.228  4061  4061 I ViewRootImpl@d859c53[SubSettings]:   sfl=1}
06-23 13:02:03.229  4061  4061 I ViewRootImpl@d859c53[SubSettings]: performTraversals mFirst=false windowShouldResize=false viewVisibilityChanged=false mForceNextWindowRelayout=false params={(0,0)(fillxfill) sim={adjust=pan} layoutInDisplayCutoutMode=shortEdges ty=BASE_APPLICATION wanim=0x10302f4
06-23 13:02:03.229  4061  4061 I ViewRootImpl@d859c53[SubSettings]:   fl=81810100
06-23 13:02:03.229  4061  4061 I ViewRootImpl@d859c53[SubSettings]:   pfl=12020040
06-23 13:02:03.229  4061  4061 I ViewRootImpl@d859c53[SubSettings]:   bhv=DEFAULT
06-23 13:02:03.229  4061  4061 I ViewRootImpl@d859c53[SubSettings]:   fitSides= naviIconColor=0
06-23 13:02:03.229  4061  4061 I ViewRootImpl@d859c53[SubSettings]:   sfl=1}
06-23 13:02:03.230  1271  7361 V WindowManager: Relayout Window{9b8e4b4 u0 com.android.settings/com.android.settings.SubSettings}: viewVisibility=8 req=1080x2400 d0
06-23 13:02:03.231  1271  7361 V WindowManager: Relayout hash=9b8e4b4, pid=4061, syncId=-1: mAttrs={(0,0)(fillxfill) sim={adjust=pan} layoutInDisplayCutoutMode=shortEdges ty=BASE_APPLICATION wanim=0x10302f4
06-23 13:02:03.231  1271  7361 V WindowManager:   fl=81810100
06-23 13:02:03.231  1271  7361 V WindowManager:   pfl=12020040
06-23 13:02:03.231  1271  7361 V WindowManager:   bhv=DEFAULT
06-23 13:02:03.231  1271  7361 V WindowManager:   fitSides= naviIconColor=0
06-23 13:02:03.231  1271  7361 V WindowManager:   sfl=1}
06-23 13:02:03.233  4061  4061 I ViewRootImpl@d859c53[SubSettings]: Relayout returned: old=(0,0,1080,2400) new=(0,0,1080,2400) req=(1080,2400)8 dur=3 res=0x2 s={false 0x0} ch=false seqId=0
06-23 13:02:03.234  1271  7361 E WindowManager: win=Window{9b8e4b4 u0 com.android.settings/com.android.settings.SubSettings} destroySurfaces: appStopped=true cleanupOnResume=false win.mWindowRemovalAllowed=false win.mRemoveOnExit=false win.mViewVisibility=8 caller=com.android.server.wm.ActivityRecord.destroySurfaces:6539 com.android.server.wm.ActivityRecord.destroySurfaces:6520 com.android.server.wm.ActivityRecord.notifyAppStopped:6584 com.android.server.wm.ActivityRecord.activityStopped:7172 com.android.server.wm.ActivityClientController.activityStopped:269 android.app.IActivityClientController$Stub.onTransact:613 com.android.server.wm.ActivityClientController.onTransact:147 
06-23 13:02:03.234  1271  7361 I WindowManager: Destroying surface Surface(name=com.android.settings/com.android.settings.SubSettings$_4061)/@0x3ed7feb called by com.android.server.wm.WindowStateAnimator.destroySurface:942 com.android.server.wm.WindowStateAnimator.destroySurfaceLocked:536 com.android.server.wm.WindowState.destroySurfaceUnchecked:4309 com.android.server.wm.WindowState.destroySurface:4283 com.android.server.wm.ActivityRecord.destroySurfaces:6539 com.android.server.wm.ActivityRecord.destroySurfaces:6520 com.android.server.wm.ActivityRecord.notifyAppStopped:6584 com.android.server.wm.ActivityRecord.activityStopped:7172 
06-23 13:02:03.234  1271  7361 D ActivityTaskManager: mStartingWindow and mStartingData is null for token=ActivityRecord{8ede989 u0 com.android.settings/.SubSettings} t451}
06-23 13:02:03.235  1271  1568 D Native_CFMS: CFMS Delete Task Tid(28353)
06-23 13:02:03.236  1271  1568 D Native_CFMS: CFMS Delete Task Tid(28354)
06-23 13:02:03.236  1271  1568 D Native_CFMS: CFMS Delete Task Tid(7333)
06-23 13:02:03.236  1271  1568 D Native_CFMS: CFMS Delete Task Tid(28219)
06-23 13:02:03.236  1271  1568 D Native_CFMS: CFMS Delete Task Tid(4108)
06-23 13:02:03.236  1271  1568 D Native_CFMS: CFMS Delete Task Tid(4061)
06-23 13:02:03.236  1271  1568 D Native_CFMS: CFMS Delete Task Tid(4093)
06-23 13:02:03.236  1271  1568 D Native_CFMS: CFMS Delete Task Tid(4109)
06-23 13:02:03.236  1271  1568 D Native_CFMS: CFMS Add Task Tid(7333)
06-23 13:02:03.236  1271  1568 D Native_CFMS: CFMS Add Task Tid(28219)
06-23 13:02:03.236  1271  1568 D Native_CFMS: CFMS Add Task Tid(28354)
06-23 13:02:03.236  1271  1568 D Native_CFMS: CFMS Add Task Tid(28353)
06-23 13:02:03.241  1128  1128 I Layer   : id=40819 removedFromDrawingState com.android.settings/com.android.settings.SubSettings$_4061#40819 (160)
06-23 13:02:03.241  1128  1128 I SurfaceFlinger: id=40819 Removed com.android.settings/com.android.settings.SubSettings$_4061#40819 (160)
06-23 13:02:03.241  1128  1128 I Layer   : id=40819 Destroyed com.android.settings/com.android.settings.SubSettings$_4061#40819
06-23 13:02:03.312  1016 19315 I sensors-hal: handle_sns_client_event:252, auto_rotation_debug_2 mode,255, type,1,0 acc,0.306,8.164,5.411, ar,0, ver,10
06-23 13:02:03.367  1271  6926 D MdnieScenarioControlService:  packageName : com.sec.android.app.launcher    className : com.android.launcher3.uioverrides.QuickstepLauncher
06-23 13:02:03.368  1271  6926 V MdnieScenarioControlService: setUIMode from UI function(3)
06-23 13:02:03.383  1271 19608 D TspStateManager: wrote command: cmd=1,60,10,32,960, type=1
06-23 13:02:03.384  1068  1068 I sysinput:Touch: writeInformation:249, OK
06-23 13:02:03.385  1271  2083 D SysinputHAL_V1_3(V1_2): runTspCmdNoRead(1): set_grip_data,1,60,10,32,960(0)
06-23 13:02:03.468  1271  6926 V MdnieScenarioControlService: mAclOffEnabled : false mAclPreviewState : false mAclCompensationState : false
06-23 13:02:03.552  1016 19318 I sensors-hal: handle_sns_std_sensor_event:268, [SSC_LIGHT] P: 645(645),m:1,c:10,b:118,ch:0,r:0,bl:0,16:723
06-23 13:02:03.599  1019 19599 I HYPER-HAL: [ResourceManager.cpp]removeResource(): [CPUMinFreq] RemoveResource Request ID : 845679
06-23 13:02:03.599  1019 19599 I HYPER-HAL: [RequestManager.cpp]releaseLocked(): Released ID : 845679
06-23 13:02:03.610   711   711 D io_stats: !@   8,0 r 1944605 56371992 w 2494032 75260384 d 883969 48477968 f 0 0 iot 1341400 0 th 0 0 0 pt 0 inp 0 0 82371.322
06-23 13:02:03.821  1271 12587 D SGM:GameManager: identifyGamePackage. com.sec.android.app.launcher, mCurrentUserId: 0, callerUserId: 0, callingMethodInfo: com.android.server.ssrm.SortingMachine.isGame(SortingMachine.java:162)
06-23 13:02:03.821  1271 12587 D SGM:PkgDataHelper: getGamePkgData(). com.sec.android.app.launcher
06-23 13:02:03.908  7333  7491 I QuickstepModelDelegate: Widget predictions updated
06-23 13:02:04.026  1396  6535 I bauth_FPBAuthService: pcf : 0x1012, 0 ,3 ,0 ,0 ,0 ,0, 7.0.0.0
06-23 13:02:04.026  1396  6535 I bauth_FPBAuthService: thread id : 3, preenroll_flag : 0, nd cnt : 0, cso : 0, et : 0
06-23 13:02:04.026  1396  6535 I bauth_FPBAuthService: FPBAuthService, 11511
06-23 13:02:04.243  1019 19598 I HYPER-HAL: [RequestManager.cpp]releaseLocked(): Released ID : 34832048
06-23 13:02:04.299  1019 19600 I HYPER-HAL: [ResourceManager.cpp]removeResource(): [CPUMaxFreq] RemoveResource Request ID : 34798666
06-23 13:02:04.300  1019 19600 I HYPER-HAL: [RequestManager.cpp]releaseLocked(): Released ID : 34798666
06-23 13:02:04.821  1271  6491 I ChimeraAggressivePolicyHandler: executePolicy() - triggerSource: TRIGGER_SOURCE_HOME_IDLE
06-23 13:02:04.824  1271  6491 I ChimeraAggressivePolicyHandler: available memory: 3917292, free memory target: 2515968, quit chimera
06-23 13:02:04.846  1019 19605 I HYPER-HAL: [RequestManager.cpp]releaseLocked(): Released ID : 2266256
06-23 13:02:05.028  1396  6535 I bauth_FPBAuthService: pcf : 0x1012, 0 ,3 ,0 ,0 ,0 ,0, 7.0.0.0
06-23 13:02:05.028  1396  6535 I bauth_FPBAuthService: thread id : 3, preenroll_flag : 0, nd cnt : 0, cso : 0, et : 0
06-23 13:02:05.028  1396  6535 I bauth_FPBAuthService: FPBAuthService, 11511
06-23 13:02:05.569  1012  1012 I android.hardware.health@2.1-service-samsung: updateLrpSysfs: write: 349
06-23 13:02:05.570  1271  1633 D BatteryService: Sending ACTION_BATTERY_CHANGED: level:43, status:2, health:2, ac:false, usb:true, wireless:false, pogo:false, misc:0x20000, charge_type:1, charger_type:0, voltage:4020, temperature:343, online:19, current_avg:1232, ps:false, hvc:false, capacity:280000, current_event:0x8000, current_now:1263, mcc:0, mcv:0, cc:1557270, present:true, scale:100, technology:Li-ion
06-23 13:02:05.572  1271  2058 D MotionRecognitionService: [SAR]  onReceive : ACTION_BATTERY_CHANGED, Plugged: 2
06-23 13:02:05.572  1271  2058 I MotionRecognitionService: [TA] Before receiving the SAR request for Return : 65560
06-23 13:02:05.573  1271  1271 D PhoneWindowManagerExt: ACTION_BATTERY_CHANGED - Level=43, status=2
06-23 13:02:05.573  1271  6539 I DeviceBatteryInfoService: action: android.intent.action.BATTERY_CHANGED
06-23 13:02:05.573  1271  6539 I DeviceBatteryInfoService: phone battery level: 43
06-23 13:02:05.573  1271  6539 I DeviceBatteryInfoService: phone battery status: 2
06-23 13:02:05.574  1271  6539 D DeviceBatteryInfoService: setBatteryStatus : 2
06-23 13:02:05.574  1271  1271 D AdaptiveBrightnessLongtermModelBuilder: Received android.intent.action.BATTERY_CHANGED
06-23 13:02:05.574  1271  1271 D SemWifiApBroadcastReceiver: Received : android.intent.action.BATTERY_CHANGED
06-23 13:02:05.575  6583  6583 D SamsungBatteryMeterDrawable: onBatteryLevelChanged isSomethingChanged: true
